04-06 21:22:56.080 789-950/? D/PointerIcon: setHoveringSpenCustomIcon IconType is same.1
04-06 21:22:56.080 789-1416/? D/ActivityManager:  Launching com.ssugamejam.stepdimension, updated priority
04-06 21:22:56.080 365-451/? I/ThermalEngine: Sensor:tsens_tz_sensor8:70000 mC
04-06 21:22:56.080 365-451/? I/ThermalEngine: Sensor:tsens_tz_sensor6:76000 mC
04-06 21:22:56.080 365-451/? I/ThermalEngine: Sensor:tsens_tz_sensor5:73000 mC
04-06 21:22:56.090 789-869/? W/ResourcesManager: getTopLevelResources: /system/app/SamsungIME/SamsungIME.apk / 1.0 running in null rsrc of package null
04-06 21:22:56.130 789-4952/? W/DropBoxManagerService: Dropping: exp_det_cert_pin_failure (10 > 0 bytes)
04-06 21:22:56.130 9022-9022/com.ssugamejam.stepdimension W/ResourcesManager: getTopLevelResources: /data/app/com.ssugamejam.stepdimension-2/base.apk / 1.0 running in com.ssugamejam.stepdimension rsrc of package null
04-06 21:22:56.130 789-869/? W/ResourcesManager: getTopLevelResources: /data/app/com.google.android.googlequicksearchbox-1/base.apk / 1.0 running in null rsrc of package null
04-06 21:22:56.140 789-869/? W/ResourcesManager: getTopLevelResources: /data/app/com.google.android.googlequicksearchbox-1/base.apk / 1.0 running in null rsrc of package null
04-06 21:22:56.140 789-869/? W/ResourcesManager: getTopLevelResources: /system/app/SamsungIME/SamsungIME.apk / 1.0 running in null rsrc of package null
04-06 21:22:56.140 789-869/? W/ResourcesManager: getTopLevelResources: /system/app/Swype/Swype.apk / 1.0 running in null rsrc of package null
04-06 21:22:56.140 789-869/? W/ResourcesManager: getTopLevelResources: /data/app/com.google.android.googlequicksearchbox-1/base.apk / 1.0 running in null rsrc of package null
04-06 21:22:56.150 365-451/? I/ThermalEngine: Sensor:tsens_tz_sensor8:72000 mC
04-06 21:22:56.150 365-451/? I/ThermalEngine: Sensor:tsens_tz_sensor6:76000 mC
04-06 21:22:56.150 365-451/? I/ThermalEngine: Sensor:tsens_tz_sensor5:75000 mC
04-06 21:22:56.150 9022-9022/com.ssugamejam.stepdimension D/SFML: loadLibrary openal
04-06 21:22:56.150 9022-9022/com.ssugamejam.stepdimension W/linker: /data/app/com.ssugamejam.stepdimension-2/lib/arm/libopenal.so: unused DT entry: type 0xf arg 0x19ab
04-06 21:22:56.160 9022-9022/com.ssugamejam.stepdimension D/SFML: loadLibrary sfml-system
04-06 21:22:56.170 789-869/? W/ResourcesManager: getTopLevelResources: /system/app/SamsungIME/SamsungIME.apk / 1.0 running in null rsrc of package null
04-06 21:22:56.180 9022-9022/com.ssugamejam.stepdimension D/SFML: loadLibrary sfml-window
04-06 21:22:56.180 314-314/? I/SurfaceFlinger: id=17 createSurf (145x145),1 flag=4, ttepdimensi
04-06 21:22:56.190 9022-9022/com.ssugamejam.stepdimension D/SFML: loadLibrary sfml-audio
04-06 21:22:56.190 789-9033/? W/DropBoxManagerService: Dropping: data_app_native_crash (1727 > 0 bytes)
04-06 21:22:56.190 9022-9022/com.ssugamejam.stepdimension D/SFML: loadLibrary sfml-graphics
04-06 21:22:56.200 9022-9022/com.ssugamejam.stepdimension D/SFML: loadLibrary sfml-network
04-06 21:22:56.200 9022-9022/com.ssugamejam.stepdimension D/SFML: loadLibrary sfml-activity
04-06 21:22:56.200 9022-9022/com.ssugamejam.stepdimension D/SFML: loadLibrary native-lib
04-06 21:22:56.210 9022-9022/com.ssugamejam.stepdimension W/ResourcesManager: getTopLevelResources: /data/app/com.ssugamejam.stepdimension-2/base.apk / 1.0 running in com.ssugamejam.stepdimension rsrc of package null
04-06 21:22:56.210 365-451/? I/ThermalEngine: Sensor:tsens_tz_sensor8:73000 mC
04-06 21:22:56.210 365-451/? I/ThermalEngine: Sensor:tsens_tz_sensor6:76000 mC
04-06 21:22:56.210 365-451/? I/ThermalEngine: Sensor:tsens_tz_sensor5:74000 mC
04-06 21:22:56.220 9022-9022/com.ssugamejam.stepdimension W/ResourcesManager: getTopLevelResources: /data/app/com.ssugamejam.stepdimension-2/base.apk / 1.0 running in com.ssugamejam.stepdimension rsrc of package null
04-06 21:22:56.220 789-1360/? I/Adreno-EGL: <qeglDrvAPI_eglInitialize:379>: EGL 1.4 QUALCOMM build:  (Ia10634f51b)
    OpenGL ES Shader Compiler Version: E031.29.00.00
    Build Date: 01/28/16 Thu
    Local Branch: ss
    Remote Branch: 
    Local Patches: 
    Reconstruct Branch: 
04-06 21:22:56.220 789-1360/? D/libEGL: eglInitialize EGLDisplay = 0x933f27c4
04-06 21:22:56.220 9022-9022/com.ssugamejam.stepdimension D/SFML: loadLibrary openal
04-06 21:22:56.220 9022-9022/com.ssugamejam.stepdimension D/SFML: loadLibrary sfml-system
04-06 21:22:56.220 9022-9022/com.ssugamejam.stepdimension D/SFML: loadLibrary sfml-window
04-06 21:22:56.220 9022-9022/com.ssugamejam.stepdimension D/SFML: loadLibrary sfml-audio
04-06 21:22:56.220 789-1360/? I/OpenGLRenderer: Initialized EGL, version 1.4
04-06 21:22:56.220 9022-9022/com.ssugamejam.stepdimension D/SFML: loadLibrary sfml-graphics
04-06 21:22:56.230 9022-9022/com.ssugamejam.stepdimension D/SFML: loadLibrary sfml-network
04-06 21:22:56.230 9022-9022/com.ssugamejam.stepdimension D/SFML: loadLibrary sfml-activity
04-06 21:22:56.230 9022-9022/com.ssugamejam.stepdimension D/SFML: loadLibrary native-lib
04-06 21:22:56.230 9022-9022/com.ssugamejam.stepdimension D/SFML: Hello from C++
04-06 21:22:56.240 789-869/? W/ResourcesManager: getTopLevelResources: /data/app/com.google.android.marvin.talkback-2/base.apk / 1.0 running in null rsrc of package null
04-06 21:22:56.280 365-451/? I/ThermalEngine: Sensor:tsens_tz_sensor8:74000 mC
04-06 21:22:56.280 365-451/? I/ThermalEngine: Sensor:tsens_tz_sensor6:76000 mC
04-06 21:22:56.280 365-451/? I/ThermalEngine: Sensor:tsens_tz_sensor5:77000 mC
04-06 21:22:56.340 789-882/? D/StatusBarManagerService: manageDisableList userId=0 what=0x0 pkg=Window{2930cd7 u0 d0 Application Error: com.ssugamejam.stepdimension}
04-06 21:22:56.340 1376-1376/? D/PhoneStatusBar: setSystemUiVisibility vis=8000 mask=ffffffff oldVal=8600 newVal=8000 diff=600
04-06 21:22:56.340 365-451/? I/ThermalEngine: Sensor:tsens_tz_sensor8:74000 mC
04-06 21:22:56.340 365-451/? I/ThermalEngine: Sensor:tsens_tz_sensor6:77000 mC
04-06 21:22:56.340 365-451/? I/ThermalEngine: Sensor:tsens_tz_sensor5:77000 mC
04-06 21:22:56.350 789-882/? W/DisplayListCanvas: DisplayListCanvas is started on unbinded RenderNode (without mOwningView)
04-06 21:22:56.410 365-451/? I/ThermalEngine: Sensor:tsens_tz_sensor8:73000 mC
04-06 21:22:56.410 365-451/? I/ThermalEngine: Sensor:tsens_tz_sensor6:77000 mC
04-06 21:22:56.410 365-451/? I/ThermalEngine: Sensor:tsens_tz_sensor5:77000 mC
04-06 21:22:56.440 789-789/? D/EPDG -- [EPDGService]: onDataActivity: direction=3
04-06 21:22:56.440 1376-1376/? D/StatusBar.NetworkController: onDataActivity: direction=3
04-06 21:22:56.440 1376-1376/? D/StatusBar.NetworkController: updateDataIcon, mDataDirectionIconId = com.android.systemui:drawable/stat_sys_data_connected_4g_lte mDataConnected = true
04-06 21:22:56.450 1932-1932/? I/Wear_Controller: Wear requires a companion app to be installed.
04-06 21:22:56.450 1932-1932/? I/WearableService: onCreate: Wearable Services not starting. Wear is not available on this device.
04-06 21:22:56.450 9051-9051/? E/TZ_CCM_SERVER: Only 'CCM' are supported
04-06 21:22:56.450 9051-9051/? I/TZ_CCM_SERVER: ###Exit TZ CCM Server
04-06 21:22:56.470 789-4952/? I/System.out: Category Thread calls detatch()
04-06 21:22:56.470 365-451/? I/ThermalEngine: Sensor:tsens_tz_sensor8:74000 mC
04-06 21:22:56.470 365-451/? I/ThermalEngine: Sensor:tsens_tz_sensor6:77000 mC
04-06 21:22:56.470 365-451/? I/ThermalEngine: Sensor:tsens_tz_sensor5:78000 mC
04-06 21:22:56.480 789-869/? W/ResourcesManager: getTopLevelResources: /data/app/com.google.android.marvin.talkback-2/base.apk / 1.0 running in null rsrc of package null
04-06 21:22:56.480 789-5304/? V/BroadcastQueue: [background] Process cur broadcast BroadcastRecord{a8445a8 u0 com.google.android.gms.gcm.ACTION_SCHEDULE qIdx=4}, state= (APP_RECEIVE) DELIVERED for app ProcessRecord{f741a5b 1932:com.google.android.gms.persistent/u0a16}
04-06 21:22:56.500 789-869/? W/ResourcesManager: getTopLevelResources: /data/app/com.google.android.marvin.talkback-2/base.apk / 1.0 running in null rsrc of package null
04-06 21:22:56.500 789-869/? W/ResourcesManager: getTopLevelResources: /data/app/com.google.android.marvin.talkback-2/base.apk / 1.0 running in null rsrc of package null
04-06 21:22:56.500 789-869/? W/ResourcesManager: getTopLevelResources: /data/app/com.google.android.marvin.talkback-2/base.apk / 1.0 running in null rsrc of package null
04-06 21:22:56.500 789-869/? W/ResourcesManager: getTopLevelResources: /data/app/com.google.android.marvin.talkback-2/base.apk / 1.0 running in null rsrc of package null
04-06 21:22:56.500 789-869/? W/ResourcesManager: getTopLevelResources: /data/app/com.asurion.android.verizon.vms-1/base.apk / 1.0 running in null rsrc of package null
04-06 21:22:56.510 1932-6964/? W/WearableService: onGetService: Wear is not available on this device.
04-06 21:22:56.520 789-5304/? V/BroadcastQueue: [background] Process cur broadcast BroadcastRecord{cb8c7a7 u0 com.samsung.android.providers.context.log.action.USE_APP_FEATURE_SURVEY qIdx=4}, state= (APP_RECEIVE) DELIVERED for app ProcessRecord{340e50a 2264:com.samsung.android.providers.context/u0a97}
04-06 21:22:56.530 789-5304/? V/BroadcastQueue: [background] Process cur broadcast BroadcastRecord{9ac1454 u-1 android.telecom.action.PHONE_ACCOUNT_REGISTERED qIdx=4}, state= (APP_RECEIVE) DELIVERED for app ProcessRecord{4a5553c 6675:android.process.acore/u0a25}
04-06 21:22:56.540 365-451/? I/ThermalEngine: Sensor:tsens_tz_sensor8:74000 mC
04-06 21:22:56.540 365-451/? I/ThermalEngine: Sensor:tsens_tz_sensor6:77000 mC
04-06 21:22:56.540 365-451/? I/ThermalEngine: Sensor:tsens_tz_sensor5:78000 mC
04-06 21:22:56.550 1376-1376/? D/StatusBar.NetworkController: refreshViews connected={ data } level=3 combinedSignalIconId=0x7f02077b/com.android.systemui:drawable/tw_stat_sys_5_level_signal_3_auto_rotate mobileLabel=Verizon Wireless wifiLabel= emergencyOnly=false combinedLabel=Verizon Wireless mAirplaneMode=false mDataActivity=3 mPhoneSignalIconId=0x7f02077b/com.android.systemui:drawable/tw_stat_sys_5_level_signal_3_auto_rotate mQSPhoneSignalIconId=0x7f02015c/com.android.systemui:drawable/ic_qs_signal_3 mDataDirectionIconId=0x7f0203ff/com.android.systemui:drawable/stat_sys_data_connected_4g_lte mDataSignalIconId=0x7f02077b/com.android.systemui:drawable/tw_stat_sys_5_level_signal_3_auto_rotate mDataTypeIconId=0x7f0203ff/com.android.systemui:drawable/stat_sys_data_connected_4g_lte mQSDataTypeIconId=0x0/(null) mNoSimIconId=0x0/(null) mWifiIconId=0x7f020641/com.android.systemui:drawable/stat_sys_wifi_signal_0 mQSWifiIconId=0x7f02017c/com.android.systemui:drawable/ic_qs_wifi_no_network mWifiActivityIconId=0x0/(null) mBluetoothTetherIconId=0x7f020624/com.android.systemui:drawable/stat_sys_tether_bluetooth
04-06 21:22:56.550 1376-1376/? D/StatusBar.NetworkController: refreshNwBoosterIndicator - setNWBoosterIndicators(false)
04-06 21:22:56.550 1376-1376/? D/StatusBar.NetworkController: applyVZW
04-06 21:22:56.560 789-5768/? V/BroadcastQueue: [background] Process cur broadcast BroadcastRecord{96e6ffd u-1 android.intent.action.SERVICE_STATE qIdx=4}, state= (APP_RECEIVE) DELIVERED for app ProcessRecord{4790fd4 8849:com.sec.android.app.mt/1000}
04-06 21:22:56.580 8849-8849/? D/StatusChecker: onReceive : android.intent.action.SERVICE_STATE
04-06 21:22:56.580 8849-8849/? D/StatusChecker: onReceive : SIMChangeAlertOption disabled return
04-06 21:22:56.600 365-451/? I/ThermalEngine: Sensor:tsens_tz_sensor8:78000 mC
04-06 21:22:56.600 365-451/? I/ThermalEngine: Sensor:tsens_tz_sensor6:77000 mC
04-06 21:22:56.600 365-451/? I/ThermalEngine: Sensor:tsens_tz_sensor5:78000 mC
04-06 21:22:56.630 789-882/? V/WindowStateAnimator: Finishing drawing window Window{2930cd7 u0 d0 Application Error: com.ssugamejam.stepdimension}: mDrawState=DRAW_PENDING
04-06 21:22:56.630 789-882/? D/ViewRootImpl: MSG_RESIZED_REPORT: ci=Rect(0, 0 - 0, 0) vi=Rect(0, 0 - 0, 0) or=2
04-06 21:22:56.650 314-314/? D/libEGL: eglInitialize EGLDisplay = 0xbef12334
04-06 21:22:56.650 789-882/? V/WindowStateAnimator: Finishing drawing window Window{2930cd7 u0 d0 Application Error: com.ssugamejam.stepdimension}: mDrawState=HAS_DRAWN
04-06 21:22:56.650 1376-1376/? D/StatusBar.NetworkController: applyVZW : mDataTypeDisabledIconIdcom.android.systemui:drawable/stat_sys_data_connected_disabled_4g_lte
04-06 21:22:56.650 1376-1376/? D/StatusBar.NetworkController: refreshNwBoosterIndicator - setNWBoosterIndicators(false)
04-06 21:22:56.650 1376-1376/? D/StatusBar.NetworkController: applyVZW
04-06 21:22:56.650 1376-1376/? D/StatusBar.NetworkController: applyVZW : mDataTypeDisabledIconIdcom.android.systemui:drawable/stat_sys_data_connected_disabled_4g_lte
04-06 21:22:56.650 1376-1376/? D/StatusBar.NetworkController: refreshNwBoosterIndicator - setNWBoosterIndicators(false)
04-06 21:22:56.650 1376-1376/? D/StatusBar.NetworkController: applyVZW
04-06 21:22:56.660 1376-1376/? D/StatusBar.NetworkController: applyVZW : mDataTypeDisabledIconIdcom.android.systemui:drawable/stat_sys_data_connected_disabled_4g_lte
04-06 21:22:56.660 1376-1376/? D/StatusBar.NetworkController: refreshNwBoosterIndicator - setNWBoosterIndicators(false)
04-06 21:22:56.660 1376-1376/? D/StatusBar.NetworkController: applyVZW
04-06 21:22:56.660 1376-1376/? D/StatusBar.NetworkController: applyVZW : mDataTypeDisabledIconIdcom.android.systemui:drawable/stat_sys_data_connected_disabled_4g_lte
04-06 21:22:56.660 789-3013/? V/BroadcastQueue: [background] Process cur broadcast BroadcastRecord{96e6ffd u-1 android.intent.action.SERVICE_STATE qIdx=4}, state= (APP_RECEIVE) DELIVERED for app ProcessRecord{9ea1604 8902:com.verizon.messaging.vzmsgs/u0a202}
04-06 21:22:56.670 314-314/? D/libEGL: eglInitialize EGLDisplay = 0xbef12334
04-06 21:22:56.670 314-314/? I/qdhwcomposer: validateAndApplyROI: Resetting ROI due to scaling
04-06 21:22:56.670 365-451/? I/ThermalEngine: Sensor:tsens_tz_sensor8:76000 mC
04-06 21:22:56.670 365-451/? I/ThermalEngine: Sensor:tsens_tz_sensor6:78000 mC
04-06 21:22:56.670 365-451/? I/ThermalEngine: Sensor:tsens_tz_sensor5:78000 mC
04-06 21:22:56.680 789-809/? V/AlarmManager:  remove PendingIntent] PendingIntent{ae021c0: PendingIntentRecord{1a4a8b3 com.google.android.gms broadcastIntent}}
04-06 21:22:56.680 789-5304/? V/BroadcastQueue: [background] Process cur broadcast BroadcastRecord{6370ef9 u0 com.samsung.android.providers.context.log.action.USE_APP_FEATURE_SURVEY qIdx=4}, state= (APP_RECEIVE) DELIVERED for app ProcessRecord{340e50a 2264:com.samsung.android.providers.context/u0a97}
04-06 21:22:56.700 789-1412/? I/ActivityManager: Start proc 9056:com.sec.android.provider.badge/u0a91 for broadcast-3 com.sec.android.provider.badge/.BadgeCountReceiver
04-06 21:22:56.700 9056-9056/? E/Zygote: v2
04-06 21:22:56.700 9056-9056/? I/libpersona: KNOX_SDCARD checking this for 10091
04-06 21:22:56.700 9056-9056/? I/libpersona: KNOX_SDCARD not a persona
04-06 21:22:56.700 9056-9056/? I/SELinux: Function: selinux_compare_spd_ram, index[1], SPD-policy is existed. and_ver=SEPF_SM-G900V_5.0-1 ver=51
04-06 21:22:56.700 9056-9056/? W/SELinux: Function: selinux_compare_spd_ram, index[1], priority [2], priority version is VE=SEPF_SECMOBILE_6.0.1_0029
04-06 21:22:56.700 9056-9056/? E/Zygote: accessInfo : 0
04-06 21:22:56.700 9056-9056/? W/SELinux: SELinux: seapp_context_lookup: seinfo=platform, level=s0:c512,c768, pkgname=com.sec.android.provider.badge 
04-06 21:22:56.730 365-451/? I/ThermalEngine: Sensor:tsens_tz_sensor8:76000 mC
04-06 21:22:56.730 365-451/? I/ThermalEngine: Sensor:tsens_tz_sensor6:78000 mC
04-06 21:22:56.730 365-451/? I/ThermalEngine: Sensor:tsens_tz_sensor5:78000 mC
04-06 21:22:56.770 9056-9056/? D/TimaKeyStoreProvider: TimaSignature is unavailable
04-06 21:22:56.770 9056-9056/? D/ActivityThread: Added TimaKeyStore provider
04-06 21:22:56.780 789-5304/? V/BroadcastQueue: [background] Process cur broadcast BroadcastRecord{9976e3e u0 android.intent.action.BADGE_COUNT_UPDATE qIdx=4}, state= (APP_RECEIVE) DELIVERED for app ProcessRecord{b05049f 9056:com.sec.android.provider.badge/u0a91}
04-06 21:22:56.800 365-451/? I/ThermalEngine: Sensor:tsens_tz_sensor8:76000 mC
04-06 21:22:56.800 365-451/? I/ThermalEngine: Sensor:tsens_tz_sensor6:78000 mC
04-06 21:22:56.800 365-451/? I/ThermalEngine: Sensor:tsens_tz_sensor5:78000 mC
04-06 21:22:56.810 9056-9056/? W/ResourcesManager: getTopLevelResources: /system/priv-app/BadgeProvider_M/BadgeProvider_M.apk / 1.0 running in com.sec.android.provider.badge rsrc of package null
04-06 21:22:56.820 789-869/? W/ResourcesManager: getTopLevelResources: /data/app/com.asurion.android.verizon.vms-1/base.apk / 1.0 running in null rsrc of package null
04-06 21:22:56.820 789-869/? W/ResourcesManager: getTopLevelResources: /data/app/com.vzw.hss.myverizon-2/base.apk / 1.0 running in null rsrc of package null
04-06 21:22:56.840 9056-9056/? W/System: ClassLoader referenced unknown path: /system/priv-app/BadgeProvider_M/lib/arm
04-06 21:22:56.840 9056-9056/? D/BadgeProvider: onCreate
04-06 21:22:56.840 9056-9056/? D/BadgeProvider: DatabaseHelper
04-06 21:22:56.840 9056-9056/? D/Badge::BadgeCountReceiver: badge intent : Intent { act=android.intent.action.BADGE_COUNT_UPDATE flg=0x10 cmp=com.sec.android.provider.badge/.BadgeCountReceiver bqHint=4 (has extras) }
04-06 21:22:56.840 9056-9056/? D/Badge::BadgeCountReceiver: packageName: org.telegram.messenger, className: org.telegram.ui.LaunchActivity, count: 12
04-06 21:22:56.860 365-451/? I/ThermalEngine: Sensor:tsens_tz_sensor8:74000 mC
04-06 21:22:56.860 365-451/? I/ThermalEngine: Sensor:tsens_tz_sensor6:78000 mC
04-06 21:22:56.860 365-451/? I/ThermalEngine: Sensor:tsens_tz_sensor5:77000 mC
04-06 21:22:56.870 9056-9056/? D/BaseReflect: null getOwnClass TEST
04-06 21:22:56.870 9056-9056/? D/MethodReflector: android.content.ContentResolver getClass TEST
04-06 21:22:56.870 9056-9056/? D/BaseReflect: class android.content.ContentResolver isSupportClass TEST
04-06 21:22:56.870 9056-9056/? D/BaseReflect: class android.content.ContentResolver getOwnClass TEST
04-06 21:22:56.870 1689-1689/? D/Launcher.Model: reloadBadges entered.
04-06 21:22:56.870 9056-9056/? D/MethodReflector: notifyChange is called
04-06 21:22:56.870 1689-1689/? D/Launcher.Model: reloadBadges entered.
04-06 21:22:56.870 9056-9056/? D/BadgeProvider: sendNotify entered. [uri] : content://com.sec.badge/apps
04-06 21:22:56.870 9056-9056/? D/BadgeProvider: sendNotify, [notify] : null
04-06 21:22:56.880 789-869/? W/ResourcesManager: getTopLevelResources: /data/app/com.vzw.hss.myverizon-2/base.apk / 1.0 running in null rsrc of package null
04-06 21:22:56.880 9056-9056/? D/BadgeProvider: update, getCallingPackage() : com.sec.android.provider.badge
04-06 21:22:56.880 9056-9056/? D/BadgeProvider: update, [uri] : content://com.sec.badge/apps
04-06 21:22:56.880 9056-9056/? D/BadgeProvider: update, [uri.query] : null
04-06 21:22:56.880 9056-9056/? D/BadgeProvider: update, [BadgeCount] : badgecount=12
04-06 21:22:56.880 9056-9056/? D/BadgeProvider: update, [UpdateCount] : 1
04-06 21:22:56.880 9056-9066/? D/BadgeProvider: query, [selection] : null
04-06 21:22:56.880 789-809/? V/BroadcastQueue: [background] Process cur broadcast BroadcastRecord{298304a u0 android.intent.action.BADGE_COUNT_UPDATE qIdx=4}, state= (APP_RECEIVE) DELIVERED for app ProcessRecord{b05049f 9056:com.sec.android.provider.badge/u0a91}
04-06 21:22:56.890 9056-9056/? D/Badge::BadgeCountReceiver: badge intent : Intent { act=android.intent.action.BADGE_COUNT_UPDATE flg=0x10 cmp=com.sec.android.provider.badge/.BadgeCountReceiver bqHint=4 (has extras) }
04-06 21:22:56.890 9056-9056/? D/Badge::BadgeCountReceiver: packageName: org.telegram.messenger, className: org.telegram.ui.LaunchActivity, count: 12
04-06 21:22:56.900 8902-8956/? W/art: Failed to open zip archive '/system/framework/com.qti.location.sdk.jar': I/O Error
04-06 21:22:56.910 1689-1689/? D/Launcher.Model: reloadBadges entered.
04-06 21:22:56.920 9056-9066/? D/BadgeProvider: query, [selection] : null
04-06 21:22:56.920 9056-9056/? D/MethodReflector: notifyChange is called
04-06 21:22:56.920 1689-1689/? D/Launcher.Model: reloadBadges entered.
04-06 21:22:56.920 9056-9056/? D/BadgeProvider: sendNotify entered. [uri] : content://com.sec.badge/apps
04-06 21:22:56.920 9056-9056/? D/BadgeProvider: sendNotify, [notify] : null
04-06 21:22:56.920 9056-9056/? D/BadgeProvider: update, getCallingPackage() : com.sec.android.provider.badge
04-06 21:22:56.920 9056-9056/? D/BadgeProvider: update, [uri] : content://com.sec.badge/apps
04-06 21:22:56.920 9056-9056/? D/BadgeProvider: update, [uri.query] : null
04-06 21:22:56.920 9056-9056/? D/BadgeProvider: update, [BadgeCount] : badgecount=12
04-06 21:22:56.920 9056-9056/? D/BadgeProvider: update, [UpdateCount] : 1
04-06 21:22:56.930 365-451/? I/ThermalEngine: Sensor:tsens_tz_sensor8:76000 mC
04-06 21:22:56.930 365-451/? I/ThermalEngine: Sensor:tsens_tz_sensor6:78000 mC
04-06 21:22:56.930 365-451/? I/ThermalEngine: Sensor:tsens_tz_sensor5:78000 mC
04-06 21:22:56.940 9056-9056/? D/Badge::BadgeCountReceiver: badge intent : Intent { act=android.intent.action.BADGE_COUNT_UPDATE flg=0x10 cmp=com.sec.android.provider.badge/.BadgeCountReceiver bqHint=4 (has extras) }
04-06 21:22:56.940 9056-9056/? D/Badge::BadgeCountReceiver: packageName: org.telegram.messenger, className: org.telegram.ui.LaunchActivity, count: 12
04-06 21:22:56.940 789-2137/? V/BroadcastQueue: [background] Process cur broadcast BroadcastRecord{cbf4bbb u0 android.intent.action.BADGE_COUNT_UPDATE qIdx=4}, state= (APP_RECEIVE) DELIVERED for app ProcessRecord{b05049f 9056:com.sec.android.provider.badge/u0a91}
04-06 21:22:56.940 9056-9068/? D/BadgeProvider: query, [selection] : null
04-06 21:22:56.950 1689-1689/? D/Launcher.Model: reloadBadges entered.
04-06 21:22:56.950 9056-9056/? D/MethodReflector: notifyChange is called
04-06 21:22:56.960 1689-1689/? D/Launcher.Model: reloadBadges entered.
04-06 21:22:56.960 9056-9056/? D/BadgeProvider: sendNotify entered. [uri] : content://com.sec.badge/apps
04-06 21:22:56.960 9056-9056/? D/BadgeProvider: sendNotify, [notify] : null
04-06 21:22:56.960 9056-9056/? D/BadgeProvider: update, getCallingPackage() : com.sec.android.provider.badge
04-06 21:22:56.960 9056-9056/? D/BadgeProvider: update, [uri] : content://com.sec.badge/apps
04-06 21:22:56.960 9056-9056/? D/BadgeProvider: update, [uri.query] : null
04-06 21:22:56.960 9056-9056/? D/BadgeProvider: update, [BadgeCount] : badgecount=12
04-06 21:22:56.960 9056-9056/? D/BadgeProvider: update, [UpdateCount] : 1
04-06 21:22:56.960 789-789/? D/AccessibilityManagerService: checkUniversalSwitchState start:
04-06 21:22:56.970 789-789/? D/AccessibilityManagerService: checkUniversalSwitchState universalSwitchEnabled:false
04-06 21:22:56.970 789-789/? D/AccessibilityManagerService: updateInputFilter universalSwitchState:false
04-06 21:22:56.970 789-789/? D/AccessibilityManagerService: updateInputFilter userState.mIsUniversalSwitchEnabled:false
04-06 21:22:56.970 9069-9069/? E/Zygote: v2
04-06 21:22:56.970 9069-9069/? I/libpersona: KNOX_SDCARD checking this for 10212
04-06 21:22:56.970 9069-9069/? I/SELinux: Function: selinux_compare_spd_ram, index[1], SPD-policy is existed. and_ver=SEPF_SM-G900V_5.0-1 ver=51
04-06 21:22:56.970 9069-9069/? I/libpersona: KNOX_SDCARD not a persona
04-06 21:22:56.970 9069-9069/? W/SELinux: Function: selinux_compare_spd_ram, index[1], priority [2], priority version is VE=SEPF_SECMOBILE_6.0.1_0029
04-06 21:22:56.970 9069-9069/? E/Zygote: accessInfo : 0
04-06 21:22:56.970 9069-9069/? W/SELinux: SELinux: seapp_context_lookup: seinfo=default, level=s0:c512,c768, pkgname=com.cequint.ecid:com.ims.process 
04-06 21:22:56.980 789-2136/? I/ActivityManager: Start proc 9069:com.cequint.ecid:com.ims.process/u0a212 for broadcast-3 com.cequint.ecid/com.cequint.hs.client.modules.ims.IMSBroadcastReceiver
04-06 21:22:56.980 9056-9067/? D/BadgeProvider: query, [selection] : null
04-06 21:22:56.990 9056-9068/? D/BadgeProvider: query, [selection] : null
04-06 21:22:56.990 365-451/? I/ThermalEngine: Sensor:tsens_tz_sensor8:76000 mC
04-06 21:22:56.990 365-451/? I/ThermalEngine: Sensor:tsens_tz_sensor6:78000 mC
04-06 21:22:56.990 365-451/? I/ThermalEngine: Sensor:tsens_tz_sensor5:78000 mC
04-06 21:22:57.000 9056-9066/? D/BadgeProvider: query, [selection] : null
04-06 21:22:57.000 789-2136/? I/ActivityManager: Killing 5865:com.google.android.gms.unstable/u0a16 (adj 15): DHA:empty #37
04-06 21:22:57.000 9022-9022/com.ssugamejam.stepdimension I/Adreno-EGL: <qeglDrvAPI_eglInitialize:379>: EGL 1.4 QUALCOMM build:  (Ia10634f51b)
    OpenGL ES Shader Compiler Version: E031.29.00.00
    Build Date: 01/28/16 Thu
    Local Branch: ss
    Remote Branch: 
    Local Patches: 
    Reconstruct Branch: 
04-06 21:22:57.010 9022-9022/com.ssugamejam.stepdimension D/libEGL: eglInitialize EGLDisplay = 0xbeb1b9dc
04-06 21:22:57.030 9069-9069/? D/TimaKeyStoreProvider: TimaSignature is unavailable
04-06 21:22:57.030 9069-9069/? D/ActivityThread: Added TimaKeyStore provider
04-06 21:22:57.030 789-1703/? V/BroadcastQueue: [background] Process cur broadcast BroadcastRecord{310716 u0 com.cequint.ecid.ims.APP_CREATE qIdx=4}, state= (APP_RECEIVE) DELIVERED for app ProcessRecord{60ce897 9069:com.cequint.ecid:com.ims.process/u0a212}
04-06 21:22:57.040 9069-9069/? W/ResourcesManager: getTopLevelResources: /system/app/canid/canid.apk / 1.0 running in com.cequint.ecid rsrc of package null
04-06 21:22:57.050 789-810/? D/ActivityManager: cleanUpApplicationRecord -- 5865
04-06 21:22:57.050 789-810/? D/ActivityManager: isAutoRunBlockedApp:: com.google.android.gms, Auto Run ON
04-06 21:22:57.060 365-451/? I/ThermalEngine: Sensor:tsens_tz_sensor8:77000 mC
04-06 21:22:57.060 365-451/? I/ThermalEngine: Sensor:tsens_tz_sensor6:78000 mC
04-06 21:22:57.060 365-451/? I/ThermalEngine: Sensor:tsens_tz_sensor5:79000 mC
04-06 21:22:57.060 9069-9069/? W/System: ClassLoader referenced unknown path: /system/app/canid/lib/arm
04-06 21:22:57.100 314-314/? D/libEGL: eglInitialize EGLDisplay = 0xbef12334
04-06 21:22:57.120 9069-9069/? I/hs/app: PinkyPie startup outside the main process
04-06 21:22:57.120 365-451/? I/ThermalEngine: Sensor:tsens_tz_sensor8:77000 mC
04-06 21:22:57.130 365-451/? I/ThermalEngine: Sensor:tsens_tz_sensor6:78000 mC
04-06 21:22:57.130 365-451/? I/ThermalEngine: Sensor:tsens_tz_sensor5:77000 mC
04-06 21:22:57.140 789-869/? W/TextServicesManagerService: no available spell checker services found
04-06 21:22:57.150 789-869/? W/ResourcesManager: getTopLevelResources: /system/priv-app/SecMms_Candy_M/SecMms_Candy_M.apk / 1.0 running in null rsrc of package null
04-06 21:22:57.160 8902-8911/? W/art: Suspending all threads took: 8.727ms
04-06 21:22:57.170 789-5304/? V/BroadcastQueue: [background] Process cur broadcast BroadcastRecord{aae7ea2 u-1 android.telecom.action.PHONE_ACCOUNT_REGISTERED qIdx=4}, state= (APP_RECEIVE) DELIVERED for app ProcessRecord{4a5553c 6675:android.process.acore/u0a25}
04-06 21:22:57.190 789-869/? W/ResourcesManager: getTopLevelResources: /system/priv-app/SecContacts_M_OSup_Legacy_USA/SecContacts_M_OSup_Legacy_USA.apk / 1.0 running in null rsrc of package null
04-06 21:22:57.190 789-810/? V/BroadcastQueue: [background] Process cur broadcast BroadcastRecord{41f7af0 u0 com.samsung.intent.action.VALIDITY_PERIOD qIdx=4}, state= (APP_RECEIVE) DELIVERED for app ProcessRecord{11cfa13 4198:com.android.mms/u0a53}
04-06 21:22:57.190 365-451/? I/ThermalEngine: Sensor:tsens_tz_sensor8:76000 mC
04-06 21:22:57.190 365-451/? I/ThermalEngine: Sensor:tsens_tz_sensor6:78000 mC
04-06 21:22:57.190 365-451/? I/ThermalEngine: Sensor:tsens_tz_sensor5:79000 mC
04-06 21:22:57.200 789-869/? W/ResourcesManager: getTopLevelResources: /system/app/SecEmail_K/SecEmail_K.apk / 1.0 running in null rsrc of package null
04-06 21:22:57.220 4198-4198/? D/Mms/SmsReceiver: filterMsgServiceIntent : intent.getAction() : com.samsung.intent.action.VALIDITY_PERIOD
04-06 21:22:57.220 789-869/? W/ResourcesManager: getTopLevelResources: /system/app/SecMemoDL/SecMemoDL.apk / 1.0 running in null rsrc of package null
04-06 21:22:57.220 9069-9083/? W/WakefulBroadcastReceiver: No active wake lock id #1
04-06 21:22:57.220 9069-9083/? W/WakefulBroadcastReceiver: No active wake lock id #1
04-06 21:22:57.230 789-869/? W/ResourcesManager: getTopLevelResources: /system/app/AccuweatherPhone2014_K_MMR_fHD/AccuweatherPhone2014_K_MMR_fHD.apk / 1.0 running in null rsrc of package null
04-06 21:22:57.230 789-869/? W/ResourcesManager: getTopLevelResources: /data/app/com.amazon.kindle-2/base.apk / 1.0 running in null rsrc of package null
04-06 21:22:57.230 789-3013/? V/BroadcastQueue: [background] Process cur broadcast BroadcastRecord{bd699ab u0 com.google.android.gms.gcm.ACTION_SCHEDULE qIdx=4}, state= (APP_RECEIVE) DELIVERED for app ProcessRecord{f741a5b 1932:com.google.android.gms.persistent/u0a16}
04-06 21:22:57.240 789-3013/? V/BroadcastQueue: [background] Process cur broadcast BroadcastRecord{b87fba1 u0 com.google.android.gms.gcm.ACTION_SCHEDULE qIdx=4}, state= (APP_RECEIVE) DELIVERED for app ProcessRecord{f741a5b 1932:com.google.android.gms.persistent/u0a16}
04-06 21:22:57.250 4198-4198/? D/Mms/SmsReceiverService: onStart: #1, mResultCode: 0 = Unknown error code, action = com.samsung.intent.action.VALIDITY_PERIOD
04-06 21:22:57.250 4198-9085/? D/Mms/TelephonyPermission: mUserId = 0
04-06 21:22:57.250 4198-9085/? D/Mms/TelephonyPermission: isDefault true
04-06 21:22:57.250 4198-9085/? D/Mms/SmsReceiverService: [SMS]Receiver handleMessage : Action =com.samsung.intent.action.VALIDITY_PERIOD
04-06 21:22:57.250 789-1416/? V/BroadcastQueue: [background] Process cur broadcast BroadcastRecord{407b0dd u0 com.google.android.gms.gcm.ACTION_SCHEDULE qIdx=4}, state= (APP_RECEIVE) DELIVERED for app ProcessRecord{f741a5b 1932:com.google.android.gms.persistent/u0a16}
04-06 21:22:57.260 365-451/? I/ThermalEngine: Sensor:tsens_tz_sensor8:76000 mC
04-06 21:22:57.260 365-451/? I/ThermalEngine: Sensor:tsens_tz_sensor6:78000 mC
04-06 21:22:57.260 365-451/? I/ThermalEngine: Sensor:tsens_tz_sensor5:79000 mC
04-06 21:22:57.260 789-1695/? V/BroadcastQueue: [background] Process cur broadcast BroadcastRecord{717d452 u0 com.samsung.android.providers.context.log.action.REPORT_APP_STATUS_SURVEY qIdx=4}, state= (APP_RECEIVE) DELIVERED for app ProcessRecord{340e50a 2264:com.samsung.android.providers.context/u0a97}
04-06 21:22:57.270 789-869/? W/ResourcesManager: getTopLevelResources: /data/app/com.amazon.kindle-2/base.apk / 1.0 running in null rsrc of package null
04-06 21:22:57.270 789-5768/? V/BroadcastQueue: [background] Process cur broadcast BroadcastRecord{1429323 u0 com.google.android.gms.gcm.ACTION_SCHEDULE qIdx=4}, state= (APP_RECEIVE) DELIVERED for app ProcessRecord{f741a5b 1932:com.google.android.gms.persistent/u0a16}
04-06 21:22:57.280 789-950/? I/art: Starting a blocking GC Explicit
04-06 21:22:57.280 789-869/? W/ResourcesManager: getTopLevelResources: /data/app/com.amazon.kindle-2/base.apk / 1.0 running in null rsrc of package null
04-06 21:22:57.300 8902-8956/? W/art: Failed to open zip archive '/system/framework/com.qti.location.sdk.jar': I/O Error
04-06 21:22:57.300 8902-8956/? W/art: Failed to open zip archive '/system/framework/com.qti.location.sdk.jar': I/O Error
04-06 21:22:57.310 8902-8956/? W/art: Failed to open zip archive '/system/framework/com.qti.location.sdk.jar': I/O Error
04-06 21:22:57.320 365-451/? I/ThermalEngine: Sensor:tsens_tz_sensor8:74000 mC
04-06 21:22:57.320 365-451/? I/ThermalEngine: Sensor:tsens_tz_sensor6:76000 mC
04-06 21:22:57.320 365-451/? I/ThermalEngine: Sensor:tsens_tz_sensor5:78000 mC
04-06 21:22:57.360 789-5768/? I/ActivityManager: Killing 6976:com.google.android.partnersetup/u0a18 (adj 15): DHA:empty #37
04-06 21:22:57.380 789-1703/? D/ActivityManager: cleanUpApplicationRecord -- 6976
04-06 21:22:57.380 789-1703/? D/ActivityManager: isAutoRunBlockedApp:: com.google.android.partnersetup, Auto Run ON
04-06 21:22:57.380 789-869/? W/ResourcesManager: getTopLevelResources: /data/app/com.amazon.kindle-2/base.apk / 1.0 running in null rsrc of package null
04-06 21:22:57.390 789-869/? W/ResourcesManager: getTopLevelResources: /data/app/com.amazon.kindle-2/base.apk / 1.0 running in null rsrc of package null
04-06 21:22:57.390 365-451/? I/ThermalEngine: Sensor:tsens_tz_sensor8:74000 mC
04-06 21:22:57.390 365-451/? I/ThermalEngine: Sensor:tsens_tz_sensor6:78000 mC
04-06 21:22:57.390 365-451/? I/ThermalEngine: Sensor:tsens_tz_sensor5:77000 mC
04-06 21:22:57.390 789-869/? W/ResourcesManager: getTopLevelResources: /data/app/com.amazon.kindle-2/base.apk / 1.0 running in null rsrc of package null
04-06 21:22:57.390 789-869/? W/ResourcesManager: getTopLevelResources: /data/app/com.sec.android.app.music-2/base.apk / 1.0 running in null rsrc of package null
04-06 21:22:57.390 789-3012/? V/BroadcastQueue: [background] Process cur broadcast BroadcastRecord{fa13e7f u-1 android.net.wifi.SCAN_RESULTS qIdx=4}, state= (APP_RECEIVE) DELIVERED for app ProcessRecord{428748c 1376:com.android.systemui/u0a24}
04-06 21:22:57.400 8902-8911/? W/art: Suspending all threads took: 35.193ms
04-06 21:22:57.410 789-869/? W/ResourcesManager: getTopLevelResources: /data/app/com.google.android.gms-1/base.apk / 1.0 running in null rsrc of package null
04-06 21:22:57.420 789-869/? W/ResourcesManager: getTopLevelResources: /data/app/com.sec.android.app.shealth-1/base.apk / 1.0 running in null rsrc of package null
04-06 21:22:57.420 789-1577/? V/BroadcastQueue: [background] Process cur broadcast BroadcastRecord{6f51e95 u-1 android.telecom.action.PHONE_ACCOUNT_REGISTERED qIdx=4}, state= (APP_RECEIVE) DELIVERED for app ProcessRecord{4a5553c 6675:android.process.acore/u0a25}
04-06 21:22:57.440 789-1416/? V/BroadcastQueue: [background] Process cur broadcast BroadcastRecord{1ed9baa u0 com.google.android.gms.gcm.ACTION_SCHEDULE qIdx=4}, state= (APP_RECEIVE) DELIVERED for app ProcessRecord{f741a5b 1932:com.google.android.gms.persistent/u0a16}
04-06 21:22:57.450 365-451/? I/ThermalEngine: Sensor:tsens_tz_sensor8:77000 mC
04-06 21:22:57.450 365-451/? I/ThermalEngine: Sensor:tsens_tz_sensor6:78000 mC
04-06 21:22:57.450 365-451/? I/ThermalEngine: Sensor:tsens_tz_sensor5:77000 mC
04-06 21:22:57.470 789-1416/? V/BroadcastQueue: [background] Process cur broadcast BroadcastRecord{3893338 u0 com.google.android.gms.gcm.ACTION_SCHEDULE qIdx=4}, state= (APP_RECEIVE) DELIVERED for app ProcessRecord{f741a5b 1932:com.google.android.gms.persistent/u0a16}
04-06 21:22:57.490 789-3011/? V/BroadcastQueue: [background] Process cur broadcast BroadcastRecord{4560f11 u0 com.google.android.gms.gcm.ACTION_SCHEDULE qIdx=4}, state= (APP_RECEIVE) DELIVERED for app ProcessRecord{f741a5b 1932:com.google.android.gms.persistent/u0a16}
04-06 21:22:57.500 789-1702/? V/BroadcastQueue: [background] Process cur broadcast BroadcastRecord{961c876 u-1 android.telecom.action.PHONE_ACCOUNT_REGISTERED qIdx=4}, state= (APP_RECEIVE) DELIVERED for app ProcessRecord{4a5553c 6675:android.process.acore/u0a25}
04-06 21:22:57.510 789-1577/? V/BroadcastQueue: [background] Process cur broadcast BroadcastRecord{afa7e77 u-1 android.telecom.action.PHONE_ACCOUNT_REGISTERED qIdx=4}, state= (APP_RECEIVE) DELIVERED for app ProcessRecord{4a5553c 6675:android.process.acore/u0a25}
04-06 21:22:57.520 365-451/? I/ThermalEngine: Sensor:tsens_tz_sensor8:80000 mC
04-06 21:22:57.520 365-451/? I/ThermalEngine: Sensor:tsens_tz_sensor6:78000 mC
04-06 21:22:57.520 365-451/? I/ThermalEngine: Sensor:tsens_tz_sensor5:79000 mC
04-06 21:22:57.520 789-2136/? V/BroadcastQueue: [background] Process cur broadcast BroadcastRecord{63a4ae4 u0 android.intent.action.BADGE_COUNT_UPDATE qIdx=4}, state= (APP_RECEIVE) DELIVERED for app ProcessRecord{b05049f 9056:com.sec.android.provider.badge/u0a91}
04-06 21:22:57.530 9056-9056/? D/Badge::BadgeCountReceiver: badge intent : Intent { act=android.intent.action.BADGE_COUNT_UPDATE flg=0x10 cmp=com.sec.android.provider.badge/.BadgeCountReceiver bqHint=4 (has extras) }
04-06 21:22:57.530 9056-9056/? D/Badge::BadgeCountReceiver: packageName: com.asurion.android.verizon.vms, className: com.asurion.android.verizon.vmsp.activity.MainActivity, count: 0
04-06 21:22:57.550 9022-9081/com.ssugamejam.stepdimension E/libEGL: call to OpenGL ES API with no current context (logged once per thread)
04-06 21:22:57.550 9022-9081/com.ssugamejam.stepdimension I/sfml-error: Warning: The created OpenGL context does not fully meet the settings that were requested
04-06 21:22:57.550 9022-9081/com.ssugamejam.stepdimension I/sfml-error: Requested: version = 1.1 ; depth bits = 0 ; stencil bits = 0 ; AA level = 0 ; core = false ; debug = false ; sRGB = false
04-06 21:22:57.550 9022-9081/com.ssugamejam.stepdimension I/sfml-error: Created: version = 0.0 ; depth bits = 0 ; stencil bits = 0 ; AA level = 0 ; core = false ; debug = false ; sRGB = false
04-06 21:22:57.550 9022-9081/com.ssugamejam.stepdimension I/sfml-error: Failed to activate the window's context
04-06 21:22:57.550 9022-9081/com.ssugamejam.stepdimension I/sfml-error: Failed to activate the window's context
04-06 21:22:57.550 1689-1689/? D/Launcher.Model: reloadBadges entered.
04-06 21:22:57.560 9022-9081/com.ssugamejam.stepdimension I/sfml-error: Failed to load image from stream. Reason: Image not of any known type, or corrupt
04-06 21:22:57.560 9022-9022/com.ssugamejam.stepdimension D/IDC: onActivityCreated SFML
04-06 21:22:57.560 9022-9081/com.ssugamejam.stepdimension W/art: Native thread exiting without having called DetachCurrentThread (maybe it's going to use a pthread_key_create destructor?): Thread[10,tid=9081,Native,Thread*=0xaa104800,peer=0x12e0a0a0,"Thread-851"]
04-06 21:22:57.560 9022-9081/com.ssugamejam.stepdimension A/art: art/runtime/thread.cc:1238] Native thread exited without calling DetachCurrentThread: Thread[10,tid=9081,Native,Thread*=0xaa104800,peer=0x12e0a0a0,"Thread-851"]
04-06 21:22:57.570 9056-9067/? D/BadgeProvider: query, [selection] : null
04-06 21:22:57.580 9056-9056/? D/MethodReflector: notifyChange is called
04-06 21:22:57.580 365-451/? I/ThermalEngine: Sensor:tsens_tz_sensor8:79000 mC
04-06 21:22:57.580 365-451/? I/ThermalEngine: Sensor:tsens_tz_sensor6:79000 mC
04-06 21:22:57.580 365-451/? I/ThermalEngine: Sensor:tsens_tz_sensor5:79000 mC
04-06 21:22:57.620 9022-9081/com.ssugamejam.stepdimension A/libc: Fatal signal 11 (SIGSEGV), code 1, fault addr 0x9c in tid 9081 (Thread-851)
04-06 21:22:57.640 789-950/? I/art: Explicit concurrent mark sweep GC freed 93088(5MB) AllocSpace objects, 38(1828KB) LOS objects, 22% free, 53MB/69MB, paused 2.124ms total 344.466ms
04-06 21:22:57.640 789-799/? I/art: WaitForGcToComplete blocked for 154.978ms for cause Background
04-06 21:22:57.640 1689-1689/? D/Launcher.Model: reloadBadges entered.
04-06 21:22:57.650 9056-9056/? D/BadgeProvider: sendNotify entered. [uri] : content://com.sec.badge/apps
04-06 21:22:57.650 9056-9056/? D/BadgeProvider: sendNotify, [notify] : null
04-06 21:22:57.650 365-451/? I/ThermalEngine: Sensor:tsens_tz_sensor8:79000 mC
04-06 21:22:57.650 365-451/? I/ThermalEngine: Sensor:tsens_tz_sensor6:79000 mC
04-06 21:22:57.650 365-451/? I/ThermalEngine: Sensor:tsens_tz_sensor5:80000 mC
04-06 21:22:57.650 9056-9066/? D/BadgeProvider: query, [selection] : null
04-06 21:22:57.650 9056-9056/? D/BadgeProvider: update, getCallingPackage() : com.sec.android.provider.badge
04-06 21:22:57.650 9056-9056/? D/BadgeProvider: update, [uri] : content://com.sec.badge/apps
04-06 21:22:57.650 9056-9056/? D/BadgeProvider: update, [uri.query] : null
04-06 21:22:57.650 9056-9056/? D/BadgeProvider: update, [BadgeCount] : badgecount=0
04-06 21:22:57.650 9056-9056/? D/BadgeProvider: update, [UpdateCount] : 1
04-06 21:22:57.660 789-1695/? V/BroadcastQueue: [background] Process cur broadcast BroadcastRecord{9fb8b4d u0 com.google.android.location.internal.server.ACTION_RESTARTED qIdx=4}, state= (APP_RECEIVE) DELIVERED for app ProcessRecord{f741a5b 1932:com.google.android.gms.persistent/u0a16}
04-06 21:22:57.680 329-329/? A/DEBUG: *** *** *** *** *** *** *** *** *** *** *** *** *** *** *** ***
04-06 21:22:57.680 329-329/? A/DEBUG: Build fingerprint: 'Verizon/kltevzw/kltevzw:6.0.1/MMB29M/G900VVRU2DQL1:user/release-keys'
04-06 21:22:57.680 329-329/? A/DEBUG: Revision: '14'
04-06 21:22:57.680 329-329/? A/DEBUG: ABI: 'arm'
04-06 21:22:57.680 329-329/? A/DEBUG: pid: 9022, tid: 9081, name: Thread-851  >>> com.ssugamejam.stepdimension <<<
04-06 21:22:57.680 329-329/? A/DEBUG: signal 11 (SIGSEGV), code 1 (SEGV_MAPERR), fault addr 0x9c
04-06 21:22:57.700 329-329/? A/DEBUG: Abort message: 'art/runtime/thread.cc:1238] Native thread exited without calling DetachCurrentThread: Thread[10,tid=9081,Native,Thread*=0xaa104800,peer=0x12e0a0a0,"Thread-851"]'
04-06 21:22:57.700 329-329/? A/DEBUG:     r0 00000000  r1 00000010  r2 0000000a  r3 b3fb8be0
04-06 21:22:57.700 329-329/? A/DEBUG:     r4 00000000  r5 b3fbc914  r6 00000000  r7 ae32e574
04-06 21:22:57.700 329-329/? A/DEBUG:     r8 fffff7d8  r9 fffff7cc  sl ae32e540  fp ae32e770
04-06 21:22:57.700 329-329/? A/DEBUG:     ip 00000000  sp ae32e4b0  lr b3c48e09  pc b3eb0fb6  cpsr 400f0030
04-06 21:22:57.710 365-451/? I/ThermalEngine: Sensor:tsens_tz_sensor8:79000 mC
04-06 21:22:57.710 365-451/? I/ThermalEngine: Sensor:tsens_tz_sensor6:79000 mC
04-06 21:22:57.710 365-451/? I/ThermalEngine: Sensor:tsens_tz_sensor5:79000 mC
04-06 21:22:57.730 329-329/? A/DEBUG: backtrace:
04-06 21:22:57.730 329-329/? A/DEBUG:     #00 pc 0035afb6  /system/lib/libart.so (_ZN3art14DumpCheckpoint3RunEPNS_6ThreadE+205)
04-06 21:22:57.730 329-329/? A/DEBUG:     #01 pc 0035bc69  /system/lib/libart.so (_ZN3art10ThreadList13RunCheckpointEPNS_7ClosureE+212)
04-06 21:22:57.730 329-329/? A/DEBUG:     #02 pc 0035c1df  /system/lib/libart.so (_ZN3art10ThreadList4DumpERNSt3__113basic_ostreamIcNS1_11char_traitsIcEEEE+154)
04-06 21:22:57.730 329-329/? A/DEBUG:     #03 pc 00334275  /system/lib/libart.so (_ZN3art7Runtime5AbortEv+428)
04-06 21:22:57.730 329-329/? A/DEBUG:     #04 pc 000f477b  /system/lib/libart.so (_ZN3art10LogMessageD2Ev+2226)
04-06 21:22:57.730 329-329/? A/DEBUG:     #05 pc 0034df41  /system/lib/libart.so (_ZN3art6Thread18ThreadExitCallbackEPv+172)
04-06 21:22:57.730 329-329/? A/DEBUG:     #06 pc 0003fa85  /system/lib/libc.so (_Z21pthread_key_clean_allv+76)
04-06 21:22:57.730 329-329/? A/DEBUG:     #07 pc 0003f7e7  /system/lib/libc.so (pthread_exit+34)
04-06 21:22:57.730 329-329/? A/DEBUG:     #08 pc 0003f509  /system/lib/libc.so (_ZL15__pthread_startPv+32)
04-06 21:22:57.730 329-329/? A/DEBUG:     #09 pc 00019c8b  /system/lib/libc.so (__start_thread+6)
04-06 21:22:57.770 789-789/? V/BroadcastQueue: [background] Process cur broadcast BroadcastRecord{e8e8b13 u-1 android.telecom.action.PHONE_ACCOUNT_REGISTERED qIdx=4}, state= (APP_RECEIVE) DELIVERED for app ProcessRecord{4a5553c 6675:android.process.acore/u0a25}
04-06 21:22:57.780 365-451/? I/ThermalEngine: Sensor:tsens_tz_sensor8:78000 mC
04-06 21:22:57.780 365-451/? I/ThermalEngine: Sensor:tsens_tz_sensor6:80000 mC
04-06 21:22:57.780 365-451/? I/ThermalEngine: Sensor:tsens_tz_sensor5:80000 mC
04-06 21:22:57.810 1932-9088/? I/GCoreUlr: Starting service, intent=Intent { act=com.google.android.location.reporting.ACTION_UPDATE_WORLD cmp=com.google.android.gms/com.google.android.location.reporting.service.DispatchingService (has extras) }, extras=Bundle[{receiverAction=com.google.android.location.internal.server.ACTION_RESTARTED}]
04-06 21:22:57.840 365-451/? I/ThermalEngine: Sensor:tsens_tz_sensor8:78000 mC
04-06 21:22:57.840 365-451/? I/ThermalEngine: Sensor:tsens_tz_sensor6:80000 mC
04-06 21:22:57.840 365-451/? I/ThermalEngine: Sensor:tsens_tz_sensor5:80000 mC
04-06 21:22:57.860 1674-1685/? I/art: Background partial concurrent mark sweep GC freed 95341(8MB) AllocSpace objects, 16(356KB) LOS objects, 40% free, 17MB/28MB, paused 659us total 302.120ms
04-06 21:22:57.890 1932-1932/? W/System.err: remove failed: ENOENT (No such file or directory) : /data/user/0/com.google.android.gms/databases/gcore_ulr_ActivityDetection.db
04-06 21:22:57.890 1932-1932/? W/System.err: remove failed: ENOENT (No such file or directory) : /data/user/0/com.google.android.gms/databases/gcore_ulr_ActivityDetection.db-journal
04-06 21:22:57.890 1932-1932/? W/System.err: remove failed: ENOENT (No such file or directory) : /data/user/0/com.google.android.gms/databases/gcore_ulr_ActivityDetection.db-shm
04-06 21:22:57.890 1932-1932/? W/System.err: remove failed: ENOENT (No such file or directory) : /data/user/0/com.google.android.gms/databases/gcore_ulr_ActivityDetection.db-wal
04-06 21:22:57.890 1932-1932/? W/System.err: remove failed: ENOENT (No such file or directory) : /data/user/0/com.google.android.gms/databases/gcore_ulr_ApiMetadata.db
04-06 21:22:57.890 1932-1932/? W/System.err: remove failed: ENOENT (No such file or directory) : /data/user/0/com.google.android.gms/databases/gcore_ulr_ApiMetadata.db-journal
04-06 21:22:57.890 1932-1932/? W/System.err: remove failed: ENOENT (No such file or directory) : /data/user/0/com.google.android.gms/databases/gcore_ulr_ApiMetadata.db-shm
04-06 21:22:57.890 1932-1932/? W/System.err: remove failed: ENOENT (No such file or directory) : /data/user/0/com.google.android.gms/databases/gcore_ulr_ApiMetadata.db-wal
04-06 21:22:57.900 1932-1932/? W/System.err: remove failed: ENOENT (No such file or directory) : /data/user/0/com.google.android.gms/databases/gcore_ulr_UlrLocation.db
04-06 21:22:57.900 1932-1932/? W/System.err: remove failed: ENOENT (No such file or directory) : /data/user/0/com.google.android.gms/databases/gcore_ulr_UlrLocation.db-journal
04-06 21:22:57.900 1932-1932/? W/System.err: remove failed: ENOENT (No such file or directory) : /data/user/0/com.google.android.gms/databases/gcore_ulr_UlrLocation.db-shm
04-06 21:22:57.910 365-451/? I/ThermalEngine: Sensor:tsens_tz_sensor8:78000 mC
04-06 21:22:57.910 365-451/? I/ThermalEngine: Sensor:tsens_tz_sensor6:80000 mC
04-06 21:22:57.910 365-451/? I/ThermalEngine: Sensor:tsens_tz_sensor5:80000 mC
04-06 21:22:57.910 1932-1932/? W/System.err: remove failed: ENOENT (No such file or directory) : /data/user/0/com.google.android.gms/databases/gcore_ulr_UlrLocation.db-wal
04-06 21:22:57.970 365-451/? I/ThermalEngine: Sensor:tsens_tz_sensor8:79000 mC
04-06 21:22:57.970 365-451/? I/ThermalEngine: Sensor:tsens_tz_sensor6:80000 mC
04-06 21:22:57.970 365-451/? I/ThermalEngine: Sensor:tsens_tz_sensor5:80000 mC
04-06 21:22:57.970 789-5304/? V/BroadcastQueue: [background] Process cur broadcast BroadcastRecord{4028f49 u-1 android.telecom.action.PHONE_ACCOUNT_REGISTERED qIdx=4}, state= (APP_RECEIVE) DELIVERED for app ProcessRecord{4a5553c 6675:android.process.acore/u0a25}
04-06 21:22:57.990 789-2136/? V/BroadcastQueue: [background] Process cur broadcast BroadcastRecord{835704e u-1 android.telecom.action.PHONE_ACCOUNT_REGISTERED qIdx=4}, state= (APP_RECEIVE) DELIVERED for app ProcessRecord{4a5553c 6675:android.process.acore/u0a25}
04-06 21:22:58.040 365-451/? I/ThermalEngine: Sensor:tsens_tz_sensor8:80000 mC
04-06 21:22:58.040 365-451/? I/ThermalEngine: Sensor:tsens_tz_sensor6:80000 mC
04-06 21:22:58.040 365-451/? I/ThermalEngine: Sensor:tsens_tz_sensor5:80000 mC
04-06 21:22:58.070 9096-9096/? E/Zygote: v2
04-06 21:22:58.070 9096-9096/? I/libpersona: KNOX_SDCARD checking this for 10064
04-06 21:22:58.070 9096-9096/? I/libpersona: KNOX_SDCARD not a persona
04-06 21:22:58.070 789-3012/? I/ActivityManager: Start proc 9096:com.asurion.android.verizon.vms/u0a64 for broadcast-3 com.asurion.android.verizon.vms/com.mcafee.verizon.receivers.VZWSystemIntentReceiver
04-06 21:22:58.080 9096-9096/? I/SELinux: Function: selinux_compare_spd_ram, index[1], SPD-policy is existed. and_ver=SEPF_SM-G900V_5.0-1 ver=51
04-06 21:22:58.080 9096-9096/? W/SELinux: Function: selinux_compare_spd_ram, index[1], priority [2], priority version is VE=SEPF_SECMOBILE_6.0.1_0029
04-06 21:22:58.080 9096-9096/? E/Zygote: accessInfo : 0
04-06 21:22:58.080 9096-9096/? W/SELinux: SELinux: seapp_context_lookup: seinfo=default, level=s0:c512,c768, pkgname=com.asurion.android.verizon.vms 
04-06 21:22:58.100 789-8867/? I/HarmonyEASService: Updating for all 1
04-06 21:22:58.100 1674-1688/? W/ResourcesManager: getTopLevelResources: /system/priv-app/SecMms_Candy_M/SecMms_Candy_M.apk / 1.0 running in com.android.phone rsrc of package null
04-06 21:22:58.100 365-451/? I/ThermalEngine: Sensor:tsens_tz_sensor8:80000 mC
04-06 21:22:58.100 365-451/? I/ThermalEngine: Sensor:tsens_tz_sensor6:80000 mC
04-06 21:22:58.100 365-451/? I/ThermalEngine: Sensor:tsens_tz_sensor5:80000 mC
04-06 21:22:58.120 9096-9096/? D/TimaKeyStoreProvider: TimaSignature is unavailable
04-06 21:22:58.120 9096-9096/? D/ActivityThread: Added TimaKeyStore provider
04-06 21:22:58.120 329-329/? A/DEBUG: Tombstone written to: /data/tombstones/tombstone_02
04-06 21:22:58.120 329-329/? E/DEBUG: AM write failed: Broken pipe
04-06 21:22:58.130 2230-2230/? E/audit: type=1701 msg=audit(1554600178.130:348): auid=4294967295 uid=10317 gid=10317 ses=4294967295 subj=u:r:untrusted_app:s0:c512,c768 pid=9081 comm="Thread-851" reason="memory violation" sig=11
04-06 21:22:58.130 789-935/? I/BootReceiver: Copying /data/tombstones/tombstone_02 to DropBox (SYSTEM_TOMBSTONE)
04-06 21:22:58.140 1932-9094/? I/GCoreUlr: WorldUpdater received intent Intent { act=com.google.android.location.reporting.ACTION_UPDATE_WORLD cmp=com.google.android.gms/com.google.android.location.reporting.service.DispatchingService (has extras) } with receiverAction com.google.android.location.internal.server.ACTION_RESTARTED
04-06 21:22:58.150 1674-1688/? W/ResourcesManager: getTopLevelResources: /data/app/com.google.android.talk-1/base.apk / 1.0 running in com.android.phone rsrc of package null
04-06 21:22:58.170 377-377/? I/Zygote: Process 9022 exited due to signal (11)
04-06 21:22:58.170 365-451/? I/ThermalEngine: Sensor:tsens_tz_sensor8:78000 mC
04-06 21:22:58.170 365-451/? I/ThermalEngine: Sensor:tsens_tz_sensor6:81000 mC
