04-06 21:22:59.610 1376-1376/? D/StatusBar.NetworkController: refreshViews connected={ data } level=3 combinedSignalIconId=0x7f02077b/com.android.systemui:drawable/tw_stat_sys_5_level_signal_3_auto_rotate mobileLabel=Verizon Wireless wifiLabel= emergencyOnly=false combinedLabel=Verizon Wireless mAirplaneMode=false mDataActivity=2 mPhoneSignalIconId=0x7f02077b/com.android.systemui:drawable/tw_stat_sys_5_level_signal_3_auto_rotate mQSPhoneSignalIconId=0x7f02015c/com.android.systemui:drawable/ic_qs_signal_3 mDataDirectionIconId=0x7f0203ff/com.android.systemui:drawable/stat_sys_data_connected_4g_lte mDataSignalIconId=0x7f02077b/com.android.systemui:drawable/tw_stat_sys_5_level_signal_3_auto_rotate mDataTypeIconId=0x7f0203ff/com.android.systemui:drawable/stat_sys_data_connected_4g_lte mQSDataTypeIconId=0x0/(null) mNoSimIconId=0x0/(null) mWifiIconId=0x7f020641/com.android.systemui:drawable/stat_sys_wifi_signal_0 mQSWifiIconId=0x7f02017c/com.android.systemui:drawable/ic_qs_wifi_no_network mWifiActivityIconId=0x0/(null) mBluetoothTetherIconId=0x7f020624/com.android.systemui:drawable/stat_sys_tether_bluetooth
04-06 21:22:59.610 1376-1376/? D/StatusBar.NetworkController: refreshNwBoosterIndicator - setNWBoosterIndicators(false)
04-06 21:22:59.610 1376-1376/? D/StatusBar.NetworkController: applyVZW
04-06 21:22:59.620 1376-1376/? D/StatusBar.NetworkController: applyVZW : mDataTypeDisabledIconIdcom.android.systemui:drawable/stat_sys_data_connected_disabled_4g_lte
04-06 21:22:59.620 1376-1376/? D/StatusBar.NetworkController: refreshNwBoosterIndicator - setNWBoosterIndicators(false)
04-06 21:22:59.620 1376-1376/? D/StatusBar.NetworkController: applyVZW
04-06 21:22:59.620 1376-1376/? D/StatusBar.NetworkController: applyVZW : mDataTypeDisabledIconIdcom.android.systemui:drawable/stat_sys_data_connected_disabled_4g_lte
04-06 21:22:59.620 1376-1376/? D/StatusBar.NetworkController: refreshNwBoosterIndicator - setNWBoosterIndicators(false)
04-06 21:22:59.620 1376-1376/? D/StatusBar.NetworkController: applyVZW
04-06 21:22:59.620 1376-1376/? D/StatusBar.NetworkController: applyVZW : mDataTypeDisabledIconIdcom.android.systemui:drawable/stat_sys_data_connected_disabled_4g_lte
04-06 21:22:59.620 1376-1376/? D/StatusBar.NetworkController: refreshNwBoosterIndicator - setNWBoosterIndicators(false)
04-06 21:22:59.620 1376-1376/? D/StatusBar.NetworkController: applyVZW
04-06 21:22:59.630 1376-1376/? D/StatusBar.NetworkController: applyVZW : mDataTypeDisabledIconIdcom.android.systemui:drawable/stat_sys_data_connected_disabled_4g_lte
04-06 21:22:59.670 365-451/? I/ThermalEngine: Sensor:tsens_tz_sensor8:72000 mC
04-06 21:22:59.670 365-451/? I/ThermalEngine: Sensor:tsens_tz_sensor6:74000 mC
04-06 21:22:59.670 365-451/? I/ThermalEngine: Sensor:tsens_tz_sensor5:74000 mC
04-06 21:22:59.670 1674-2018/? D/TP/SmsProvider: query,matched:0, calling pid = 8902
04-06 21:22:59.670 1674-2018/? D/TP/SmsProvider: query, match 0:Elapsed time : 2.086 ms
04-06 21:22:59.680 789-869/? W/ResourcesManager: getTopLevelResources: /data/app/com.google.android.apps.docs-1/base.apk / 1.0 running in null rsrc of package null
04-06 21:22:59.680 789-869/? W/ResourcesManager: getTopLevelResources: /data/app/com.google.android.apps.docs-1/base.apk / 1.0 running in null rsrc of package null
04-06 21:22:59.680 789-869/? W/ResourcesManager: getTopLevelResources: /data/app/com.google.android.youtube-1/base.apk / 1.0 running in null rsrc of package null
04-06 21:22:59.690 789-869/? W/ResourcesManager: getTopLevelResources: /data/app/com.google.android.apps.chromecast.app-2/base.apk / 1.0 running in null rsrc of package null
04-06 21:22:59.720 789-869/? W/ResourceType: ResTable_typeSpec entry count inconsistent: given 2516, previously 2521
04-06 21:22:59.730 365-451/? I/ThermalEngine: Sensor:tsens_tz_sensor8:72000 mC
04-06 21:22:59.730 365-451/? I/ThermalEngine: Sensor:tsens_tz_sensor6:73000 mC
04-06 21:22:59.730 365-451/? I/ThermalEngine: Sensor:tsens_tz_sensor5:73000 mC
04-06 21:22:59.750 789-869/? W/ResourceType: ResTable_typeSpec entry count inconsistent: given 916, previously 935
04-06 21:22:59.760 789-869/? W/ResourcesManager: getTopLevelResources: /data/app/com.google.android.apps.chromecast.app-2/base.apk / 1.0 running in null rsrc of package null
04-06 21:22:59.770 789-869/? W/ResourcesManager: getTopLevelResources: /data/app/com.google.android.apps.docs.editors.docs-1/base.apk / 1.0 running in null rsrc of package null
04-06 21:22:59.770 789-869/? W/ResourcesManager: getTopLevelResources: /data/app/com.google.android.googlequicksearchbox-1/base.apk / 1.0 running in null rsrc of package null
04-06 21:22:59.800 365-451/? I/ThermalEngine: Sensor:tsens_tz_sensor8:71000 mC
04-06 21:22:59.800 365-451/? I/ThermalEngine: Sensor:tsens_tz_sensor6:73000 mC
04-06 21:22:59.800 365-451/? I/ThermalEngine: Sensor:tsens_tz_sensor5:73000 mC
04-06 21:22:59.860 365-451/? I/ThermalEngine: Sensor:tsens_tz_sensor8:71000 mC
04-06 21:22:59.860 365-451/? I/ThermalEngine: Sensor:tsens_tz_sensor6:72000 mC
04-06 21:22:59.860 365-451/? I/ThermalEngine: Sensor:tsens_tz_sensor5:72000 mC
04-06 21:22:59.930 365-451/? I/ThermalEngine: Sensor:tsens_tz_sensor8:71000 mC
04-06 21:22:59.930 365-451/? I/ThermalEngine: Sensor:tsens_tz_sensor6:72000 mC
04-06 21:22:59.930 365-451/? I/ThermalEngine: Sensor:tsens_tz_sensor5:72000 mC
04-06 21:22:59.990 789-1268/? V/AlarmManager: Expired Alarm result :8
04-06 21:23:00.000 365-451/? I/ThermalEngine: Sensor:tsens_tz_sensor8:71000 mC
04-06 21:23:00.000 365-451/? I/ThermalEngine: Sensor:tsens_tz_sensor6:72000 mC
04-06 21:23:00.000 365-451/? I/ThermalEngine: Sensor:tsens_tz_sensor5:72000 mC
04-06 21:23:00.030 1376-1376/? D/KeyguardUpdateMonitor: received broadcast android.intent.action.TIME_TICK
04-06 21:23:00.030 1376-1376/? I/PERF: received broadcast android.intent.action.TIME_TICK
04-06 21:23:00.030 1376-1376/? D/KeyguardUpdateMonitor: handleTimeUpdate
04-06 21:23:00.040 9096-9105/? W/art: Suspending all threads took: 7.784ms
04-06 21:23:00.040 1376-1376/? D/SecKeyguardClockView: onTimeChanged() : mShouldShowDualClock - false, isDualClockSet() -false
04-06 21:23:00.050 1376-1376/? D/DateView: regionalDateFormat = h:mm a isRTLlanguage = false returnDateFormat = E, d MMMM
04-06 21:23:00.050 1376-1376/? D/DateView: regionalDateFormat = h:mm a isRTLlanguage = false returnDateFormat = E, d MMMM
04-06 21:23:00.050 1376-1376/? D/DateView: regionalDateFormat = h:mm a isRTLlanguage = false returnDateFormat = E, d MMMM
04-06 21:23:00.050 1376-1376/? D/DateView: regionalDateFormat = h:mm a isRTLlanguage = false returnDateFormat = E, d MMMM
04-06 21:23:00.050 1376-1376/? D/DateView: regionalDateFormat = h:mm a isRTLlanguage = false returnDateFormat = E, d MMMM
04-06 21:23:00.050 1376-1376/? D/DateView: regionalDateFormat = h:mm a isRTLlanguage = false returnDateFormat = E, d MMMM
04-06 21:23:00.050 1376-1376/? D/SecKeyguardStatusUtils: regionalDateFormat = h:mm a isRTLlanguage = false returnDateFormat = E, d MMMM
04-06 21:23:00.060 365-451/? I/ThermalEngine: Sensor:tsens_tz_sensor8:71000 mC
04-06 21:23:00.060 365-451/? I/ThermalEngine: Sensor:tsens_tz_sensor6:72000 mC
04-06 21:23:00.060 365-451/? I/ThermalEngine: Sensor:tsens_tz_sensor5:72000 mC
04-06 21:23:00.100 789-869/? W/ResourcesManager: getTopLevelResources: /data/app/com.google.android.googlequicksearchbox-1/base.apk / 1.0 running in null rsrc of package null
04-06 21:23:00.110 789-869/? W/ResourcesManager: getTopLevelResources: /system/priv-app/SecGallery2014/SecGallery2014.apk / 1.0 running in null rsrc of package null
04-06 21:23:00.130 365-451/? I/ThermalEngine: Sensor:tsens_tz_sensor8:70000 mC
04-06 21:23:00.130 365-451/? I/ThermalEngine: Sensor:tsens_tz_sensor6:71000 mC
04-06 21:23:00.130 365-451/? I/ThermalEngine: Sensor:tsens_tz_sensor5:71000 mC
04-06 21:23:00.190 365-451/? I/ThermalEngine: Sensor:tsens_tz_sensor8:70000 mC
04-06 21:23:00.190 365-451/? I/ThermalEngine: Sensor:tsens_tz_sensor6:71000 mC
04-06 21:23:00.190 365-451/? I/ThermalEngine: Sensor:tsens_tz_sensor5:71000 mC
04-06 21:23:00.200 1376-1376/? D/SecKeyguardStatusUtils: regionalDateFormat = h:mm a isRTLlanguage = false returnDateFormat = E, d MMMM
04-06 21:23:00.230 789-869/? W/ResourcesManager: getTopLevelResources: /system/priv-app/SecGallery2014/SecGallery2014.apk / 1.0 running in null rsrc of package null
04-06 21:23:00.230 789-869/? W/ResourcesManager: getTopLevelResources: /system/priv-app/SecVideoPlayer/SecVideoPlayer.apk / 1.0 running in null rsrc of package null
04-06 21:23:00.260 365-451/? I/ThermalEngine: Sensor:tsens_tz_sensor8:70000 mC
04-06 21:23:00.260 365-451/? I/ThermalEngine: Sensor:tsens_tz_sensor6:71000 mC
04-06 21:23:00.260 365-451/? I/ThermalEngine: Sensor:tsens_tz_sensor5:71000 mC
04-06 21:23:00.260 789-869/? W/ResourcesManager: getTopLevelResources: /system/priv-app/SecVideoPlayer/SecVideoPlayer.apk / 1.0 running in null rsrc of package null
04-06 21:23:00.260 789-869/? W/ResourcesManager: getTopLevelResources: /system/priv-app/SecMyFiles2014/SecMyFiles2014.apk / 1.0 running in null rsrc of package null
04-06 21:23:00.270 7861-9178/? D/EventNotificationJob: Running EventNotificationJob, isDetail=true
04-06 21:23:00.270 1674-2748/? D/TP/MmsProvider: query uri=content://mms, match=0, calling pid = 8902
04-06 21:23:00.290 1674-2748/? D/TP/MmsProvider: query uri=content://mms, match=0:Elapsed time : 13.330 ms
04-06 21:23:00.300 789-869/? W/ResourcesManager: getTopLevelResources: /system/priv-app/SecMyFiles2014/SecMyFiles2014.apk / 1.0 running in null rsrc of package null
04-06 21:23:00.300 789-869/? W/ResourcesManager: getTopLevelResources: /system/priv-app/VoiceNote/VoiceNote.apk / 1.0 running in null rsrc of package null
04-06 21:23:00.300 789-789/? D/CustomFrequencyManagerService: releaseDVFSLockLocked : Getting Lock type frm List : DVFS_MIN_LIMIT  frequency : 2457600  uid : 1000  pid : 789  tag : ROTATION_BOOSTER@35
04-06 21:23:00.310 789-869/? W/ResourcesManager: getTopLevelResources: /system/priv-app/VoiceNote/VoiceNote.apk / 1.0 running in null rsrc of package null
04-06 21:23:00.310 789-869/? W/ResourcesManager: getTopLevelResources: /system/priv-app/SecContacts_M_OSup_Legacy_USA/SecContacts_M_OSup_Legacy_USA.apk / 1.0 running in null rsrc of package null
04-06 21:23:00.320 365-451/? I/ThermalEngine: Sensor:tsens_tz_sensor8:69000 mC
04-06 21:23:00.320 365-451/? I/ThermalEngine: Sensor:tsens_tz_sensor6:71000 mC
04-06 21:23:00.320 365-451/? I/ThermalEngine: Sensor:tsens_tz_sensor5:71000 mC
04-06 21:23:00.370 789-869/? W/ResourcesManager: getTopLevelResources: /system/priv-app/SecContacts_M_OSup_Legacy_USA/SecContacts_M_OSup_Legacy_USA.apk / 1.0 running in null rsrc of package null
04-06 21:23:00.370 789-869/? W/ResourcesManager: getTopLevelResources: /data/app/com.sec.android.app.music-2/base.apk / 1.0 running in null rsrc of package null
04-06 21:23:00.380 789-869/? W/ResourcesManager: getTopLevelResources: /system/priv-app/SFinder_v4/SFinder_v4.apk / 1.0 running in null rsrc of package null
04-06 21:23:00.390 365-451/? I/ThermalEngine: Sensor:tsens_tz_sensor8:69000 mC
04-06 21:23:00.390 365-451/? I/ThermalEngine: Sensor:tsens_tz_sensor6:70000 mC
04-06 21:23:00.390 365-451/? I/ThermalEngine: Sensor:tsens_tz_sensor5:71000 mC
04-06 21:23:00.400 789-869/? W/ResourcesManager: getTopLevelResources: /system/priv-app/SFinder_v4/SFinder_v4.apk / 1.0 running in null rsrc of package null
04-06 21:23:00.400 789-869/? W/ResourcesManager: getTopLevelResources: /system/priv-app/SFinder_v4/SFinder_v4.apk / 1.0 running in null rsrc of package null
04-06 21:23:00.440 789-869/? W/ResourcesManager: getTopLevelResources: /system/priv-app/SecMms_Candy_M/SecMms_Candy_M.apk / 1.0 running in null rsrc of package null
04-06 21:23:00.440 789-869/? W/ResourcesManager: getTopLevelResources: /system/priv-app/SecContacts_M_OSup_Legacy_USA/SecContacts_M_OSup_Legacy_USA.apk / 1.0 running in null rsrc of package null
04-06 21:23:00.440 789-869/? W/ResourcesManager: getTopLevelResources: /system/app/SecEmail_K/SecEmail_K.apk / 1.0 running in null rsrc of package null
04-06 21:23:00.450 365-451/? I/ThermalEngine: Sensor:tsens_tz_sensor8:69000 mC
04-06 21:23:00.450 365-451/? I/ThermalEngine: Sensor:tsens_tz_sensor6:70000 mC
04-06 21:23:00.450 365-451/? I/ThermalEngine: Sensor:tsens_tz_sensor5:70000 mC
04-06 21:23:00.470 789-869/? W/ResourcesManager: getTopLevelResources: /system/app/SecEmail_K/SecEmail_K.apk / 1.0 running in null rsrc of package null
04-06 21:23:00.480 789-869/? W/ResourcesManager: getTopLevelResources: /system/app/SecMemoDL/SecMemoDL.apk / 1.0 running in null rsrc of package null
04-06 21:23:00.520 365-451/? I/ThermalEngine: Sensor:tsens_tz_sensor8:69000 mC
04-06 21:23:00.520 365-451/? I/ThermalEngine: Sensor:tsens_tz_sensor6:70000 mC
04-06 21:23:00.520 365-451/? I/ThermalEngine: Sensor:tsens_tz_sensor5:70000 mC
04-06 21:23:00.520 789-789/? D/EPDG -- [EPDGService]: onDataActivity: direction=3
04-06 21:23:00.520 1376-1376/? D/StatusBar.NetworkController: onDataActivity: direction=3
04-06 21:23:00.540 7861-9178/? D/EventNotificationJob:   finished processing events.
04-06 21:23:00.550 1376-1376/? D/StatusBar.NetworkController: updateDataIcon, mDataDirectionIconId = com.android.systemui:drawable/stat_sys_data_connected_4g_lte mDataConnected = true
04-06 21:23:00.570 789-869/? W/ResourcesManager: getTopLevelResources: /system/app/SecMemoDL/SecMemoDL.apk / 1.0 running in null rsrc of package null
04-06 21:23:00.580 365-451/? I/ThermalEngine: Sensor:tsens_tz_sensor8:69000 mC
04-06 21:23:00.580 365-451/? I/ThermalEngine: Sensor:tsens_tz_sensor6:70000 mC
04-06 21:23:00.580 365-451/? I/ThermalEngine: Sensor:tsens_tz_sensor5:70000 mC
04-06 21:23:00.580 789-869/? W/ResourcesManager: getTopLevelResources: /system/app/AccuweatherPhone2014_K_MMR_fHD/AccuweatherPhone2014_K_MMR_fHD.apk / 1.0 running in null rsrc of package null
04-06 21:23:00.600 789-869/? W/ResourcesManager: getTopLevelResources: /data/app/com.amazon.kindle-2/base.apk / 1.0 running in null rsrc of package null
04-06 21:23:00.600 789-869/? W/ResourcesManager: getTopLevelResources: /data/app/com.amazon.kindle-2/base.apk / 1.0 running in null rsrc of package null
04-06 21:23:00.600 789-869/? W/ResourcesManager: getTopLevelResources: /data/app/com.amazon.kindle-2/base.apk / 1.0 running in null rsrc of package null
04-06 21:23:00.600 789-869/? W/ResourcesManager: getTopLevelResources: /data/app/com.amazon.kindle-2/base.apk / 1.0 running in null rsrc of package null
04-06 21:23:00.610 1674-1688/? D/TP/SmsProvider: query,matched:0, calling pid = 8902
04-06 21:23:00.610 1674-1688/? D/TP/SmsProvider: query, match 0:Elapsed time : 2.831 ms
04-06 21:23:00.620 789-869/? W/ResourcesManager: getTopLevelResources: /data/app/com.amazon.kindle-2/base.apk / 1.0 running in null rsrc of package null
04-06 21:23:00.620 789-869/? W/ResourcesManager: getTopLevelResources: /data/app/com.amazon.kindle-2/base.apk / 1.0 running in null rsrc of package null
04-06 21:23:00.620 789-869/? W/ResourcesManager: getTopLevelResources: /data/app/com.sec.android.app.music-2/base.apk / 1.0 running in null rsrc of package null
04-06 21:23:00.620 789-869/? W/ResourcesManager: getTopLevelResources: /data/app/com.google.android.gms-1/base.apk / 1.0 running in null rsrc of package null
04-06 21:23:00.620 789-869/? W/ResourcesManager: getTopLevelResources: /data/app/com.sec.android.app.shealth-1/base.apk / 1.0 running in null rsrc of package null
04-06 21:23:00.620 789-869/? W/ResourcesManager: getTopLevelResources: /data/app/com.sec.android.app.shealth-1/base.apk / 1.0 running in null rsrc of package null
04-06 21:23:00.650 365-451/? I/ThermalEngine: Sensor:tsens_tz_sensor8:69000 mC
04-06 21:23:00.650 365-451/? I/ThermalEngine: Sensor:tsens_tz_sensor6:70000 mC
04-06 21:23:00.650 365-451/? I/ThermalEngine: Sensor:tsens_tz_sensor5:70000 mC
04-06 21:23:00.650 789-869/? W/ResourcesManager: getTopLevelResources: /data/app/com.sec.android.app.shealth-1/base.apk / 1.0 running in null rsrc of package null
04-06 21:23:00.650 1376-1376/? D/StatusBar.NetworkController: refreshViews connected={ data } level=3 combinedSignalIconId=0x7f02077b/com.android.systemui:drawable/tw_stat_sys_5_level_signal_3_auto_rotate mobileLabel=Verizon Wireless wifiLabel= emergencyOnly=false combinedLabel=Verizon Wireless mAirplaneMode=false mDataActivity=3 mPhoneSignalIconId=0x7f02077b/com.android.systemui:drawable/tw_stat_sys_5_level_signal_3_auto_rotate mQSPhoneSignalIconId=0x7f02015c/com.android.systemui:drawable/ic_qs_signal_3 mDataDirectionIconId=0x7f0203ff/com.android.systemui:drawable/stat_sys_data_connected_4g_lte mDataSignalIconId=0x7f02077b/com.android.systemui:drawable/tw_stat_sys_5_level_signal_3_auto_rotate mDataTypeIconId=0x7f0203ff/com.android.systemui:drawable/stat_sys_data_connected_4g_lte mQSDataTypeIconId=0x0/(null) mNoSimIconId=0x0/(null) mWifiIconId=0x7f020641/com.android.systemui:drawable/stat_sys_wifi_signal_0 mQSWifiIconId=0x7f02017c/com.android.systemui:drawable/ic_qs_wifi_no_network mWifiActivityIconId=0x0/(null) mBluetoothTetherIconId=0x7f020624/com.android.systemui:drawable/stat_sys_tether_bluetooth
04-06 21:23:00.650 1376-1376/? D/StatusBar.NetworkController: refreshNwBoosterIndicator - setNWBoosterIndicators(false)
04-06 21:23:00.650 1376-1376/? D/StatusBar.NetworkController: applyVZW
04-06 21:23:00.650 789-869/? W/ResourcesManager: getTopLevelResources: /data/app/com.audible.application-2/base.apk / 1.0 running in null rsrc of package null
04-06 21:23:00.660 789-869/? W/ResourcesManager: getTopLevelResources: /data/app/com.google.android.music-2/base.apk / 1.0 running in null rsrc of package null
04-06 21:23:00.660 789-869/? W/ResourcesManager: getTopLevelResources: /data/app/com.google.android.youtube-1/base.apk / 1.0 running in null rsrc of package null
04-06 21:23:00.660 1376-1376/? D/StatusBar.NetworkController: applyVZW : mDataTypeDisabledIconIdcom.android.systemui:drawable/stat_sys_data_connected_disabled_4g_lte
04-06 21:23:00.660 1376-1376/? D/StatusBar.NetworkController: refreshNwBoosterIndicator - setNWBoosterIndicators(false)
04-06 21:23:00.660 1376-1376/? D/StatusBar.NetworkController: applyVZW
04-06 21:23:00.660 789-869/? W/ResourcesManager: getTopLevelResources: /data/app/com.twitter.android-2/base.apk / 1.0 running in null rsrc of package null
04-06 21:23:00.670 1376-1376/? D/StatusBar.NetworkController: applyVZW : mDataTypeDisabledIconIdcom.android.systemui:drawable/stat_sys_data_connected_disabled_4g_lte
04-06 21:23:00.670 1376-1376/? D/StatusBar.NetworkController: refreshNwBoosterIndicator - setNWBoosterIndicators(false)
04-06 21:23:00.670 1376-1376/? D/StatusBar.NetworkController: applyVZW
04-06 21:23:00.670 1376-1376/? D/StatusBar.NetworkController: applyVZW : mDataTypeDisabledIconIdcom.android.systemui:drawable/stat_sys_data_connected_disabled_4g_lte
04-06 21:23:00.670 789-869/? W/ResourcesManager: getTopLevelResources: /data/app/com.google.android.apps.docs.editors.docs-1/base.apk / 1.0 running in null rsrc of package null
04-06 21:23:00.670 1376-1376/? D/StatusBar.NetworkController: refreshNwBoosterIndicator - setNWBoosterIndicators(false)
04-06 21:23:00.670 1376-1376/? D/StatusBar.NetworkController: applyVZW
04-06 21:23:00.680 1376-1376/? D/StatusBar.NetworkController: applyVZW : mDataTypeDisabledIconIdcom.android.systemui:drawable/stat_sys_data_connected_disabled_4g_lte
04-06 21:23:00.680 789-869/? W/ResourcesManager: getTopLevelResources: /system/priv-app/SecSettings/SecSettings.apk / 1.0 running in null rsrc of package null
04-06 21:23:00.680 789-869/? W/ResourcesManager: getTopLevelResources: /system/priv-app/SecMms_Candy_M/SecMms_Candy_M.apk / 1.0 running in null rsrc of package null
04-06 21:23:00.680 789-869/? W/ResourcesManager: getTopLevelResources: /system/app/SPlanner_M_OS_UPG/SPlanner_M_OS_UPG.apk / 1.0 running in null rsrc of package null
04-06 21:23:00.680 789-869/? W/ResourcesManager: getTopLevelResources: /system/app/InteractiveTutorial/InteractiveTutorial.apk / 1.0 running in null rsrc of package null
04-06 21:23:00.680 789-869/? W/ResourcesManager: getTopLevelResources: /system/app/AccuweatherPhone2014_K_MMR_fHD/AccuweatherPhone2014_K_MMR_fHD.apk / 1.0 running in null rsrc of package null
04-06 21:23:00.680 789-869/? W/ResourcesManager: getTopLevelResources: /data/app/com.vznavigator.Generic-1/base.apk / 1.0 running in null rsrc of package null
04-06 21:23:00.680 789-869/? W/ResourcesManager: getTopLevelResources: /data/app/com.android.chrome-2/base.apk / 1.0 running in null rsrc of package null
04-06 21:23:00.680 789-869/? W/ResourcesManager: getTopLevelResources: /data/app/com.sec.android.app.music-2/base.apk / 1.0 running in null rsrc of package null
04-06 21:23:00.690 789-869/? W/ResourcesManager: getTopLevelResources: /data/app/com.google.android.gms-1/base.apk / 1.0 running in null rsrc of package null
04-06 21:23:00.690 789-869/? W/ResourcesManager: getTopLevelResources: /data/app/com.google.android.apps.docs-1/base.apk / 1.0 running in null rsrc of package null
04-06 21:23:00.690 789-869/? W/ResourcesManager: getTopLevelResources: /data/app/com.google.android.apps.docs-1/base.apk / 1.0 running in null rsrc of package null
04-06 21:23:00.690 789-869/? W/ResourcesManager: getTopLevelResources: /data/app/com.google.android.youtube-1/base.apk / 1.0 running in null rsrc of package null
04-06 21:23:00.690 789-869/? W/ResourcesManager: getTopLevelResources: /data/app/com.google.android.apps.chromecast.app-2/base.apk / 1.0 running in null rsrc of package null
04-06 21:23:00.690 789-869/? W/ResourcesManager: getTopLevelResources: /data/app/com.google.android.apps.docs.editors.docs-1/base.apk / 1.0 running in null rsrc of package null
04-06 21:23:00.690 789-869/? W/ResourcesManager: getTopLevelResources: /data/app/com.google.android.googlequicksearchbox-1/base.apk / 1.0 running in null rsrc of package null
04-06 21:23:00.690 789-869/? W/ResourcesManager: getTopLevelResources: /system/priv-app/SecGallery2014/SecGallery2014.apk / 1.0 running in null rsrc of package null
04-06 21:23:00.700 789-869/? W/ResourcesManager: getTopLevelResources: /system/priv-app/SecVideoPlayer/SecVideoPlayer.apk / 1.0 running in null rsrc of package null
04-06 21:23:00.700 789-869/? W/ResourcesManager: getTopLevelResources: /system/priv-app/SecMyFiles2014/SecMyFiles2014.apk / 1.0 running in null rsrc of package null
04-06 21:23:00.700 789-869/? W/ResourcesManager: getTopLevelResources: /system/priv-app/VoiceNote/VoiceNote.apk / 1.0 running in null rsrc of package null
04-06 21:23:00.710 789-869/? W/ResourcesManager: getTopLevelResources: /system/priv-app/SecContacts_M_OSup_Legacy_USA/SecContacts_M_OSup_Legacy_USA.apk / 1.0 running in null rsrc of package null
04-06 21:23:00.710 789-869/? W/ResourcesManager: getTopLevelResources: /data/app/com.sec.android.app.music-2/base.apk / 1.0 running in null rsrc of package null
04-06 21:23:00.710 789-869/? W/ResourcesManager: getTopLevelResources: /system/priv-app/SFinder_v4/SFinder_v4.apk / 1.0 running in null rsrc of package null
04-06 21:23:00.710 789-869/? W/ResourcesManager: getTopLevelResources: /system/priv-app/SFinder_v4/SFinder_v4.apk / 1.0 running in null rsrc of package null
04-06 21:23:00.710 789-869/? W/ResourcesManager: getTopLevelResources: /system/priv-app/SFinder_v4/SFinder_v4.apk / 1.0 running in null rsrc of package null
04-06 21:23:00.710 365-451/? I/ThermalEngine: Sensor:tsens_tz_sensor8:69000 mC
04-06 21:23:00.710 365-451/? I/ThermalEngine: Sensor:tsens_tz_sensor6:69000 mC
04-06 21:23:00.710 365-451/? I/ThermalEngine: Sensor:tsens_tz_sensor5:70000 mC
04-06 21:23:00.720 789-869/? W/ResourcesManager: getTopLevelResources: /system/app/QuickConnect_30/QuickConnect_30.apk / 1.0 running in null rsrc of package null
04-06 21:23:00.720 789-869/? W/ResourcesManager: getTopLevelResources: /system/app/QuickConnect_30/QuickConnect_30.apk / 1.0 running in null rsrc of package null
04-06 21:23:00.720 789-869/? W/ResourcesManager: getTopLevelResources: /system/priv-app/SFinder_v4/SFinder_v4.apk / 1.0 running in null rsrc of package null
04-06 21:23:00.720 789-869/? W/ResourcesManager: getTopLevelResources: /system/app/QuickConnect_30/QuickConnect_30.apk / 1.0 running in null rsrc of package null
04-06 21:23:00.740 8902-8911/? W/art: Suspending all threads took: 6.614ms
04-06 21:23:00.740 1689-1689/? E/Launcher.Model: onPackageChanged :com.ssugamejam.stepdimension
04-06 21:23:00.740 1689-1771/? D/LauncherApps: getActivityList callingUid: 0 user: 0
04-06 21:23:00.740 1689-1771/? W/ResourcesManager: getTopLevelResources: /data/app/com.ssugamejam.stepdimension-2/base.apk / 1.0 running in com.sec.android.app.launcher rsrc of package null
04-06 21:23:00.760 1689-1771/? W/ResourcesManager: getTopLevelResources: /data/app/com.ssugamejam.stepdimension-2/base.apk / 1.0 running in com.sec.android.app.launcher rsrc of package null
04-06 21:23:00.770 1689-1771/? D/LauncherActivityInfo: mActivityInfo.packageName = com.ssugamejam.stepdimension
04-06 21:23:00.780 365-451/? I/ThermalEngine: Sensor:tsens_tz_sensor8:68000 mC
04-06 21:23:00.780 365-451/? I/ThermalEngine: Sensor:tsens_tz_sensor6:69000 mC
04-06 21:23:00.780 365-451/? I/ThermalEngine: Sensor:tsens_tz_sensor5:70000 mC
04-06 21:23:00.840 365-451/? I/ThermalEngine: Sensor:tsens_tz_sensor8:69000 mC
04-06 21:23:00.840 365-451/? I/ThermalEngine: Sensor:tsens_tz_sensor6:69000 mC
04-06 21:23:00.840 365-451/? I/ThermalEngine: Sensor:tsens_tz_sensor5:70000 mC
04-06 21:23:00.910 365-451/? I/ThermalEngine: Sensor:tsens_tz_sensor8:68000 mC
04-06 21:23:00.910 365-451/? I/ThermalEngine: Sensor:tsens_tz_sensor6:69000 mC
04-06 21:23:00.910 365-451/? I/ThermalEngine: Sensor:tsens_tz_sensor5:69000 mC
04-06 21:23:00.970 365-451/? I/ThermalEngine: Sensor:tsens_tz_sensor8:69000 mC
04-06 21:23:00.970 365-451/? I/ThermalEngine: Sensor:tsens_tz_sensor6:69000 mC
04-06 21:23:00.970 365-451/? I/ThermalEngine: Sensor:tsens_tz_sensor5:69000 mC
04-06 21:23:01.020 8902-8911/? W/art: Suspending all threads took: 6.041ms
04-06 21:23:01.020 789-950/? I/art: Starting a blocking GC Explicit
04-06 21:23:01.040 365-451/? I/ThermalEngine: Sensor:tsens_tz_sensor8:68000 mC
04-06 21:23:01.040 365-451/? I/ThermalEngine: Sensor:tsens_tz_sensor6:70000 mC
04-06 21:23:01.040 365-451/? I/ThermalEngine: Sensor:tsens_tz_sensor5:69000 mC
04-06 21:23:01.110 365-451/? I/ThermalEngine: Sensor:tsens_tz_sensor8:68000 mC
04-06 21:23:01.110 365-451/? I/ThermalEngine: Sensor:tsens_tz_sensor6:69000 mC
04-06 21:23:01.110 365-451/? I/ThermalEngine: Sensor:tsens_tz_sensor5:69000 mC
04-06 21:23:01.170 365-451/? I/ThermalEngine: Sensor:tsens_tz_sensor8:68000 mC
04-06 21:23:01.170 365-451/? I/ThermalEngine: Sensor:tsens_tz_sensor6:70000 mC
04-06 21:23:01.170 365-451/? I/ThermalEngine: Sensor:tsens_tz_sensor5:69000 mC
04-06 21:23:01.240 365-451/? I/ThermalEngine: Sensor:tsens_tz_sensor8:68000 mC
04-06 21:23:01.240 365-451/? I/ThermalEngine: Sensor:tsens_tz_sensor6:70000 mC
04-06 21:23:01.240 365-451/? I/ThermalEngine: Sensor:tsens_tz_sensor5:69000 mC
04-06 21:23:01.300 365-451/? I/ThermalEngine: Sensor:tsens_tz_sensor8:68000 mC
04-06 21:23:01.300 365-451/? I/ThermalEngine: Sensor:tsens_tz_sensor6:69000 mC
04-06 21:23:01.300 365-451/? I/ThermalEngine: Sensor:tsens_tz_sensor5:69000 mC
04-06 21:23:01.300 789-950/? I/art: Explicit concurrent mark sweep GC freed 39996(2MB) AllocSpace objects, 16(1312KB) LOS objects, 23% free, 53MB/69MB, paused 15.255ms total 284.469ms
04-06 21:23:01.360 1674-2748/? D/TP/MmsProvider: query uri=content://mms, match=0, calling pid = 8902
04-06 21:23:01.370 365-451/? I/ThermalEngine: Sensor:tsens_tz_sensor8:68000 mC
04-06 21:23:01.370 365-451/? I/ThermalEngine: Sensor:tsens_tz_sensor6:69000 mC
04-06 21:23:01.370 365-451/? I/ThermalEngine: Sensor:tsens_tz_sensor5:69000 mC
04-06 21:23:01.400 1674-2748/? D/TP/MmsProvider: query uri=content://mms, match=0:Elapsed time : 38.257 ms
04-06 21:23:01.430 365-451/? I/ThermalEngine: Sensor:tsens_tz_sensor8:68000 mC
04-06 21:23:01.430 365-451/? I/ThermalEngine: Sensor:tsens_tz_sensor6:69000 mC
04-06 21:23:01.430 365-451/? I/ThermalEngine: Sensor:tsens_tz_sensor5:69000 mC
04-06 21:23:01.500 365-451/? I/ThermalEngine: Sensor:tsens_tz_sensor8:68000 mC
04-06 21:23:01.500 365-451/? I/ThermalEngine: Sensor:tsens_tz_sensor6:69000 mC
04-06 21:23:01.500 365-451/? I/ThermalEngine: Sensor:tsens_tz_sensor5:69000 mC
04-06 21:23:01.520 7861-8193/? D/ClClient: Not sending keepalive.  Current connection state=STOPPED
04-06 21:23:01.520 9096-9182/? W/ResourcesManager: getTopLevelResources: /data/app/com.google.android.gms-1/base.apk / 1.0 running in com.asurion.android.verizon.vms rsrc of package null
04-06 21:23:01.540 9096-9096/? I/art: Rejecting re-init on previously-failed class java.lang.Class<android.support.v4.app.s$f>
04-06 21:23:01.550 9096-9096/? I/art: Rejecting re-init on previously-failed class java.lang.Class<android.support.v4.app.s$f>
04-06 21:23:01.560 365-451/? I/ThermalEngine: Sensor:tsens_tz_sensor8:68000 mC
04-06 21:23:01.560 365-451/? I/ThermalEngine: Sensor:tsens_tz_sensor6:69000 mC
04-06 21:23:01.560 365-451/? I/ThermalEngine: Sensor:tsens_tz_sensor5:69000 mC
04-06 21:23:01.570 9186-9186/? E/TZ_CCM_SERVER: Only 'CCM' are supported
04-06 21:23:01.570 9186-9186/? I/TZ_CCM_SERVER: ###Exit TZ CCM Server
04-06 21:23:01.580 9096-9139/? W/art: Failed to open zip archive '/system/framework/com.qti.location.sdk.jar': I/O Error
04-06 21:23:01.630 365-451/? I/ThermalEngine: Sensor:tsens_tz_sensor8:68000 mC
04-06 21:23:01.630 365-451/? I/ThermalEngine: Sensor:tsens_tz_sensor6:69000 mC
04-06 21:23:01.630 365-451/? I/ThermalEngine: Sensor:tsens_tz_sensor5:69000 mC
04-06 21:23:01.650 789-3011/? V/BroadcastQueue: [background] Process cur broadcast BroadcastRecord{b6defb1 u0 null qIdx=4}, state= (APP_RECEIVE) DELIVERED for app ProcessRecord{c92e1bd 9096:com.asurion.android.verizon.vms/u0a64}
04-06 21:23:01.690 365-451/? I/ThermalEngine: Sensor:tsens_tz_sensor8:68000 mC
04-06 21:23:01.690 365-451/? I/ThermalEngine: Sensor:tsens_tz_sensor6:68000 mC
04-06 21:23:01.690 365-451/? I/ThermalEngine: Sensor:tsens_tz_sensor5:69000 mC
04-06 21:23:01.740 8902-8911/? W/art: Suspending all threads took: 16.108ms
04-06 21:23:01.760 365-451/? I/ThermalEngine: Sensor:tsens_tz_sensor8:68000 mC
04-06 21:23:01.760 365-451/? I/ThermalEngine: Sensor:tsens_tz_sensor6:68000 mC
04-06 21:23:01.760 365-451/? I/ThermalEngine: Sensor:tsens_tz_sensor5:69000 mC
04-06 21:23:01.790 789-1847/? D/ConnectivityService: returning getNetworkInfo for network type 0 : [type: MOBILE[LTE] - MOBILE, state: CONNECTED/CONNECTED, reason: (unspecified), extra: VZWINTERNET, roaming: false, failover: false, isAvailable: true]
04-06 21:23:01.820 8560-9184/? W/QuotientRetailersCache: WARNING: about to clear the retailers cache.
04-06 21:23:01.820 365-451/? I/ThermalEngine: Sensor:tsens_tz_sensor8:68000 mC
04-06 21:23:01.820 365-451/? I/ThermalEngine: Sensor:tsens_tz_sensor6:68000 mC
04-06 21:23:01.820 365-451/? I/ThermalEngine: Sensor:tsens_tz_sensor5:69000 mC
04-06 21:23:01.880 789-809/? V/BroadcastQueue: [background] Process cur broadcast BroadcastRecord{b9e66b3 u-1 android.telecom.action.PHONE_ACCOUNT_REGISTERED qIdx=4}, state= (APP_RECEIVE) DELIVERED for app ProcessRecord{4a5553c 6675:android.process.acore/u0a25}
04-06 21:23:01.890 789-5304/? W/BroadcastQueue: Permission Denial: broadcasting Intent { act=android.intent.action.MEDIA_SCANNER_STARTED dat=file:///storage/emulated/0 flg=0x10 } from com.android.providers.downloads (pid=3328, uid=10050) is not exported from uid 10064 due to receiver com.asurion.android.verizon.vms/com.mcafee.vsm.sdk.receiver.SdcardBroadcastReceiver
04-06 21:23:01.890 365-451/? I/ThermalEngine: Sensor:tsens_tz_sensor8:68000 mC
04-06 21:23:01.890 365-451/? I/ThermalEngine: Sensor:tsens_tz_sensor6:68000 mC
04-06 21:23:01.890 365-451/? I/ThermalEngine: Sensor:tsens_tz_sensor5:68000 mC
04-06 21:23:01.910 789-877/? V/BroadcastQueue: [background] Process cur broadcast BroadcastRecord{72e7470 u-1 android.telecom.action.PHONE_ACCOUNT_REGISTERED qIdx=4}, state= (APP_RECEIVE) DELIVERED for app ProcessRecord{4a5553c 6675:android.process.acore/u0a25}
04-06 21:23:01.930 789-3012/? V/BroadcastQueue: [background] Process cur broadcast BroadcastRecord{4e1e3e9 u-1 android.intent.action.SERVICE_STATE qIdx=4}, state= (APP_RECEIVE) DELIVERED for app ProcessRecord{4790fd4 8849:com.sec.android.app.mt/1000}
04-06 21:23:01.930 8849-8849/? D/StatusChecker: onReceive : android.intent.action.SERVICE_STATE
04-06 21:23:01.930 8849-8849/? D/StatusChecker: onReceive : SIMChangeAlertOption disabled return
04-06 21:23:01.950 365-451/? I/ThermalEngine: Sensor:tsens_tz_sensor8:68000 mC
04-06 21:23:01.950 365-451/? I/ThermalEngine: Sensor:tsens_tz_sensor6:68000 mC
04-06 21:23:01.950 365-451/? I/ThermalEngine: Sensor:tsens_tz_sensor5:69000 mC
04-06 21:23:01.970 789-1577/? V/BroadcastQueue: [background] Process cur broadcast BroadcastRecord{4e1e3e9 u-1 android.intent.action.SERVICE_STATE qIdx=4}, state= (APP_RECEIVE) DELIVERED for app ProcessRecord{9ea1604 8902:com.verizon.messaging.vzmsgs/u0a202}
04-06 21:23:01.990 789-3012/? D/PackageManager: setEnabledSetting : userId = 0 packageName = com.yahoo.mobile.client.android.mail cmp = androidx.work.impl.background.systemalarm.RescheduleReceiver newState = 1 callingPackage = 10002
04-06 21:23:02.010 789-1577/? V/BroadcastQueue: [background] Process cur broadcast BroadcastRecord{6d5386e u-1 android.telecom.action.PHONE_ACCOUNT_REGISTERED qIdx=4}, state= (APP_RECEIVE) DELIVERED for app ProcessRecord{4a5553c 6675:android.process.acore/u0a25}
04-06 21:23:02.020 365-451/? I/ThermalEngine: Sensor:tsens_tz_sensor8:68000 mC
04-06 21:23:02.020 365-451/? I/ThermalEngine: Sensor:tsens_tz_sensor6:68000 mC
04-06 21:23:02.020 365-451/? I/ThermalEngine: Sensor:tsens_tz_sensor5:68000 mC
04-06 21:23:02.050 789-1577/? V/BroadcastQueue: [background] Process cur broadcast BroadcastRecord{eebd5a5 u-1 android.telecom.action.PHONE_ACCOUNT_REGISTERED qIdx=4}, state= (APP_RECEIVE) DELIVERED for app ProcessRecord{4a5553c 6675:android.process.acore/u0a25}
04-06 21:23:02.080 365-451/? I/ThermalEngine: Sensor:tsens_tz_sensor8:67000 mC
04-06 21:23:02.080 365-451/? I/ThermalEngine: Sensor:tsens_tz_sensor6:68000 mC
04-06 21:23:02.080 365-451/? I/ThermalEngine: Sensor:tsens_tz_sensor5:68000 mC
04-06 21:23:02.120 789-1695/? V/BroadcastQueue: [background] Process cur broadcast BroadcastRecord{8206d7a u-1 android.telephony.action.CARRIER_CONFIG_CHANGED qIdx=4}, state= (APP_RECEIVE) DELIVERED for app ProcessRecord{86ac9b7 1674:com.android.phone/1001}
04-06 21:23:02.150 1674-1674/? D/OmtpVvmCarrierConfigHelper: getCarrierConfig mSubId : 1
04-06 21:23:02.150 1674-1674/? D/OmtpVvmCarrierConfigHelper: getCarrierConfig SubscriptionManager.isValidSubscriptionId(mSubId) : true
04-06 21:23:02.150 1674-1674/? D/OmtpVvmCarrierConfigHelper: carrierConfigManager : android.telephony.CarrierConfigManager@63cc6e
04-06 21:23:02.150 365-451/? I/ThermalEngine: Sensor:tsens_tz_sensor8:67000 mC
04-06 21:23:02.150 365-451/? I/ThermalEngine: Sensor:tsens_tz_sensor6:68000 mC
04-06 21:23:02.150 365-451/? I/ThermalEngine: Sensor:tsens_tz_sensor5:68000 mC
04-06 21:23:02.220 365-451/? I/ThermalEngine: Sensor:tsens_tz_sensor8:67000 mC
04-06 21:23:02.220 365-451/? I/ThermalEngine: Sensor:tsens_tz_sensor6:68000 mC
04-06 21:23:02.220 365-451/? I/ThermalEngine: Sensor:tsens_tz_sensor5:68000 mC
04-06 21:23:02.230 789-1577/? V/BroadcastQueue: [background] Process cur broadcast BroadcastRecord{d85f92b u-1 android.intent.action.SERVICE_STATE qIdx=4}, state= (APP_RECEIVE) DELIVERED for app ProcessRecord{4790fd4 8849:com.sec.android.app.mt/1000}
04-06 21:23:02.230 8849-8849/? D/StatusChecker: onReceive : android.intent.action.SERVICE_STATE
04-06 21:23:02.230 8849-8849/? D/StatusChecker: onReceive : SIMChangeAlertOption disabled return
04-06 21:23:02.260 8560-8626/? I/WM-WorkerWrapper: Worker result SUCCESS for Work [ id=0cc7aef5-2e50-491c-9e36-1da7190fc0d6, tags={ MailWorker, periodic, com.yahoo.mail.growth.InactivityPromotionWorker, InactivityPromotionWorker_periodic } ]
04-06 21:23:02.270 789-1577/? V/BroadcastQueue: [background] Process cur broadcast BroadcastRecord{d85f92b u-1 android.intent.action.SERVICE_STATE qIdx=4}, state= (APP_RECEIVE) DELIVERED for app ProcessRecord{9ea1604 8902:com.verizon.messaging.vzmsgs/u0a202}
04-06 21:23:02.280 365-451/? I/ThermalEngine: Sensor:tsens_tz_sensor8:67000 mC
04-06 21:23:02.280 365-451/? I/ThermalEngine: Sensor:tsens_tz_sensor6:68000 mC
04-06 21:23:02.280 365-451/? I/ThermalEngine: Sensor:tsens_tz_sensor5:68000 mC
04-06 21:23:02.290 8560-8626/? I/WM-WorkerWrapper: Worker result SUCCESS for Work [ id=9e9c2153-eaf0-4531-82e6-3246288cfa79, tags={ onetime, MailWorker, com.yahoo.mail.sync.GeofenceRefreshWorker, GeofenceRefreshWorker } ]
04-06 21:23:02.300 789-3012/? V/BroadcastQueue: [background] Process cur broadcast BroadcastRecord{6386188 u0 android.intent.action.PACKAGE_CHANGED qIdx=4}, state= (APP_RECEIVE) DELIVERED for app ProcessRecord{ae92721 6568:com.sec.android.gallery3d/u0a51}
04-06 21:23:02.350 365-451/? I/ThermalEngine: Sensor:tsens_tz_sensor8:67000 mC
04-06 21:23:02.350 365-451/? I/ThermalEngine: Sensor:tsens_tz_sensor6:68000 mC
04-06 21:23:02.350 365-451/? I/ThermalEngine: Sensor:tsens_tz_sensor5:68000 mC
04-06 21:23:02.410 365-451/? I/ThermalEngine: Sensor:tsens_tz_sensor8:67000 mC
04-06 21:23:02.410 365-451/? I/ThermalEngine: Sensor:tsens_tz_sensor6:68000 mC
04-06 21:23:02.410 365-451/? I/ThermalEngine: Sensor:tsens_tz_sensor5:68000 mC
04-06 21:23:02.410 1376-1376/? D/StatusBar.NetworkController: onSignalStrengthsChanged signalStrength=SignalStrength: 99 99 -90 -70 -120 -1 -1 20 -104 -12 82 -1 2147483647 0x3030 gsm|lte level=3
04-06 21:23:02.410 1376-1376/? D/StatusBar.NetworkController: updateTelephonySignalStrength: hasService=true ss=SignalStrength: 99 99 -90 -70 -120 -1 -1 20 -104 -12 82 -1 2147483647 0x3030 gsm|lte
04-06 21:23:02.410 1376-1376/? D/StatusBar.NetworkController: updateTelephonySignalStrength: iconLevel=3
04-06 21:23:02.410 1376-1376/? D/StatusBar.NetworkController: updateTelephonySignalStrength, No signal level. mPhoneSignalIconId = com.android.systemui:drawable/tw_stat_sys_5_level_signal_3_auto_rotate mDataSignalIconId = com.android.systemui:drawable/tw_stat_sys_5_level_signal_3_auto_rotate mQSPhoneSignalIconId = com.android.systemui:drawable/ic_qs_signal_3 mContentDescriptionPhoneSignal = Three bars of phone signal
04-06 21:23:02.420 6568-6568/? I/PackagesMonitor: PackagesMonitor onReceive :com.skype.raider
04-06 21:23:02.480 365-451/? I/ThermalEngine: Sensor:tsens_tz_sensor8:67000 mC
04-06 21:23:02.480 365-451/? I/ThermalEngine: Sensor:tsens_tz_sensor6:68000 mC
04-06 21:23:02.480 365-451/? I/ThermalEngine: Sensor:tsens_tz_sensor5:68000 mC
04-06 21:23:02.510 1376-1376/? D/StatusBar.NetworkController: refreshViews connected={ data } level=3 combinedSignalIconId=0x7f02077b/com.android.systemui:drawable/tw_stat_sys_5_level_signal_3_auto_rotate mobileLabel=Verizon Wireless wifiLabel= emergencyOnly=false combinedLabel=Verizon Wireless mAirplaneMode=false mDataActivity=3 mPhoneSignalIconId=0x7f02077b/com.android.systemui:drawable/tw_stat_sys_5_level_signal_3_auto_rotate mQSPhoneSignalIconId=0x7f02015c/com.android.systemui:drawable/ic_qs_signal_3 mDataDirectionIconId=0x7f0203ff/com.android.systemui:drawable/stat_sys_data_connected_4g_lte mDataSignalIconId=0x7f02077b/com.android.systemui:drawable/tw_stat_sys_5_level_signal_3_auto_rotate mDataTypeIconId=0x7f0203ff/com.android.systemui:drawable/stat_sys_data_connected_4g_lte mQSDataTypeIconId=0x0/(null) mNoSimIconId=0x0/(null) mWifiIconId=0x7f020641/com.android.systemui:drawable/stat_sys_wifi_signal_0 mQSWifiIconId=0x7f02017c/com.android.systemui:drawable/ic_qs_wifi_no_network mWifiActivityIconId=0x0/(null) mBluetoothTetherIconId=0x7f020624/com.android.systemui:drawable/stat_sys_tether_bluetooth
04-06 21:23:02.510 1376-1376/? D/StatusBar.NetworkController: refreshNwBoosterIndicator - setNWBoosterIndicators(false)
04-06 21:23:02.510 1376-1376/? D/StatusBar.NetworkController: applyVZW
04-06 21:23:02.540 365-451/? I/ThermalEngine: Sensor:tsens_tz_sensor8:67000 mC
04-06 21:23:02.540 365-451/? I/ThermalEngine: Sensor:tsens_tz_sensor6:68000 mC
04-06 21:23:02.540 365-451/? I/ThermalEngine: Sensor:tsens_tz_sensor5:68000 mC
04-06 21:23:02.560 789-789/? D/EPDG -- [EPDGService]: onDataActivity: direction=0
04-06 21:23:02.570 1376-1376/? D/StatusBar.NetworkController: applyVZW : mDataTypeDisabledIconIdcom.android.systemui:drawable/stat_sys_data_connected_disabled_4g_lte
04-06 21:23:02.570 1376-1376/? D/StatusBar.NetworkController: refreshNwBoosterIndicator - setNWBoosterIndicators(false)
04-06 21:23:02.570 1376-1376/? D/StatusBar.NetworkController: applyVZW
04-06 21:23:02.590 789-3013/? I/ActivityManager: Start proc 9199:com.verizon.llkagent/u0a11 for broadcast-3 com.verizon.llkagent/.PackageChangedReceiver
04-06 21:23:02.600 9199-9199/? E/Zygote: v2
04-06 21:23:02.600 9199-9199/? I/libpersona: KNOX_SDCARD checking this for 10011
04-06 21:23:02.600 9199-9199/? I/libpersona: KNOX_SDCARD not a persona
04-06 21:23:02.600 9199-9199/? I/SELinux: Function: selinux_compare_spd_ram, index[1], SPD-policy is existed. and_ver=SEPF_SM-G900V_5.0-1 ver=51
04-06 21:23:02.600 9199-9199/? W/SELinux: Function: selinux_compare_spd_ram, index[1], priority [2], priority version is VE=SEPF_SECMOBILE_6.0.1_0029
04-06 21:23:02.600 9199-9199/? E/Zygote: accessInfo : 0
04-06 21:23:02.600 9199-9199/? W/SELinux: SELinux: seapp_context_lookup: seinfo=shared, level=s0:c512,c768, pkgname=com.verizon.llkagent 
04-06 21:23:02.610 365-451/? I/ThermalEngine: Sensor:tsens_tz_sensor8:67000 mC
04-06 21:23:02.610 365-451/? I/ThermalEngine: Sensor:tsens_tz_sensor6:68000 mC
04-06 21:23:02.610 365-451/? I/ThermalEngine: Sensor:tsens_tz_sensor5:68000 mC
04-06 21:23:02.610 1376-1376/? D/StatusBar.NetworkController: applyVZW : mDataTypeDisabledIconIdcom.android.systemui:drawable/stat_sys_data_connected_disabled_4g_lte
04-06 21:23:02.610 1376-1376/? D/StatusBar.NetworkController: refreshNwBoosterIndicator - setNWBoosterIndicators(false)
04-06 21:23:02.610 1376-1376/? D/StatusBar.NetworkController: applyVZW
04-06 21:23:02.610 1376-1376/? D/StatusBar.NetworkController: applyVZW : mDataTypeDisabledIconIdcom.android.systemui:drawable/stat_sys_data_connected_disabled_4g_lte
04-06 21:23:02.610 1376-1376/? D/StatusBar.NetworkController: refreshNwBoosterIndicator - setNWBoosterIndicators(false)
04-06 21:23:02.610 1376-1376/? D/StatusBar.NetworkController: applyVZW
04-06 21:23:02.620 1376-1376/? D/StatusBar.NetworkController: applyVZW : mDataTypeDisabledIconIdcom.android.systemui:drawable/stat_sys_data_connected_disabled_4g_lte
04-06 21:23:02.620 1376-1376/? D/StatusBar.NetworkController: onDataActivity: direction=0
04-06 21:23:02.630 7233-9198/? D/PlatformJobService: Run job, request{id=32772, tag=ScribeFlushJob, transient=false}, waited 00:01:12, start 00:01:00, end 00:06:00
04-06 21:23:02.640 1376-1376/? D/StatusBar.NetworkController: updateDataIcon, mDataDirectionIconId = com.android.systemui:drawable/stat_sys_data_connected_4g_lte mDataConnected = true
04-06 21:23:02.670 365-451/? I/ThermalEngine: Sensor:tsens_tz_sensor8:67000 mC
04-06 21:23:02.670 365-451/? I/ThermalEngine: Sensor:tsens_tz_sensor6:67000 mC
04-06 21:23:02.670 365-451/? I/ThermalEngine: Sensor:tsens_tz_sensor5:67000 mC
04-06 21:23:02.680 1674-1686/? D/TP/SmsProvider: query,matched:0, calling pid = 8902
04-06 21:23:02.690 7233-9198/? I/JobExecutor: Executing request{id=32772, tag=ScribeFlushJob, transient=false}, context PlatformJobService
04-06 21:23:02.710 1674-1686/? D/TP/SmsProvider: query, match 0:Elapsed time : 31.194 ms
04-06 21:23:02.720 9199-9199/? D/TimaKeyStoreProvider: TimaSignature is unavailable
04-06 21:23:02.720 9199-9199/? D/ActivityThread: Added TimaKeyStore provider
04-06 21:23:02.740 365-451/? I/ThermalEngine: Sensor:tsens_tz_sensor8:67000 mC
04-06 21:23:02.740 365-451/? I/ThermalEngine: Sensor:tsens_tz_sensor6:67000 mC
04-06 21:23:02.740 365-451/? I/ThermalEngine: Sensor:tsens_tz_sensor5:68000 mC
04-06 21:23:02.750 1376-1376/? D/StatusBar.NetworkController: refreshViews connected={ data } level=3 combinedSignalIconId=0x7f02077b/com.android.systemui:drawable/tw_stat_sys_5_level_signal_3_auto_rotate mobileLabel=Verizon Wireless wifiLabel= emergencyOnly=false combinedLabel=Verizon Wireless mAirplaneMode=false mDataActivity=0 mPhoneSignalIconId=0x7f02077b/com.android.systemui:drawable/tw_stat_sys_5_level_signal_3_auto_rotate mQSPhoneSignalIconId=0x7f02015c/com.android.systemui:drawable/ic_qs_signal_3 mDataDirectionIconId=0x7f0203ff/com.android.systemui:drawable/stat_sys_data_connected_4g_lte mDataSignalIconId=0x7f02077b/com.android.systemui:drawable/tw_stat_sys_5_level_signal_3_auto_rotate mDataTypeIconId=0x7f0203ff/com.android.systemui:drawable/stat_sys_data_connected_4g_lte mQSDataTypeIconId=0x0/(null) mNoSimIconId=0x0/(null) mWifiIconId=0x7f020641/com.android.systemui:drawable/stat_sys_wifi_signal_0 mQSWifiIconId=0x7f02017c/com.android.systemui:drawable/ic_qs_wifi_no_network mWifiActivityIconId=0x0/(null) mBluetoothTetherIconId=0x7f020624/com.android.systemui:drawable/stat_sys_tether_bluetooth
04-06 21:23:02.750 1376-1376/? D/StatusBar.NetworkController: refreshNwBoosterIndicator - setNWBoosterIndicators(false)
04-06 21:23:02.750 1376-1376/? D/StatusBar.NetworkController: applyVZW
04-06 21:23:02.750 1376-1376/? D/StatusBar.NetworkController: applyVZW : mDataTypeDisabledIconIdcom.android.systemui:drawable/stat_sys_data_connected_disabled_4g_lte
04-06 21:23:02.750 1376-1376/? D/StatusBar.NetworkController: refreshNwBoosterIndicator - setNWBoosterIndicators(false)
04-06 21:23:02.750 1376-1376/? D/StatusBar.NetworkController: applyVZW
04-06 21:23:02.760 8560-8626/? I/WM-WorkerWrapper: Worker result SUCCESS for Work [ id=0cc7aef5-2e50-491c-9e36-1da7190fc0d6, tags={ MailWorker, periodic, com.yahoo.mail.growth.InactivityPromotionWorker, InactivityPromotionWorker_periodic } ]
04-06 21:23:02.760 789-2137/? V/BroadcastQueue: [background] Process cur broadcast BroadcastRecord{6386188 u0 android.intent.action.PACKAGE_CHANGED qIdx=4}, state= (APP_RECEIVE) DELIVERED for app ProcessRecord{a191a91 9199:com.verizon.llkagent/u0a11}
04-06 21:23:02.760 1376-1376/? D/StatusBar.NetworkController: applyVZW : mDataTypeDisabledIconIdcom.android.systemui:drawable/stat_sys_data_connected_disabled_4g_lte
04-06 21:23:02.760 1376-1376/? D/StatusBar.NetworkController: refreshNwBoosterIndicator - setNWBoosterIndicators(false)
04-06 21:23:02.760 1376-1376/? D/StatusBar.NetworkController: applyVZW
04-06 21:23:02.760 1376-1376/? D/StatusBar.NetworkController: applyVZW : mDataTypeDisabledIconIdcom.android.systemui:drawable/stat_sys_data_connected_disabled_4g_lte
04-06 21:23:02.760 1376-1376/? D/StatusBar.NetworkController: refreshNwBoosterIndicator - setNWBoosterIndicators(false)
04-06 21:23:02.760 1376-1376/? D/StatusBar.NetworkController: applyVZW
04-06 21:23:02.770 1376-1376/? D/StatusBar.NetworkController: applyVZW : mDataTypeDisabledIconIdcom.android.systemui:drawable/stat_sys_data_connected_disabled_4g_lte
04-06 21:23:02.780 7233-9212/? I/JobExecutor: Finished job{id=32772, finished=true, result=SUCCESS, canceled=false, periodic=false, class=p, tag=ScribeFlushJob}
04-06 21:23:02.790 2059-9185/? I/PeopleContactsSync: CP2 cleanup done, kept= duration=527 ms
04-06 21:23:02.790 7233-9198/? D/PlatformJobService: Finished job, request{id=32772, tag=ScribeFlushJob, transient=false} SUCCESS
04-06 21:23:02.800 365-451/? I/ThermalEngine: Sensor:tsens_tz_sensor8:67000 mC
04-06 21:23:02.800 365-451/? I/ThermalEngine: Sensor:tsens_tz_sensor6:67000 mC
04-06 21:23:02.800 365-451/? I/ThermalEngine: Sensor:tsens_tz_sensor5:67000 mC
04-06 21:23:02.840 9199-9199/? W/ResourcesManager: getTopLevelResources: /system/priv-app/LLKAgent/LLKAgent.apk / 1.0 running in com.verizon.llkagent rsrc of package null
04-06 21:23:02.870 365-451/? I/ThermalEngine: Sensor:tsens_tz_sensor8:67000 mC
04-06 21:23:02.870 365-451/? I/ThermalEngine: Sensor:tsens_tz_sensor6:68000 mC
04-06 21:23:02.870 365-451/? I/ThermalEngine: Sensor:tsens_tz_sensor5:68000 mC
04-06 21:23:02.900 9199-9199/? W/System: ClassLoader referenced unknown path: /system/priv-app/LLKAgent/lib/arm
04-06 21:23:02.910 9199-9199/? D/LLK | PackageChanged: onReceive
04-06 21:23:02.930 365-451/? I/ThermalEngine: Sensor:tsens_tz_sensor8:67000 mC
04-06 21:23:02.930 789-810/? V/BroadcastQueue: [background] Process cur broadcast BroadcastRecord{6386188 u0 android.intent.action.PACKAGE_CHANGED qIdx=4}, state= (APP_RECEIVE) DELIVERED for app ProcessRecord{4a5553c 6675:android.process.acore/u0a25}
04-06 21:23:02.930 365-451/? I/ThermalEngine: Sensor:tsens_tz_sensor6:67000 mC
04-06 21:23:02.930 365-451/? I/ThermalEngine: Sensor:tsens_tz_sensor5:68000 mC
04-06 21:23:02.990 9222-9222/? E/Zygote: v2
04-06 21:23:02.990 9222-9222/? I/libpersona: KNOX_SDCARD checking this for 10122
04-06 21:23:02.990 9222-9222/? I/libpersona: KNOX_SDCARD not a persona
04-06 21:23:02.990 789-1703/? I/ActivityManager: Start proc 9222:com.samsung.android.app.watchmanagerstub/u0a122 for broadcast-3 com.samsung.android.app.watchmanagerstub/com.sec.android.applicationmgr.PackageIntentReceiver
04-06 21:23:02.990 9222-9222/? I/SELinux: Function: selinux_compare_spd_ram, index[1], SPD-policy is existed. and_ver=SEPF_SM-G900V_5.0-1 ver=51
04-06 21:23:02.990 9222-9222/? W/SELinux: Function: selinux_compare_spd_ram, index[1], priority [2], priority version is VE=SEPF_SECMOBILE_6.0.1_0029
04-06 21:23:02.990 9222-9222/? E/Zygote: accessInfo : 0
04-06 21:23:02.990 9222-9222/? W/SELinux: SELinux: seapp_context_lookup: seinfo=platform, level=s0:c512,c768, pkgname=com.samsung.android.app.watchmanagerstub 
04-06 21:23:03.000 365-451/? I/ThermalEngine: Sensor:tsens_tz_sensor8:67000 mC
04-06 21:23:03.000 365-451/? I/ThermalEngine: Sensor:tsens_tz_sensor6:67000 mC
04-06 21:23:03.000 365-451/? I/ThermalEngine: Sensor:tsens_tz_sensor5:68000 mC
