04-06 21:23:09.260 365-451/? I/ThermalEngine: Sensor:tsens_tz_sensor6:80000 mC
04-06 21:23:09.260 365-451/? I/ThermalEngine: Sensor:tsens_tz_sensor5:83000 mC
04-06 21:23:09.300 9369-9401/? W/ResourcesManager: getTopLevelResources: /data/app/com.google.android.gms-1/base.apk / 1.0 running in flipboard.app rsrc of package null
04-06 21:23:09.300 9369-9383/? I/FA: App measurement is starting up, version: 14711
04-06 21:23:09.300 9369-9383/? I/FA: To enable debug logging run: adb shell setprop log.tag.FA VERBOSE
04-06 21:23:09.300 9369-9383/? I/FA: To enable faster debug mode event logging run:
      adb shell setprop debug.firebase.analytics.app flipboard.app
04-06 21:23:09.310 2059-2901/? I/Icing: Internal init done: storage state 0
04-06 21:23:09.330 365-451/? I/ThermalEngine: Sensor:tsens_tz_sensor8:78000 mC
04-06 21:23:09.330 365-451/? I/ThermalEngine: Sensor:tsens_tz_sensor6:82000 mC
04-06 21:23:09.330 365-451/? I/ThermalEngine: Sensor:tsens_tz_sensor5:83000 mC
04-06 21:23:09.390 365-451/? I/ThermalEngine: Sensor:tsens_tz_sensor8:81000 mC
04-06 21:23:09.390 365-451/? I/ThermalEngine: Sensor:tsens_tz_sensor6:82000 mC
04-06 21:23:09.390 365-451/? I/ThermalEngine: Sensor:tsens_tz_sensor5:81000 mC
04-06 21:23:09.410 9369-9369/? W/c.d.b.b.e.i.eb: Application name is not set. Call Builder#setApplicationName.
04-06 21:23:09.410 9369-9369/? W/c.d.b.b.e.i.eb: Application name is not set. Call Builder#setApplicationName.
04-06 21:23:09.410 9369-9369/? I/WebViewFactory: Loading com.google.android.webview version 73.0.3683.90 (code 368309000)
04-06 21:23:09.460 365-451/? I/ThermalEngine: Sensor:tsens_tz_sensor8:81000 mC
04-06 21:23:09.460 365-451/? I/ThermalEngine: Sensor:tsens_tz_sensor6:84000 mC
04-06 21:23:09.460 365-451/? I/ThermalEngine: Sensor:tsens_tz_sensor5:81000 mC
04-06 21:23:09.500 9369-9369/? W/ResourcesManager: getTopLevelResources: /data/app/com.google.android.webview-2/base.apk / 1.0 running in flipboard.app rsrc of package null
04-06 21:23:09.520 365-451/? I/ThermalEngine: Sensor:tsens_tz_sensor8:80000 mC
04-06 21:23:09.520 365-451/? I/ThermalEngine: Sensor:tsens_tz_sensor6:84000 mC
04-06 21:23:09.520 365-451/? I/ThermalEngine: Sensor:tsens_tz_sensor5:81000 mC
04-06 21:23:09.560 2059-2901/? I/Icing: Post-init done
04-06 21:23:09.560 9369-9369/? I/cr_LibraryLoader: Time to load native libraries: 2 ms (timestamps 6647-6649)
04-06 21:23:09.590 365-451/? I/ThermalEngine: Sensor:tsens_tz_sensor8:80000 mC
04-06 21:23:09.590 365-451/? I/ThermalEngine: Sensor:tsens_tz_sensor6:82000 mC
04-06 21:23:09.590 365-451/? I/ThermalEngine: Sensor:tsens_tz_sensor5:81000 mC
04-06 21:23:09.640 789-789/? D/EPDG -- [EPDGService]: onDataActivity: direction=0
04-06 21:23:09.640 1376-1376/? D/StatusBar.NetworkController: onDataActivity: direction=0
04-06 21:23:09.640 1376-1376/? D/StatusBar.NetworkController: updateDataIcon, mDataDirectionIconId = com.android.systemui:drawable/stat_sys_data_connected_4g_lte mDataConnected = true
04-06 21:23:09.650 365-451/? I/ThermalEngine: Sensor:tsens_tz_sensor8:80000 mC
04-06 21:23:09.650 365-451/? I/ThermalEngine: Sensor:tsens_tz_sensor6:81000 mC
04-06 21:23:09.650 365-451/? I/ThermalEngine: Sensor:tsens_tz_sensor5:82000 mC
04-06 21:23:09.720 365-451/? I/ThermalEngine: Sensor:tsens_tz_sensor8:81000 mC
04-06 21:23:09.720 365-451/? I/ThermalEngine: Sensor:tsens_tz_sensor6:78000 mC
04-06 21:23:09.720 365-451/? I/ThermalEngine: Sensor:tsens_tz_sensor5:81000 mC
04-06 21:23:09.740 1376-1376/? D/StatusBar.NetworkController: refreshViews connected={ data } level=3 combinedSignalIconId=0x7f02077b/com.android.systemui:drawable/tw_stat_sys_5_level_signal_3_auto_rotate mobileLabel=Verizon Wireless wifiLabel= emergencyOnly=false combinedLabel=Verizon Wireless mAirplaneMode=false mDataActivity=0 mPhoneSignalIconId=0x7f02077b/com.android.systemui:drawable/tw_stat_sys_5_level_signal_3_auto_rotate mQSPhoneSignalIconId=0x7f02015c/com.android.systemui:drawable/ic_qs_signal_3 mDataDirectionIconId=0x7f0203ff/com.android.systemui:drawable/stat_sys_data_connected_4g_lte mDataSignalIconId=0x7f02077b/com.android.systemui:drawable/tw_stat_sys_5_level_signal_3_auto_rotate mDataTypeIconId=0x7f0203ff/com.android.systemui:drawable/stat_sys_data_connected_4g_lte mQSDataTypeIconId=0x0/(null) mNoSimIconId=0x0/(null) mWifiIconId=0x7f020641/com.android.systemui:drawable/stat_sys_wifi_signal_0 mQSWifiIconId=0x7f02017c/com.android.systemui:drawable/ic_qs_wifi_no_network mWifiActivityIconId=0x0/(null) mBluetoothTetherIconId=0x7f020624/com.android.systemui:drawable/stat_sys_tether_bluetooth
04-06 21:23:09.740 1376-1376/? D/StatusBar.NetworkController: refreshNwBoosterIndicator - setNWBoosterIndicators(false)
04-06 21:23:09.740 1376-1376/? D/StatusBar.NetworkController: applyVZW
04-06 21:23:09.750 1376-1376/? D/StatusBar.NetworkController: applyVZW : mDataTypeDisabledIconIdcom.android.systemui:drawable/stat_sys_data_connected_disabled_4g_lte
04-06 21:23:09.750 1376-1376/? D/StatusBar.NetworkController: refreshNwBoosterIndicator - setNWBoosterIndicators(false)
04-06 21:23:09.750 1376-1376/? D/StatusBar.NetworkController: applyVZW
04-06 21:23:09.750 1376-1376/? D/StatusBar.NetworkController: applyVZW : mDataTypeDisabledIconIdcom.android.systemui:drawable/stat_sys_data_connected_disabled_4g_lte
04-06 21:23:09.750 1376-1376/? D/StatusBar.NetworkController: refreshNwBoosterIndicator - setNWBoosterIndicators(false)
04-06 21:23:09.750 1376-1376/? D/StatusBar.NetworkController: applyVZW
04-06 21:23:09.750 1376-1376/? D/StatusBar.NetworkController: applyVZW : mDataTypeDisabledIconIdcom.android.systemui:drawable/stat_sys_data_connected_disabled_4g_lte
04-06 21:23:09.750 1376-1376/? D/StatusBar.NetworkController: refreshNwBoosterIndicator - setNWBoosterIndicators(false)
04-06 21:23:09.750 1376-1376/? D/StatusBar.NetworkController: applyVZW
04-06 21:23:09.750 1376-1376/? D/StatusBar.NetworkController: applyVZW : mDataTypeDisabledIconIdcom.android.systemui:drawable/stat_sys_data_connected_disabled_4g_lte
04-06 21:23:09.780 365-451/? I/ThermalEngine: Sensor:tsens_tz_sensor8:80000 mC
04-06 21:23:09.780 365-451/? I/ThermalEngine: Sensor:tsens_tz_sensor6:78000 mC
04-06 21:23:09.780 365-451/? I/ThermalEngine: Sensor:tsens_tz_sensor5:82000 mC
04-06 21:23:09.780 1932-1932/? I/GCoreUlr: Unbound from all signal providers.
04-06 21:23:09.780 1932-1932/? I/GCoreUlr: Stopping handler for UlrDispSvcFast
04-06 21:23:09.790 789-4945/? D/M: limitCPUFreq:: freq = 1036800
04-06 21:23:09.790 1932-9092/? I/GCoreUlr: Successfully accounts update
04-06 21:23:09.790 789-4945/? D/CustomFrequencyManagerService: acquireDVFSLockLocked : type : DVFS_MAX_LIMIT  frequency : 1036800  uid : 1000  pid : 789  pkgName : SIOP_ARM_MAX@25
04-06 21:23:09.790 789-4945/? D/M: limitGPUFreq:: freq = 200000000
04-06 21:23:09.790 1932-9094/? I/GCoreUlr: DispatchingService ignoring Intent { act=android.net.wifi.WIFI_STATE_CHANGED flg=0x4000010 bqHint=4 (has extras) } because ULR inactive
04-06 21:23:09.810 789-4945/? D/ConnectivityService: returning getNetworkInfo for network type 1 : [type: WIFI[] - WIFI, state: DISCONNECTED/DISCONNECTED, reason: (unspecified), extra: (none), roaming: false, failover: false, isAvailable: true]
04-06 21:23:09.820 9369-9369/? I/chromium: [INFO:library_loader_hooks.cc(50)] Chromium logging enabled: level = 0, default verbosity = 0
04-06 21:23:09.820 9369-9369/? I/cr_LibraryLoader: Expected native library version number "73.0.3683.90", actual native library version number "73.0.3683.90"
04-06 21:23:09.850 365-451/? I/ThermalEngine: Sensor:tsens_tz_sensor8:74000 mC
04-06 21:23:09.850 365-451/? I/ThermalEngine: Sensor:tsens_tz_sensor6:76000 mC
04-06 21:23:09.850 365-451/? I/ThermalEngine: Sensor:tsens_tz_sensor5:77000 mC
04-06 21:23:09.880 9369-9369/? I/cr_BrowserStartup: Initializing chromium process, singleProcess=true
04-06 21:23:09.920 365-451/? I/ThermalEngine: Sensor:tsens_tz_sensor8:74000 mC
04-06 21:23:09.920 365-451/? I/ThermalEngine: Sensor:tsens_tz_sensor6:74000 mC
04-06 21:23:09.920 365-451/? I/ThermalEngine: Sensor:tsens_tz_sensor5:75000 mC
04-06 21:23:09.980 365-451/? I/ThermalEngine: Sensor:tsens_tz_sensor8:73000 mC
04-06 21:23:09.980 365-451/? I/ThermalEngine: Sensor:tsens_tz_sensor6:74000 mC
04-06 21:23:09.980 365-451/? I/ThermalEngine: Sensor:tsens_tz_sensor5:74000 mC
04-06 21:23:10.050 365-451/? I/ThermalEngine: Sensor:tsens_tz_sensor8:72000 mC
04-06 21:23:10.050 365-451/? I/ThermalEngine: Sensor:tsens_tz_sensor6:73000 mC
04-06 21:23:10.050 365-451/? I/ThermalEngine: Sensor:tsens_tz_sensor5:74000 mC
04-06 21:23:10.070 9369-9369/? D/SecWifiDisplayUtil: Metadata value : none
04-06 21:23:10.110 789-1702/? D/ActivityManager: The following uid has registered to recieve broadcast for proxy related updates 10120
04-06 21:23:10.110 365-451/? I/ThermalEngine: Sensor:tsens_tz_sensor8:71000 mC
04-06 21:23:10.110 365-451/? I/ThermalEngine: Sensor:tsens_tz_sensor6:72000 mC
04-06 21:23:10.110 365-451/? I/ThermalEngine: Sensor:tsens_tz_sensor5:73000 mC
04-06 21:23:10.120 789-1702/? W/ContextImpl: Calling a method in the system process without a qualified user: android.app.ContextImpl.sendBroadcast:849 com.android.server.am.ActivityManagerService.requestKnoxVpnToSendProxyBroadcast:29696 com.android.server.am.ActivityManagerService.registerReceiver:22627 android.app.ActivityManagerNative.onTransact:431 com.android.server.am.ActivityManagerService.onTransact:3986 
04-06 21:23:10.180 365-451/? I/ThermalEngine: Sensor:tsens_tz_sensor8:71000 mC
04-06 21:23:10.180 365-451/? I/ThermalEngine: Sensor:tsens_tz_sensor6:72000 mC
04-06 21:23:10.180 365-451/? I/ThermalEngine: Sensor:tsens_tz_sensor5:73000 mC
04-06 21:23:10.240 365-451/? I/ThermalEngine: Sensor:tsens_tz_sensor8:71000 mC
04-06 21:23:10.240 365-451/? I/ThermalEngine: Sensor:tsens_tz_sensor6:72000 mC
04-06 21:23:10.240 365-451/? I/ThermalEngine: Sensor:tsens_tz_sensor5:73000 mC
04-06 21:23:10.310 365-451/? I/ThermalEngine: Sensor:tsens_tz_sensor8:70000 mC
04-06 21:23:10.310 365-451/? I/ThermalEngine: Sensor:tsens_tz_sensor6:72000 mC
04-06 21:23:10.310 365-451/? I/ThermalEngine: Sensor:tsens_tz_sensor5:72000 mC
04-06 21:23:10.370 9369-9407/? E/File: fail readDirectory() errno=2
04-06 21:23:10.370 365-451/? I/ThermalEngine: Sensor:tsens_tz_sensor8:71000 mC
04-06 21:23:10.370 365-451/? I/ThermalEngine: Sensor:tsens_tz_sensor6:71000 mC
04-06 21:23:10.370 365-451/? I/ThermalEngine: Sensor:tsens_tz_sensor5:71000 mC
04-06 21:23:10.380 9369-9407/? E/File: fail readDirectory() errno=2
04-06 21:23:10.440 365-451/? I/ThermalEngine: Sensor:tsens_tz_sensor8:71000 mC
04-06 21:23:10.440 365-451/? I/ThermalEngine: Sensor:tsens_tz_sensor6:71000 mC
04-06 21:23:10.440 365-451/? I/ThermalEngine: Sensor:tsens_tz_sensor5:72000 mC
04-06 21:23:10.450 9369-9369/? I/System.out: Uid is 0, udid is 7efada6ea4eeff5b11760015fb375d42b53de9c6
04-06 21:23:10.500 365-451/? I/ThermalEngine: Sensor:tsens_tz_sensor8:70000 mC
04-06 21:23:10.500 365-451/? I/ThermalEngine: Sensor:tsens_tz_sensor6:71000 mC
04-06 21:23:10.500 365-451/? I/ThermalEngine: Sensor:tsens_tz_sensor5:72000 mC
04-06 21:23:10.570 365-451/? I/ThermalEngine: Sensor:tsens_tz_sensor8:70000 mC
04-06 21:23:10.570 365-451/? I/ThermalEngine: Sensor:tsens_tz_sensor6:71000 mC
04-06 21:23:10.570 365-451/? I/ThermalEngine: Sensor:tsens_tz_sensor5:72000 mC
04-06 21:23:10.630 365-451/? I/ThermalEngine: Sensor:tsens_tz_sensor8:70000 mC
04-06 21:23:10.630 365-451/? I/ThermalEngine: Sensor:tsens_tz_sensor6:71000 mC
04-06 21:23:10.630 365-451/? I/ThermalEngine: Sensor:tsens_tz_sensor5:71000 mC
04-06 21:23:10.670 9369-9369/? W/c.d.b.b.e.i.eb: Application name is not set. Call Builder#setApplicationName.
04-06 21:23:10.670 9369-9369/? W/FirebaseRemoteConfig: No value of type 'String' exists for parameter key 'button_sdk_flipboard_app_id'.
04-06 21:23:10.700 365-451/? I/ThermalEngine: Sensor:tsens_tz_sensor8:70000 mC
04-06 21:23:10.700 365-451/? I/ThermalEngine: Sensor:tsens_tz_sensor6:71000 mC
04-06 21:23:10.700 365-451/? I/ThermalEngine: Sensor:tsens_tz_sensor5:71000 mC
04-06 21:23:10.730 9369-9415/? W/System.err: remove failed: ENOENT (No such file or directory) : /data/user/0/flipboard.app/files/cookies
04-06 21:23:10.750 9369-9369/? W/c.d.b.b.e.i.eb: Application name is not set. Call Builder#setApplicationName.
04-06 21:23:10.760 365-451/? I/ThermalEngine: Sensor:tsens_tz_sensor8:70000 mC
04-06 21:23:10.760 365-451/? I/ThermalEngine: Sensor:tsens_tz_sensor6:70000 mC
04-06 21:23:10.760 365-451/? I/ThermalEngine: Sensor:tsens_tz_sensor5:71000 mC
04-06 21:23:10.770 9369-9369/? W/ResourcesManager: getTopLevelResources: /data/app/flipboard.app-1/base.apk / 1.0 running in flipboard.app rsrc of package null
04-06 21:23:10.800 9369-9369/? W/ResourcesManager: getTopLevelResources: /data/app/flipboard.app-1/base.apk / 1.0 running in flipboard.app rsrc of package null
04-06 21:23:10.800 2059-2068/? I/art: Background sticky concurrent mark sweep GC freed 55336(4MB) AllocSpace objects, 27(540KB) LOS objects, 17% free, 28MB/34MB, paused 1.809ms total 134.972ms
04-06 21:23:10.820 2059-2901/? W/ResourcesManager: getTopLevelResources: /data/app/com.ssugamejam.stepdimension-2/base.apk / 1.0 running in com.google.android.gms rsrc of package null
04-06 21:23:10.820 2059-2901/? W/ResourcesManager: getTopLevelResources: /data/app/com.ssugamejam.stepdimension-2/base.apk / 1.0 running in com.google.android.gms rsrc of package null
04-06 21:23:10.830 365-451/? I/ThermalEngine: Sensor:tsens_tz_sensor8:70000 mC
04-06 21:23:10.830 365-451/? I/ThermalEngine: Sensor:tsens_tz_sensor6:71000 mC
04-06 21:23:10.830 365-451/? I/ThermalEngine: Sensor:tsens_tz_sensor5:70000 mC
04-06 21:23:10.850 9369-9369/? W/ResourcesManager: getTopLevelResources: /data/app/flipboard.app-1/base.apk / 1.0 running in flipboard.app rsrc of package null
04-06 21:23:10.880 9369-9369/? W/Adjust: PRODUCTION: Adjust is running in Production mode. Use this setting only for the build that you want to publish. Set the environment to `sandbox` if you want to test your app!
04-06 21:23:10.880 9369-9369/? W/Adjust: PRODUCTION: Adjust is running in Production mode. Use this setting only for the build that you want to publish. Set the environment to `sandbox` if you want to test your app!
04-06 21:23:10.880 9369-9453/? W/System.err: remove failed: ENOENT (No such file or directory) : /data/user/0/flipboard.app/files/AppEventsLogger.persistedevents
04-06 21:23:10.900 365-451/? I/ThermalEngine: Sensor:tsens_tz_sensor8:69000 mC
04-06 21:23:10.900 365-451/? I/ThermalEngine: Sensor:tsens_tz_sensor6:70000 mC
04-06 21:23:10.900 365-451/? I/ThermalEngine: Sensor:tsens_tz_sensor5:70000 mC
04-06 21:23:10.900 9369-9455/? E/ActivityThread: Failed to find provider info for com.facebook.katana.provider.AttributionIdProvider
04-06 21:23:10.900 9369-9447/? I/System.out: (HTTPLog)-Static: isSBSettingEnabled false
04-06 21:23:10.900 9369-9446/? I/System.out: (HTTPLog)-Static: isSBSettingEnabled false
04-06 21:23:10.900 9369-9446/? I/System.out: (HTTPLog)-Static: isSBSettingEnabled false
04-06 21:23:10.910 9369-9447/? I/System.out: (HTTPLog)-Static: isSBSettingEnabled false
04-06 21:23:10.910 328-1227/? D/EnterpriseController: netId is 0
04-06 21:23:10.910 328-1227/? D/Netd: getNetworkForDns: using netid 503 for uid 10120
04-06 21:23:10.910 328-1227/? D/EnterpriseController: netId is 0
04-06 21:23:10.910 328-1227/? D/Netd: getNetworkForDns: using netid 503 for uid 10120
04-06 21:23:10.930 9369-9369/? D/ConnectivityManager: requestNetwork; getAppId(CallingUid) : 10120, CallingPid : 9369
04-06 21:23:10.950 789-3011/? D/ConnectivityService: listenForNetwork for Listen from uid/pid:10120/9369 for NetworkRequest [ id=33, legacyType=-1, [ Capabilities: INTERNET&NOT_RESTRICTED&TRUSTED] ]
04-06 21:23:10.950 789-1315/? D/ConnectivityService: rematching NetworkAgentInfo [MOBILE (LTE) - 502]
04-06 21:23:10.950 789-1315/? D/ConnectivityService:  network has: NetworkAgentInfo{ ni{[type: MOBILE[LTE] - MOBILE_IMS, state: CONNECTED/CONNECTED, reason: (unspecified), extra: VZWIMS, roaming: false, failover: false, isAvailable: true]}  network{502}  lp{{InterfaceName: rmnet0 LinkAddresses: [2600:1016:1106:dd6d::1376:57c5/64,]  Routes: [::/0 -> fe80::9a8:b407:d22e:24ed rmnet0,] DnsAddresses: [2001:4888:3b:ff00:3c2:d::,2001:4888:32:ff00:3c1:d::,] Domains: null MTU: 0 TcpBufferSizes: 2097152,6294156,12582912,524288,1048576,2560000}}  nc{[ Transports: CELLULAR Capabilities: IMS&TRUSTED&NOT_VPN&VALIDATED LinkUpBandwidth>=51200Kbps LinkDnBandwidth>=102400Kbps Specifier: <1>]}  Score{50}  everValidated{true}  lastValidated{true}  created{true} lingering{false} explicitlySelected{false} acceptUnvalidated{false} everCaptivePortalDetected{false} lastCaptivePortalDetected{false} }
04-06 21:23:10.950 789-1315/? D/ConnectivityService:   checking if request is: NetworkRequest [ id=28, legacyType=-1, [ Capabilities: INTERNET&NOT_RESTRICTED&TRUSTED] ] satisfies: false nri.isRequest: false
04-06 21:23:10.950 789-1315/? D/ConnectivityService:   checking if request is: NetworkRequest [ id=25, legacyType=-1, [ Capabilities: INTERNET&NOT_RESTRICTED&TRUSTED] ] satisfies: false nri.isRequest: false
04-06 21:23:10.950 789-1315/? D/ConnectivityService:   checking if request is: NetworkRequest [ id=22, legacyType=-1, [ Transports: ETHERNET Capabilities: INTERNET&NOT_RESTRICTED&TRUSTED&NOT_VPN] ] satisfies: false nri.isRequest: true
04-06 21:23:10.950 789-1315/? D/ConnectivityService:   checking if request is: NetworkRequest [ id=30, legacyType=-1, [ Capabilities: INTERNET&NOT_RESTRICTED&TRUSTED] ] satisfies: false nri.isRequest: false
04-06 21:23:10.950 789-1315/? D/ConnectivityService:   checking if request is: NetworkRequest [ id=32, legacyType=-1, [ Capabilities: INTERNET&NOT_RESTRICTED&TRUSTED] ] satisfies: false nri.isRequest: false
04-06 21:23:10.950 789-1315/? D/ConnectivityService:   checking if request is: NetworkRequest [ id=33, legacyType=-1, [ Capabilities: INTERNET&NOT_RESTRICTED&TRUSTED] ] satisfies: false nri.isRequest: false
04-06 21:23:10.950 789-1315/? D/ConnectivityService:   checking if request is: NetworkRequest [ id=15, legacyType=12, [ Transports: CELLULAR Capabilities: CBS&TRUSTED&NOT_VPN] ] satisfies: false nri.isRequest: true
04-06 21:23:10.950 789-1315/? D/ConnectivityService:   checking if request is: NetworkRequest [ id=20, legacyType=5, [ Transports: CELLULAR Capabilities: INTERNET&NOT_RESTRICTED&TRUSTED&NOT_VPN] ] satisfies: false nri.isRequest: true
04-06 21:23:10.950 789-1315/? D/ConnectivityService:   checking if request is: NetworkRequest [ id=16, legacyType=12, [ Transports: CELLULAR Capabilities: CBS&TRUSTED&NOT_VPN] ] satisfies: false nri.isRequest: true
04-06 21:23:10.960 789-1315/? D/ConnectivityService:   checking if request is: NetworkRequest [ id=13, legacyType=-1, [ Capabilities: INTERNET&NOT_RESTRICTED&TRUSTED] ] satisfies: false nri.isRequest: false
04-06 21:23:10.960 789-1315/? D/ConnectivityService:   checking if request is: NetworkRequest [ id=6, legacyType=-1, [ Transports: WIFI Capabilities: INTERNET&NOT_RESTRICTED&TRUSTED&NOT_VPN] ] satisfies: false nri.isRequest: false
04-06 21:23:10.960 789-1315/? D/ConnectivityService:   checking if request is: NetworkRequest [ id=1, legacyType=-1, [ Capabilities: INTERNET&NOT_RESTRICTED&TRUSTED&NOT_VPN] ] satisfies: false nri.isRequest: true
04-06 21:23:10.960 789-1315/? D/ConnectivityService:   checking if request is: NetworkRequest [ id=18, legacyType=-1, [ Transports: WIFI Capabilities: INTERNET&NOT_RESTRICTED&TRUSTED&NOT_VPN] ] satisfies: false nri.isRequest: true
04-06 21:23:10.960 789-1315/? D/ConnectivityService:   checking if request is: NetworkRequest [ id=5, legacyType=-1, [] ] satisfies: true nri.isRequest: false
04-06 21:23:10.960 789-1315/? D/ConnectivityService:   checking if request is: NetworkRequest [ id=17, legacyType=-1, [ Transports: WIFI Capabilities: INTERNET&NOT_RESTRICTED&TRUSTED&NOT_VPN] ] satisfies: false nri.isRequest: false
04-06 21:23:10.960 365-451/? I/ThermalEngine: Sensor:tsens_tz_sensor8:69000 mC
04-06 21:23:10.960 365-451/? I/ThermalEngine: Sensor:tsens_tz_sensor6:70000 mC
04-06 21:23:10.960 365-451/? I/ThermalEngine: Sensor:tsens_tz_sensor5:70000 mC
04-06 21:23:10.960 789-1315/? D/ConnectivityService:   checking if request is: NetworkRequest [ id=21, legacyType=-1, [ Transports: ETHERNET Capabilities: INTERNET&NOT_RESTRICTED&TRUSTED&NOT_VPN] ] satisfies: false nri.isRequest: false
04-06 21:23:10.960 789-1315/? D/ConnectivityService:   checking if request is: NetworkRequest [ id=29, legacyType=-1, [ Capabilities: INTERNET&NOT_RESTRICTED&TRUSTED] ] satisfies: false nri.isRequest: false
04-06 21:23:10.960 789-1315/? D/ConnectivityService:   checking if request is: NetworkRequest [ id=14, legacyType=-1, [ Capabilities: INTERNET&NOT_RESTRICTED&TRUSTED] ] satisfies: false nri.isRequest: false
04-06 21:23:10.960 789-1315/? D/ConnectivityService:   checking if request is: NetworkRequest [ id=8, legacyType=5, [ Transports: CELLULAR Capabilities: INTERNET&NOT_RESTRICTED&TRUSTED&NOT_VPN] ] satisfies: false nri.isRequest: true
04-06 21:23:10.970 789-1315/? D/ConnectivityService:   checking if request is: NetworkRequest [ id=4, legacyType=-1, [ Transports: WIFI Capabilities: INTERNET&NOT_RESTRICTED&TRUSTED&NOT_VPN] ] satisfies: false nri.isRequest: false
04-06 21:23:10.970 789-1315/? D/ConnectivityService: Network NetworkAgentInfo [MOBILE (LTE) - 502] was already satisfying request 12. No change.
04-06 21:23:10.970 789-1315/? D/ConnectivityService:   checking if request is: NetworkRequest [ id=3, legacyType=-1, [ Transports: CELLULAR Capabilities: INTERNET&NOT_RESTRICTED&TRUSTED&NOT_VPN] ] satisfies: false nri.isRequest: false
04-06 21:23:10.970 789-1315/? D/ConnectivityService:   checking if request is: NetworkRequest [ id=19, legacyType=-1, [ Transports: CELLULAR Capabilities: INTERNET&NOT_RESTRICTED&TRUSTED&NOT_VPN] ] satisfies: false nri.isRequest: false
04-06 21:23:10.970 789-1315/? E/CSLegacyTypeTracker: add() : Adding agent NetworkAgentInfo{ ni{[type: MOBILE[LTE] - MOBILE_IMS, state: CONNECTED/CONNECTED, reason: (unspecified), extra: VZWIMS, roaming: false, failover: false, isAvailable: true]}  network{502}  lp{{InterfaceName: rmnet0 LinkAddresses: [2600:1016:1106:dd6d::1376:57c5/64,]  Routes: [::/0 -> fe80::9a8:b407:d22e:24ed rmnet0,] DnsAddresses: [2001:4888:3b:ff00:3c2:d::,2001:4888:32:ff00:3c1:d::,] Domains: null MTU: 0 TcpBufferSizes: 2097152,6294156,12582912,524288,1048576,2560000}}  nc{[ Transports: CELLULAR Capabilities: IMS&TRUSTED&NOT_VPN&VALIDATED LinkUpBandwidth>=51200Kbps LinkDnBandwidth>=102400Kbps Specifier: <1>]}  Score{50}  everValidated{true}  lastValidated{true}  created{true} lingering{false} explicitlySelected{false} acceptUnvalidated{false} everCaptivePortalDetected{false} lastCaptivePortalDetected{false} } for legacy network type 11
04-06 21:23:10.970 789-1315/? D/ConnectivityService: rematching NetworkAgentInfo [MOBILE (LTE) - 503]
04-06 21:23:10.970 789-1315/? D/ConnectivityService:  network has: NetworkAgentInfo{ ni{[type: MOBILE[LTE] - MOBILE, state: CONNECTED/CONNECTED, reason: (unspecified), extra: VZWINTERNET, roaming: false, failover: false, isAvailable: true]}  network{503}  lp{{InterfaceName: rmnet1 LinkAddresses: [100.119.232.242/32,2600:1016:b12b:aa36:0:49:cc36:7801/64,]  Routes: [0.0.0.0/0 -> 100.119.232.241 rmnet1,::/0 -> fe80::d012:b3d2:b907:f73d rmnet1,] DnsAddresses: [198.224.150.135,198.224.151.135,2001:4888:3b:ff00:3c2:d::,2001:4888:32:ff00:3c1:d::,] Domains: null MTU: 0 TcpBufferSizes: 2097152,6294156,12582912,524288,1048576,2560000}}  nc{[ Transports: CELLULAR Capabilities: SUPL&DUN&INTERNET&NOT_RESTRICTED&TRUSTED&NOT_VPN&VALIDATED LinkUpBandwidth>=51200Kbps LinkDnBandwidth>=102400Kbps Specifier: <1>]}  Score{50}  everValidated{true}  lastValidated{true}  created{true} lingering{false} explicitlySelected{false} acceptUnvalidated{false} everCaptivePortalDetected{false} lastCaptivePortalDetected{false} }
04-06 21:23:10.970 789-3013/? V/BroadcastQueue: [background] Process cur broadcast BroadcastRecord{835d487 u0 android.intent.action.USER_PRESENT qIdx=4}, state= (APP_RECEIVE) DELIVERED for app ProcessRecord{f741a5b 1932:com.google.android.gms.persistent/u0a16}
04-06 21:23:10.970 789-1315/? D/ConnectivityService:   checking if request is: NetworkRequest [ id=28, legacyType=-1, [ Capabilities: INTERNET&NOT_RESTRICTED&TRUSTED] ] satisfies: true nri.isRequest: false
04-06 21:23:10.980 789-1315/? D/ConnectivityService:   checking if request is: NetworkRequest [ id=25, legacyType=-1, [ Capabilities: INTERNET&NOT_RESTRICTED&TRUSTED] ] satisfies: true nri.isRequest: false
04-06 21:23:10.980 789-1315/? D/ConnectivityService:   checking if request is: NetworkRequest [ id=22, legacyType=-1, [ Transports: ETHERNET Capabilities: INTERNET&NOT_RESTRICTED&TRUSTED&NOT_VPN] ] satisfies: false nri.isRequest: true
04-06 21:23:10.980 789-1315/? D/ConnectivityService:   checking if request is: NetworkRequest [ id=30, legacyType=-1, [ Capabilities: INTERNET&NOT_RESTRICTED&TRUSTED] ] satisfies: true nri.isRequest: false
04-06 21:23:10.990 789-1315/? D/ConnectivityService:   checking if request is: NetworkRequest [ id=32, legacyType=-1, [ Capabilities: INTERNET&NOT_RESTRICTED&TRUSTED] ] satisfies: true nri.isRequest: false
04-06 21:23:10.990 789-1315/? D/ConnectivityService:   checking if request is: NetworkRequest [ id=33, legacyType=-1, [ Capabilities: INTERNET&NOT_RESTRICTED&TRUSTED] ] satisfies: true nri.isRequest: false
04-06 21:23:10.990 789-1315/? D/ConnectivityService:   checking if request is: NetworkRequest [ id=15, legacyType=12, [ Transports: CELLULAR Capabilities: CBS&TRUSTED&NOT_VPN] ] satisfies: false nri.isRequest: true
04-06 21:23:10.990 789-1315/? D/ConnectivityService: Network NetworkAgentInfo [MOBILE (LTE) - 503] was already satisfying request 20. No change.
04-06 21:23:10.990 789-1315/? D/ConnectivityService:   checking if request is: NetworkRequest [ id=16, legacyType=12, [ Transports: CELLULAR Capabilities: CBS&TRUSTED&NOT_VPN] ] satisfies: false nri.isRequest: true
04-06 21:23:10.990 789-1315/? D/ConnectivityService:   checking if request is: NetworkRequest [ id=13, legacyType=-1, [ Capabilities: INTERNET&NOT_RESTRICTED&TRUSTED] ] satisfies: true nri.isRequest: false
04-06 21:23:10.990 789-1315/? D/ConnectivityService:   checking if request is: NetworkRequest [ id=6, legacyType=-1, [ Transports: WIFI Capabilities: INTERNET&NOT_RESTRICTED&TRUSTED&NOT_VPN] ] satisfies: false nri.isRequest: false
04-06 21:23:10.990 789-1315/? D/ConnectivityService: Network NetworkAgentInfo [MOBILE (LTE) - 503] was already satisfying request 1. No change.
04-06 21:23:10.990 789-1315/? D/ConnectivityService:   checking if request is: NetworkRequest [ id=18, legacyType=-1, [ Transports: WIFI Capabilities: INTERNET&NOT_RESTRICTED&TRUSTED&NOT_VPN] ] satisfies: false nri.isRequest: true
04-06 21:23:10.990 789-1315/? D/ConnectivityService:   checking if request is: NetworkRequest [ id=5, legacyType=-1, [] ] satisfies: true nri.isRequest: false
04-06 21:23:10.990 789-1315/? D/ConnectivityService:   checking if request is: NetworkRequest [ id=17, legacyType=-1, [ Transports: WIFI Capabilities: INTERNET&NOT_RESTRICTED&TRUSTED&NOT_VPN] ] satisfies: false nri.isRequest: false
04-06 21:23:11.000 789-1315/? D/ConnectivityService:   checking if request is: NetworkRequest [ id=21, legacyType=-1, [ Transports: ETHERNET Capabilities: INTERNET&NOT_RESTRICTED&TRUSTED&NOT_VPN] ] satisfies: false nri.isRequest: false
04-06 21:23:11.000 789-1315/? D/ConnectivityService:   checking if request is: NetworkRequest [ id=29, legacyType=-1, [ Capabilities: INTERNET&NOT_RESTRICTED&TRUSTED] ] satisfies: true nri.isRequest: false
04-06 21:23:11.000 789-1315/? D/ConnectivityService:   checking if request is: NetworkRequest [ id=14, legacyType=-1, [ Capabilities: INTERNET&NOT_RESTRICTED&TRUSTED] ] satisfies: true nri.isRequest: false
04-06 21:23:11.000 789-1315/? D/ConnectivityService: Network NetworkAgentInfo [MOBILE (LTE) - 503] was already satisfying request 8. No change.
04-06 21:23:11.000 789-1315/? D/ConnectivityService:   checking if request is: NetworkRequest [ id=4, legacyType=-1, [ Transports: WIFI Capabilities: INTERNET&NOT_RESTRICTED&TRUSTED&NOT_VPN] ] satisfies: false nri.isRequest: false
04-06 21:23:11.000 789-1315/? D/ConnectivityService:   checking if request is: NetworkRequest [ id=12, legacyType=11, [ Transports: CELLULAR Capabilities: IMS&TRUSTED&NOT_VPN] ] satisfies: false nri.isRequest: true
04-06 21:23:11.000 789-1315/? D/ConnectivityService:   checking if request is: NetworkRequest [ id=3, legacyType=-1, [ Transports: CELLULAR Capabilities: INTERNET&NOT_RESTRICTED&TRUSTED&NOT_VPN] ] satisfies: true nri.isRequest: false
04-06 21:23:11.000 789-1315/? D/ConnectivityService:   checking if request is: NetworkRequest [ id=19, legacyType=-1, [ Transports: CELLULAR Capabilities: INTERNET&NOT_RESTRICTED&TRUSTED&NOT_VPN] ] satisfies: true nri.isRequest: false
04-06 21:23:11.010 789-1315/? D/ConnectivityService: sending notification AVAILABLE for NetworkRequest [ id=33, legacyType=-1, [ Capabilities: INTERNET&NOT_RESTRICTED&TRUSTED] ]
04-06 21:23:11.010 789-1315/? E/CSLegacyTypeTracker: add() : Adding agent NetworkAgentInfo{ ni{[type: MOBILE[LTE] - MOBILE, state: CONNECTED/CONNECTED, reason: (unspecified), extra: VZWINTERNET, roaming: false, failover: false, isAvailable: true]}  network{503}  lp{{InterfaceName: rmnet1 LinkAddresses: [100.119.232.242/32,2600:1016:b12b:aa36:0:49:cc36:7801/64,]  Routes: [0.0.0.0/0 -> 100.119.232.241 rmnet1,::/0 -> fe80::d012:b3d2:b907:f73d rmnet1,] DnsAddresses: [198.224.150.135,198.224.151.135,2001:4888:3b:ff00:3c2:d::,2001:4888:32:ff00:3c1:d::,] Domains: null MTU: 0 TcpBufferSizes: 2097152,6294156,12582912,524288,1048576,2560000}}  nc{[ Transports: CELLULAR Capabilities: SUPL&DUN&INTERNET&NOT_RESTRICTED&TRUSTED&NOT_VPN&VALIDATED LinkUpBandwidth>=51200Kbps LinkDnBandwidth>=102400Kbps Specifier: <1>]}  Score{50}  everValidated{true}  lastValidated{true}  created{true} lingering{false} explicitlySelected{false} acceptUnvalidated{false} everCaptivePortalDetected{false} lastCaptivePortalDetected{false} } for legacy network type 5
04-06 21:23:11.010 2059-2901/? I/Icing: Usage reports ok 1, Failed Usage reports 0, indexed 0, rejected 0, imm upload false
04-06 21:23:11.010 789-1412/? I/ActivityManager: Killing 7651:com.google.android.youtube/u0a210 (adj 15): DHA:empty #37
04-06 21:23:11.010 789-1315/? E/CSLegacyTypeTracker: add() : Adding agent NetworkAgentInfo{ ni{[type: MOBILE[LTE] - MOBILE, state: CONNECTED/CONNECTED, reason: (unspecified), extra: VZWINTERNET, roaming: false, failover: false, isAvailable: true]}  network{503}  lp{{InterfaceName: rmnet1 LinkAddresses: [100.119.232.242/32,2600:1016:b12b:aa36:0:49:cc36:7801/64,]  Routes: [0.0.0.0/0 -> 100.119.232.241 rmnet1,::/0 -> fe80::d012:b3d2:b907:f73d rmnet1,] DnsAddresses: [198.224.150.135,198.224.151.135,2001:4888:3b:ff00:3c2:d::,2001:4888:32:ff00:3c1:d::,] Domains: null MTU: 0 TcpBufferSizes: 2097152,6294156,12582912,524288,1048576,2560000}}  nc{[ Transports: CELLULAR Capabilities: SUPL&DUN&INTERNET&NOT_RESTRICTED&TRUSTED&NOT_VPN&VALIDATED LinkUpBandwidth>=51200Kbps LinkDnBandwidth>=102400Kbps Specifier: <1>]}  Score{50}  everValidated{true}  lastValidated{true}  created{true} lingering{false} explicitlySelected{false} acceptUnvalidated{false} everCaptivePortalDetected{false} lastCaptivePortalDetected{false} } for legacy network type 5
04-06 21:23:11.010 789-1315/? D/ConnectivityService: rematching NetworkAgentInfo [MOBILE (LTE) - 504]
04-06 21:23:11.020 789-1315/? D/ConnectivityService:  network has: NetworkAgentInfo{ ni{[type: MOBILE[LTE] - MOBILE_MMS, state: CONNECTED/CONNECTED, reason: connected, extra: VZWAPP, roaming: false, failover: false, isAvailable: true]}  network{504}  lp{{InterfaceName: rmnet2 LinkAddresses: [10.150.46.229/32,2600:1016:9106:c017:0:49:cc36:7f01/64,]  Routes: [0.0.0.0/0 -> 10.150.46.230 rmnet2,::/0 -> fe80::ddcf:3136:de82:9aa5 rmnet2,] DnsAddresses: [198.224.150.135,198.224.151.135,2001:4888:3b:ff00:3c2:d::,2001:4888:32:ff00:3c1:d::,] Domains: null MTU: 0 TcpBufferSizes: 2097152,6294156,12582912,524288,1048576,2560000}}  nc{[ Transports: CELLULAR Capabilities: MMS&CBS&NOT_RESTRICTED&TRUSTED&NOT_VPN&VALIDATED LinkUpBandwidth>=51200Kbps LinkDnBandwidth>=102400Kbps Specifier: <1>]}  Score{50}  everValidated{true}  lastValidated{true}  created{true} lingering{false} explicitlySelected{false} acceptUnvalidated{false} everCaptivePortalDetected{false} lastCaptivePortalDetected{false} }
04-06 21:23:11.020 789-1315/? D/ConnectivityService:   checking if request is: NetworkRequest [ id=28, legacyType=-1, [ Capabilities: INTERNET&NOT_RESTRICTED&TRUSTED] ] satisfies: false nri.isRequest: false
04-06 21:23:11.020 789-1315/? D/ConnectivityService:   checking if request is: NetworkRequest [ id=25, legacyType=-1, [ Capabilities: INTERNET&NOT_RESTRICTED&TRUSTED] ] satisfies: false nri.isRequest: false
04-06 21:23:11.020 789-1315/? D/ConnectivityService:   checking if request is: NetworkRequest [ id=22, legacyType=-1, [ Transports: ETHERNET Capabilities: INTERNET&NOT_RESTRICTED&TRUSTED&NOT_VPN] ] satisfies: false nri.isRequest: true
04-06 21:23:11.020 789-1315/? D/ConnectivityService:   checking if request is: NetworkRequest [ id=30, legacyType=-1, [ Capabilities: INTERNET&NOT_RESTRICTED&TRUSTED] ] satisfies: false nri.isRequest: false
04-06 21:23:11.020 789-1315/? D/ConnectivityService:   checking if request is: NetworkRequest [ id=32, legacyType=-1, [ Capabilities: INTERNET&NOT_RESTRICTED&TRUSTED] ] satisfies: false nri.isRequest: false
04-06 21:23:11.020 789-1315/? D/ConnectivityService:   checking if request is: NetworkRequest [ id=33, legacyType=-1, [ Capabilities: INTERNET&NOT_RESTRICTED&TRUSTED] ] satisfies: false nri.isRequest: false
04-06 21:23:11.020 789-1315/? D/ConnectivityService: Network NetworkAgentInfo [MOBILE (LTE) - 504] was already satisfying request 15. No change.
04-06 21:23:11.020 789-1315/? D/ConnectivityService:   checking if request is: NetworkRequest [ id=20, legacyType=5, [ Transports: CELLULAR Capabilities: INTERNET&NOT_RESTRICTED&TRUSTED&NOT_VPN] ] satisfies: false nri.isRequest: true
04-06 21:23:11.020 789-1315/? D/ConnectivityService: Network NetworkAgentInfo [MOBILE (LTE) - 504] was already satisfying request 16. No change.
04-06 21:23:11.020 789-1315/? D/ConnectivityService:   checking if request is: NetworkRequest [ id=13, legacyType=-1, [ Capabilities: INTERNET&NOT_RESTRICTED&TRUSTED] ] satisfies: false nri.isRequest: false
04-06 21:23:11.020 789-1315/? D/ConnectivityService:   checking if request is: NetworkRequest [ id=6, legacyType=-1, [ Transports: WIFI Capabilities: INTERNET&NOT_RESTRICTED&TRUSTED&NOT_VPN] ] satisfies: false nri.isRequest: false
04-06 21:23:11.020 789-1315/? D/ConnectivityService:   checking if request is: NetworkRequest [ id=1, legacyType=-1, [ Capabilities: INTERNET&NOT_RESTRICTED&TRUSTED&NOT_VPN] ] satisfies: false nri.isRequest: true
04-06 21:23:11.020 789-1315/? D/ConnectivityService:   checking if request is: NetworkRequest [ id=18, legacyType=-1, [ Transports: WIFI Capabilities: INTERNET&NOT_RESTRICTED&TRUSTED&NOT_VPN] ] satisfies: false nri.isRequest: true
04-06 21:23:11.020 789-1315/? D/ConnectivityService:   checking if request is: NetworkRequest [ id=5, legacyType=-1, [] ] satisfies: true nri.isRequest: false
04-06 21:23:11.020 789-1315/? D/ConnectivityService:   checking if request is: NetworkRequest [ id=17, legacyType=-1, [ Transports: WIFI Capabilities: INTERNET&NOT_RESTRICTED&TRUSTED&NOT_VPN] ] satisfies: false nri.isRequest: false
04-06 21:23:11.020 789-1315/? D/ConnectivityService:   checking if request is: NetworkRequest [ id=21, legacyType=-1, [ Transports: ETHERNET Capabilities: INTERNET&NOT_RESTRICTED&TRUSTED&NOT_VPN] ] satisfies: false nri.isRequest: false
04-06 21:23:11.020 789-1315/? D/ConnectivityService:   checking if request is: NetworkRequest [ id=29, legacyType=-1, [ Capabilities: INTERNET&NOT_RESTRICTED&TRUSTED] ] satisfies: false nri.isRequest: false
04-06 21:23:11.020 789-1315/? D/ConnectivityService:   checking if request is: NetworkRequest [ id=14, legacyType=-1, [ Capabilities: INTERNET&NOT_RESTRICTED&TRUSTED] ] satisfies: false nri.isRequest: false
04-06 21:23:11.020 789-1315/? D/ConnectivityService:   checking if request is: NetworkRequest [ id=8, legacyType=5, [ Transports: CELLULAR Capabilities: INTERNET&NOT_RESTRICTED&TRUSTED&NOT_VPN] ] satisfies: false nri.isRequest: true
04-06 21:23:11.020 789-1315/? D/ConnectivityService:   checking if request is: NetworkRequest [ id=4, legacyType=-1, [ Transports: WIFI Capabilities: INTERNET&NOT_RESTRICTED&TRUSTED&NOT_VPN] ] satisfies: false nri.isRequest: false
04-06 21:23:11.020 789-1315/? D/ConnectivityService:   checking if request is: NetworkRequest [ id=12, legacyType=11, [ Transports: CELLULAR Capabilities: IMS&TRUSTED&NOT_VPN] ] satisfies: false nri.isRequest: true
04-06 21:23:11.020 789-1315/? D/ConnectivityService:   checking if request is: NetworkRequest [ id=3, legacyType=-1, [ Transports: CELLULAR Capabilities: INTERNET&NOT_RESTRICTED&TRUSTED&NOT_VPN] ] satisfies: false nri.isRequest: false
04-06 21:23:11.020 789-1315/? D/ConnectivityService:   checking if request is: NetworkRequest [ id=19, legacyType=-1, [ Transports: CELLULAR Capabilities: INTERNET&NOT_RESTRICTED&TRUSTED&NOT_VPN] ] satisfies: false nri.isRequest: false
04-06 21:23:11.020 789-1315/? E/CSLegacyTypeTracker: add() : Adding agent NetworkAgentInfo{ ni{[type: MOBILE[LTE] - MOBILE_MMS, state: CONNECTED/CONNECTED, reason: connected, extra: VZWAPP, roaming: false, failover: false, isAvailable: true]}  network{504}  lp{{InterfaceName: rmnet2 LinkAddresses: [10.150.46.229/32,2600:1016:9106:c017:0:49:cc36:7f01/64,]  Routes: [0.0.0.0/0 -> 10.150.46.230 rmnet2,::/0 -> fe80::ddcf:3136:de82:9aa5 rmnet2,] DnsAddresses: [198.224.150.135,198.224.151.135,2001:4888:3b:ff00:3c2:d::,2001:4888:32:ff00:3c1:d::,] Domains: null MTU: 0 TcpBufferSizes: 2097152,6294156,12582912,524288,1048576,2560000}}  nc{[ Transports: CELLULAR Capabilities: MMS&CBS&NOT_RESTRICTED&TRUSTED&NOT_VPN&VALIDATED LinkUpBandwidth>=51200Kbps LinkDnBandwidth>=102400Kbps Specifier: <1>]}  Score{50}  everValidated{true}  lastValidated{true}  created{true} lingering{false} explicitlySelected{false} acceptUnvalidated{false} everCaptivePortalDetected{false} lastCaptivePortalDetected{false} } for legacy network type 12
04-06 21:23:11.030 789-1315/? E/CSLegacyTypeTracker: add() : Adding agent NetworkAgentInfo{ ni{[type: MOBILE[LTE] - MOBILE_MMS, state: CONNECTED/CONNECTED, reason: connected, extra: VZWAPP, roaming: false, failover: false, isAvailable: true]}  network{504}  lp{{InterfaceName: rmnet2 LinkAddresses: [10.150.46.229/32,2600:1016:9106:c017:0:49:cc36:7f01/64,]  Routes: [0.0.0.0/0 -> 10.150.46.230 rmnet2,::/0 -> fe80::ddcf:3136:de82:9aa5 rmnet2,] DnsAddresses: [198.224.150.135,198.224.151.135,2001:4888:3b:ff00:3c2:d::,2001:4888:32:ff00:3c1:d::,] Domains: null MTU: 0 TcpBufferSizes: 2097152,6294156,12582912,524288,1048576,2560000}}  nc{[ Transports: CELLULAR Capabilities: MMS&CBS&NOT_RESTRICTED&TRUSTED&NOT_VPN&VALIDATED LinkUpBandwidth>=51200Kbps LinkDnBandwidth>=102400Kbps Specifier: <1>]}  Score{50}  everValidated{true}  lastValidated{true}  created{true} lingering{false} explicitlySelected{false} acceptUnvalidated{false} everCaptivePortalDetected{false} lastCaptivePortalDetected{false} } for legacy network type 12
04-06 21:23:11.030 365-451/? I/ThermalEngine: Sensor:tsens_tz_sensor8:70000 mC
04-06 21:23:11.030 365-451/? I/ThermalEngine: Sensor:tsens_tz_sensor6:71000 mC
04-06 21:23:11.030 365-451/? I/ThermalEngine: Sensor:tsens_tz_sensor5:70000 mC
04-06 21:23:11.050 789-1416/? V/BroadcastQueue: [background] Process cur broadcast BroadcastRecord{835d487 u0 android.intent.action.USER_PRESENT qIdx=4}, state= (APP_RECEIVE) DELIVERED for app ProcessRecord{f741a5b 1932:com.google.android.gms.persistent/u0a16}
04-06 21:23:11.080 9369-9401/? W/ResourcesManager: getTopLevelResources: /data/app/com.google.android.gms-1/base.apk / 1.0 running in flipboard.app rsrc of package null
04-06 21:23:11.090 365-451/? I/ThermalEngine: Sensor:tsens_tz_sensor8:69000 mC
04-06 21:23:11.090 365-451/? I/ThermalEngine: Sensor:tsens_tz_sensor6:70000 mC
04-06 21:23:11.090 365-451/? I/ThermalEngine: Sensor:tsens_tz_sensor5:70000 mC
04-06 21:23:11.120 9369-9417/? W/System.err: mkdir failed: EEXIST (File exists) : /data/user/0/flipboard.app/cache/WebView/Crash Reports
04-06 21:23:11.140 789-3012/? D/ConnectivityService: ConnectivityService NetworkRequestInfo binderDied(NetworkRequest [ id=29, legacyType=-1, [ Capabilities: INTERNET&NOT_RESTRICTED&TRUSTED] ], android.os.BinderProxy@e7ce44)
04-06 21:23:11.140 789-1315/? D/ConnectivityService: releasing NetworkRequest NetworkRequest [ id=29, legacyType=-1, [ Capabilities: INTERNET&NOT_RESTRICTED&TRUSTED] ]
04-06 21:23:11.150 789-1315/? D/ConnectivityService: sending notification RELEASED for NetworkRequest [ id=29, legacyType=-1, [ Capabilities: INTERNET&NOT_RESTRICTED&TRUSTED] ]
04-06 21:23:11.150 789-1703/? D/ActivityManager: cleanUpApplicationRecord -- 7651
04-06 21:23:11.150 789-1315/? E/ConnectivityService: RemoteException caught trying to send a callback msg for NetworkRequest [ id=29, legacyType=-1, [ Capabilities: INTERNET&NOT_RESTRICTED&TRUSTED] ]
04-06 21:23:11.150 789-1703/? D/ActivityManager: isAutoRunBlockedApp:: com.google.android.youtube, Auto Run ON
04-06 21:23:11.160 365-451/? I/ThermalEngine: Sensor:tsens_tz_sensor8:69000 mC
04-06 21:23:11.160 365-451/? I/ThermalEngine: Sensor:tsens_tz_sensor6:70000 mC
04-06 21:23:11.160 365-451/? I/ThermalEngine: Sensor:tsens_tz_sensor5:70000 mC
04-06 21:23:11.220 365-451/? I/ThermalEngine: Sensor:tsens_tz_sensor8:69000 mC
04-06 21:23:11.220 365-451/? I/ThermalEngine: Sensor:tsens_tz_sensor6:69000 mC
04-06 21:23:11.220 365-451/? I/ThermalEngine: Sensor:tsens_tz_sensor5:70000 mC
04-06 21:23:11.250 2059-2901/? I/Icing: Usage reports ok 0, Failed Usage reports 0, indexed 0, rejected 0, imm upload false
04-06 21:23:11.260 789-5768/? V/BroadcastQueue: [background] Process cur broadcast BroadcastRecord{835d487 u0 android.intent.action.USER_PRESENT qIdx=4}, state= (APP_RECEIVE) DELIVERED for app ProcessRecord{f741a5b 1932:com.google.android.gms.persistent/u0a16}
04-06 21:23:11.290 365-451/? I/ThermalEngine: Sensor:tsens_tz_sensor8:68000 mC
04-06 21:23:11.290 365-451/? I/ThermalEngine: Sensor:tsens_tz_sensor6:70000 mC
04-06 21:23:11.290 365-451/? I/ThermalEngine: Sensor:tsens_tz_sensor5:70000 mC
04-06 21:23:11.310 789-1702/? I/ActivityManager: Start proc 9467:com.vzw.hss.myverizon/u0a29 for broadcast-3 com.vzw.hss.myverizon/.rdd.wifidata.receiver.RDDWifiStateReceiver
04-06 21:23:11.310 9467-9467/? E/Zygote: v2
04-06 21:23:11.310 9467-9467/? I/libpersona: KNOX_SDCARD checking this for 10029
04-06 21:23:11.310 9467-9467/? I/libpersona: KNOX_SDCARD not a persona
04-06 21:23:11.310 9467-9467/? I/SELinux: Function: selinux_compare_spd_ram, index[1], SPD-policy is existed. and_ver=SEPF_SM-G900V_5.0-1 ver=51
04-06 21:23:11.310 9467-9467/? W/SELinux: Function: selinux_compare_spd_ram, index[1], priority [2], priority version is VE=SEPF_SECMOBILE_6.0.1_0029
04-06 21:23:11.310 9467-9467/? E/Zygote: accessInfo : 0
04-06 21:23:11.320 9467-9467/? W/SELinux: SELinux: seapp_context_lookup: seinfo=default, level=s0:c512,c768, pkgname=com.vzw.hss.myverizon 
04-06 21:23:11.350 365-451/? I/ThermalEngine: Sensor:tsens_tz_sensor8:69000 mC
04-06 21:23:11.350 365-451/? I/ThermalEngine: Sensor:tsens_tz_sensor6:70000 mC
04-06 21:23:11.350 365-451/? I/ThermalEngine: Sensor:tsens_tz_sensor5:70000 mC
04-06 21:23:11.350 1376-1376/? D/StatusBar.NetworkController: onSignalStrengthsChanged signalStrength=SignalStrength: 99 99 -90 -70 -120 -1 -1 21 -102 -11 94 -1 2147483647 0x3030 gsm|lte level=3
04-06 21:23:11.350 1376-1376/? D/StatusBar.NetworkController: updateTelephonySignalStrength: hasService=true ss=SignalStrength: 99 99 -90 -70 -120 -1 -1 21 -102 -11 94 -1 2147483647 0x3030 gsm|lte
04-06 21:23:11.350 1376-1376/? D/StatusBar.NetworkController: updateTelephonySignalStrength: iconLevel=3
04-06 21:23:11.350 1376-1376/? D/StatusBar.NetworkController: updateTelephonySignalStrength, No signal level. mPhoneSignalIconId = com.android.systemui:drawable/tw_stat_sys_5_level_signal_3_auto_rotate mDataSignalIconId = com.android.systemui:drawable/tw_stat_sys_5_level_signal_3_auto_rotate mQSPhoneSignalIconId = com.android.systemui:drawable/ic_qs_signal_3 mContentDescriptionPhoneSignal = Three bars of phone signal
04-06 21:23:11.390 9369-9396/? I/System.out: (HTTPLog)-Static: isSBSettingEnabled false
04-06 21:23:11.390 9369-9396/? I/System.out: (HTTPLog)-Static: isSBSettingEnabled false
04-06 21:23:11.400 328-1227/? D/EnterpriseController: netId is 0
04-06 21:23:11.400 328-1227/? D/Netd: getNetworkForDns: using netid 503 for uid 10120
04-06 21:23:11.420 365-451/? I/ThermalEngine: Sensor:tsens_tz_sensor8:69000 mC
04-06 21:23:11.420 365-451/? I/ThermalEngine: Sensor:tsens_tz_sensor6:70000 mC
04-06 21:23:11.420 365-451/? I/ThermalEngine: Sensor:tsens_tz_sensor5:70000 mC
04-06 21:23:11.420 9467-9467/? D/TimaKeyStoreProvider: TimaSignature is unavailable
04-06 21:23:11.420 9467-9467/? D/ActivityThread: Added TimaKeyStore provider
04-06 21:23:11.440 789-1412/? V/BroadcastQueue: [background] Process cur broadcast BroadcastRecord{835d487 u0 android.intent.action.USER_PRESENT qIdx=4}, state= (APP_RECEIVE) DELIVERED for app ProcessRecord{2b58ab0 9467:com.vzw.hss.myverizon/u0a29}
04-06 21:23:11.450 9467-9467/? W/ResourcesManager: getTopLevelResources: /data/app/com.vzw.hss.myverizon-2/base.apk / 1.0 running in com.vzw.hss.myverizon rsrc of package null
04-06 21:23:11.450 1376-1376/? D/StatusBar.NetworkController: refreshViews connected={ data } level=3 combinedSignalIconId=0x7f02077b/com.android.systemui:drawable/tw_stat_sys_5_level_signal_3_auto_rotate mobileLabel=Verizon Wireless wifiLabel= emergencyOnly=false combinedLabel=Verizon Wireless mAirplaneMode=false mDataActivity=0 mPhoneSignalIconId=0x7f02077b/com.android.systemui:drawable/tw_stat_sys_5_level_signal_3_auto_rotate mQSPhoneSignalIconId=0x7f02015c/com.android.systemui:drawable/ic_qs_signal_3 mDataDirectionIconId=0x7f0203ff/com.android.systemui:drawable/stat_sys_data_connected_4g_lte mDataSignalIconId=0x7f02077b/com.android.systemui:drawable/tw_stat_sys_5_level_signal_3_auto_rotate mDataTypeIconId=0x7f0203ff/com.android.systemui:drawable/stat_sys_data_connected_4g_lte mQSDataTypeIconId=0x0/(null) mNoSimIconId=0x0/(null) mWifiIconId=0x7f020641/com.android.systemui:drawable/stat_sys_wifi_signal_0 mQSWifiIconId=0x7f02017c/com.android.systemui:drawable/ic_qs_wifi_no_network mWifiActivityIconId=0x0/(null) mBluetoothTetherIconId=0x7f020624/com.android.systemui:drawable/stat_sys_tether_bluetooth
04-06 21:23:11.460 1376-1376/? D/StatusBar.NetworkController: refreshNwBoosterIndicator - setNWBoosterIndicators(false)
04-06 21:23:11.460 1376-1376/? D/StatusBar.NetworkController: applyVZW
04-06 21:23:11.460 1376-1376/? D/StatusBar.NetworkController: applyVZW : mDataTypeDisabledIconIdcom.android.systemui:drawable/stat_sys_data_connected_disabled_4g_lte
04-06 21:23:11.460 1376-1376/? D/StatusBar.NetworkController: refreshNwBoosterIndicator - setNWBoosterIndicators(false)
04-06 21:23:11.460 1376-1376/? D/StatusBar.NetworkController: applyVZW
04-06 21:23:11.460 1376-1376/? D/StatusBar.NetworkController: applyVZW : mDataTypeDisabledIconIdcom.android.systemui:drawable/stat_sys_data_connected_disabled_4g_lte
04-06 21:23:11.460 1376-1376/? D/StatusBar.NetworkController: refreshNwBoosterIndicator - setNWBoosterIndicators(false)
04-06 21:23:11.460 1376-1376/? D/StatusBar.NetworkController: applyVZW
04-06 21:23:11.470 1376-1376/? D/StatusBar.NetworkController: applyVZW : mDataTypeDisabledIconIdcom.android.systemui:drawable/stat_sys_data_connected_disabled_4g_lte
04-06 21:23:11.470 1376-1376/? D/StatusBar.NetworkController: refreshNwBoosterIndicator - setNWBoosterIndicators(false)
04-06 21:23:11.470 1376-1376/? D/StatusBar.NetworkController: applyVZW
04-06 21:23:11.470 1376-1376/? D/StatusBar.NetworkController: applyVZW : mDataTypeDisabledIconIdcom.android.systemui:drawable/stat_sys_data_connected_disabled_4g_lte
04-06 21:23:11.480 9467-9467/? W/ResourceType: ResTable_typeSpec entry count inconsistent: given 1, previously 2407
04-06 21:23:11.480 365-451/? I/ThermalEngine: Sensor:tsens_tz_sensor8:69000 mC
04-06 21:23:11.480 365-451/? I/ThermalEngine: Sensor:tsens_tz_sensor6:70000 mC
04-06 21:23:11.480 365-451/? I/ThermalEngine: Sensor:tsens_tz_sensor5:70000 mC
04-06 21:23:11.520 7861-8193/? D/ClClient: Not sending keepalive.  Current connection state=STOPPED
04-06 21:23:11.550 365-451/? I/ThermalEngine: Sensor:tsens_tz_sensor8:69000 mC
04-06 21:23:11.550 365-451/? I/ThermalEngine: Sensor:tsens_tz_sensor6:70000 mC
04-06 21:23:11.550 365-451/? I/ThermalEngine: Sensor:tsens_tz_sensor5:70000 mC
04-06 21:23:11.610 365-451/? I/ThermalEngine: Sensor:tsens_tz_sensor8:68000 mC
04-06 21:23:11.610 365-451/? I/ThermalEngine: Sensor:tsens_tz_sensor6:69000 mC
04-06 21:23:11.610 365-451/? I/ThermalEngine: Sensor:tsens_tz_sensor5:69000 mC
04-06 21:23:11.630 789-877/? D/ActivityManager:  getDeferredInfo final delay 2860
04-06 21:23:11.650 789-789/? D/EPDG -- [EPDGService]: onDataActivity: direction=3
04-06 21:23:11.650 1376-1376/? D/StatusBar.NetworkController: onDataActivity: direction=3
04-06 21:23:11.650 1376-1376/? D/StatusBar.NetworkController: updateDataIcon, mDataDirectionIconId = com.android.systemui:drawable/stat_sys_data_connected_4g_lte mDataConnected = true
04-06 21:23:11.660 9369-9447/? I/System.out: (HTTPLog)-Static: isSBSettingEnabled false
04-06 21:23:11.660 9369-9447/? I/System.out: (HTTPLog)-Static: isSBSettingEnabled false
04-06 21:23:11.680 365-451/? I/ThermalEngine: Sensor:tsens_tz_sensor8:68000 mC
04-06 21:23:11.680 365-451/? I/ThermalEngine: Sensor:tsens_tz_sensor6:70000 mC
