04-06 21:22:58.170 365-451/? I/ThermalEngine: Sensor:tsens_tz_sensor5:80000 mC
04-06 21:22:58.190 789-9108/? W/ActivityManager: Process com.ssugamejam.stepdimension has crashed too many times: killing!
04-06 21:22:58.230 789-869/? W/ResourcesManager: getTopLevelResources: /data/app/com.sec.android.app.shealth-1/base.apk / 1.0 running in null rsrc of package null
04-06 21:22:58.230 789-869/? W/ResourcesManager: getTopLevelResources: /data/app/com.sec.android.app.shealth-1/base.apk / 1.0 running in null rsrc of package null
04-06 21:22:58.230 789-869/? W/ResourcesManager: getTopLevelResources: /data/app/com.audible.application-2/base.apk / 1.0 running in null rsrc of package null
04-06 21:22:58.230 365-451/? I/ThermalEngine: Sensor:tsens_tz_sensor8:74000 mC
04-06 21:22:58.230 365-451/? I/ThermalEngine: Sensor:tsens_tz_sensor6:77000 mC
04-06 21:22:58.230 365-451/? I/ThermalEngine: Sensor:tsens_tz_sensor5:77000 mC
04-06 21:22:58.240 789-935/? W/DropBoxManagerService: Dropping: SYSTEM_TOMBSTONE (10 > 0 bytes)
04-06 21:22:58.240 789-9109/? W/DropBoxManagerService: Dropping: data_app_native_crash (1727 > 0 bytes)
04-06 21:22:58.240 789-9108/? W/ActivityManager:   Force finishing activity com.ssugamejam.stepdimension/.SFMLActivity
04-06 21:22:58.250 314-393/? I/SurfaceFlinger: id=11 Removed ttepdimensi (5/8)
04-06 21:22:58.250 314-382/? I/SurfaceFlinger: id=11 Removed ttepdimensi (-2/8)
04-06 21:22:58.250 789-9108/? D/InputDispatcher: Focused application released
04-06 21:22:58.260 789-9108/? D/FocusedStackFrame: Set to : 0
04-06 21:22:58.260 314-314/? D/libEGL: eglTerminate EGLDisplay = 0xbef1235c
04-06 21:22:58.260 314-314/? D/libEGL: eglTerminate EGLDisplay = 0xbef1235c
04-06 21:22:58.260 314-314/? D/libEGL: eglTerminate EGLDisplay = 0xbef1235c
04-06 21:22:58.260 789-9108/? W/ActivityManager: Wtf, activity ActivityRecord{a4ad5d8 u0 com.ssugamejam.stepdimension/.SFMLActivity t3 f} in proc activity list not using proc ProcessRecord{44bda68 9022:com.ssugamejam.stepdimension/u0a317}?!? Using null instead.
04-06 21:22:58.260 312-312/? E/lowmemorykiller: Error opening /proc/9022/oom_score_adj; errno=2
04-06 21:22:58.260 789-9108/? I/ActivityManager: Killing 7049:com.sec.face:FaceProvider/5004 (adj 15): DHA:empty #37
04-06 21:22:58.270 789-950/? D/ViewRootImpl: #3 mView = null
04-06 21:22:58.270 789-869/? W/ResourcesManager: getTopLevelResources: /data/app/com.audible.application-2/base.apk / 1.0 running in null rsrc of package null
04-06 21:22:58.280 789-869/? W/ResourcesManager: getTopLevelResources: /data/app/com.google.android.music-2/base.apk / 1.0 running in null rsrc of package null
04-06 21:22:58.300 789-950/? W/WindowManager: Failed looking up window
    java.lang.IllegalArgumentException: Requested window android.view.ViewRootImpl$W@8b6508 does not exist
        at com.android.server.wm.WindowManagerService.windowForClientLocked(WindowManagerService.java:14825)
        at com.android.server.wm.WindowManagerService.windowForClientLocked(WindowManagerService.java:14816)
        at com.android.server.wm.WindowManagerService.removeWindow(WindowManagerService.java:4620)
        at com.android.server.wm.Session.remove(Session.java:206)
        at android.view.ViewRootImpl.dispatchDetachedFromWindow(ViewRootImpl.java:3748)
        at android.view.ViewRootImpl.doDie(ViewRootImpl.java:6887)
        at android.view.ViewRootImpl$ViewRootHandler.handleMessage(ViewRootImpl.java:4232)
        at android.os.Handler.dispatchMessage(Handler.java:102)
        at android.os.Looper.loop(Looper.java:158)
        at android.os.HandlerThread.run(HandlerThread.java:61)
        at com.android.server.ServiceThread.run(ServiceThread.java:46)
04-06 21:22:58.300 789-9108/? V/WindowOrientationListener: setCurrentAppOrientation :1
04-06 21:22:58.300 789-9108/? V/WindowManager: rotationForOrientationLw(orient=1, last=1); user=0 USER_ROTATION_LOCKED sensorRotation=-1 mLidState=-1 mDockMode=0 mHdmiPlugged=false mMobileKeyboardEnabled=false displayId=0
04-06 21:22:58.300 789-9108/? D/SamsungWindowManager: setRotationLw() : rotation=0
04-06 21:22:58.300 789-9108/? D/CustomFrequencyManagerService: acquireDVFSLockLocked : type : DVFS_MIN_LIMIT  frequency : 2457600  uid : 1000  pid : 789  pkgName : ROTATION_BOOSTER@35
04-06 21:22:58.300 365-451/? I/ThermalEngine: Sensor:tsens_tz_sensor8:75000 mC
04-06 21:22:58.300 365-451/? I/ThermalEngine: Sensor:tsens_tz_sensor6:77000 mC
04-06 21:22:58.300 365-451/? I/ThermalEngine: Sensor:tsens_tz_sensor5:78000 mC
04-06 21:22:58.300 789-9108/? D/InputDispatcher: setInputDispatchMode: enabled=1, frozen=1
04-06 21:22:58.300 314-314/? I/SurfaceFlinger: id=18 createSurf (1080x1920),2 flag=4, TcreenshotS
04-06 21:22:58.310 314-314/? I/SurfaceFlinger: Disp[0] Orientation 1=>0
04-06 21:22:58.330 314-314/? D/libEGL: eglInitialize EGLDisplay = 0xbef12334
04-06 21:22:58.330 789-9108/? I/ActivityManager: Config changes=480 {0 1.0 showBtnBg = 0 311mcc480mnc en_US ldltr sw360dp w360dp h616dp 480dpi nrml long port finger -keyb/v/h -nav/h mkbd/? s.8}
04-06 21:22:58.330 314-314/? I/SurfaceFlinger: id=19 createSurf (1920x1080),1 flag=4, Mauncher
04-06 21:22:58.360 789-1282/? I/InputReader: Reconfiguring input devices.  changes=0x00000004
04-06 21:22:58.360 789-1282/? I/InputReader: Device reconfigured: id=9, name='sec_touchscreen', size 1080x1920, orientation 0, mode 1, display id 0
04-06 21:22:58.360 365-451/? I/ThermalEngine: Sensor:tsens_tz_sensor8:74000 mC
04-06 21:22:58.360 365-451/? I/ThermalEngine: Sensor:tsens_tz_sensor6:76000 mC
04-06 21:22:58.360 365-451/? I/ThermalEngine: Sensor:tsens_tz_sensor5:77000 mC
04-06 21:22:58.370 789-1282/? I/InputReader: Reconfiguring input devices.  changes=0x00000004
04-06 21:22:58.420 4198-4198/? D/Mms/MmsApp: [start]    onConfigurationChanged(), newConfig = {0 1.0 showBtnBg = 0 311mcc480mnc en_US ldltr sw360dp w360dp h616dp 480dpi nrml long port finger -keyb/v/h -nav/h mkbd/? s.8} consume time = 4714.547393
04-06 21:22:58.420 4198-4198/? D/Mms/MmsApp: [end]    onConfigurationChanged(), newConfig = {0 1.0 showBtnBg = 0 311mcc480mnc en_US ldltr sw360dp w360dp h616dp 480dpi nrml long port finger -keyb/v/h -nav/h mkbd/? s.8} consume time = 0.147604
04-06 21:22:58.430 365-451/? I/ThermalEngine: Sensor:tsens_tz_sensor8:76000 mC
04-06 21:22:58.430 365-451/? I/ThermalEngine: Sensor:tsens_tz_sensor6:78000 mC
04-06 21:22:58.430 365-451/? I/ThermalEngine: Sensor:tsens_tz_sensor5:78000 mC
04-06 21:22:58.440 4010-4010/? I/SamsungIME: [Before] hardKeyboardHidden(2) keyboardType(1)
             mHwKeyboardShown [isHWKeyboardOpen()] = false --> false
04-06 21:22:58.440 4010-4010/? E/SamsungIME:          isHWKeyboardConnected() = false --> false
04-06 21:22:58.440 4010-4010/? I/SamsungIME: [hasToCallSuper] true
04-06 21:22:58.450 4010-4010/? D/SamsungIME: onStartInput: No inputType, No imeOption, isInputViewShown = false, isExtractViewShown = false, isShowInputRequested = false, isConfigChanged = true
04-06 21:22:58.450 7233-7233/? W/ResourceType: For resource 0x7f070624, entry index(1572) is beyond type entryCount(1313)
04-06 21:22:58.450 789-869/? W/ResourcesManager: getTopLevelResources: /data/app/com.google.android.music-2/base.apk / 1.0 running in null rsrc of package null
04-06 21:22:58.450 789-869/? W/ResourcesManager: getTopLevelResources: /data/app/com.google.android.youtube-1/base.apk / 1.0 running in null rsrc of package null
04-06 21:22:58.470 1376-1376/? I/PERF: KeyguardViewMediator - onConfigurationChanged()
04-06 21:22:58.490 365-451/? I/ThermalEngine: Sensor:tsens_tz_sensor8:78000 mC
04-06 21:22:58.490 365-451/? I/ThermalEngine: Sensor:tsens_tz_sensor6:78000 mC
04-06 21:22:58.490 365-451/? I/ThermalEngine: Sensor:tsens_tz_sensor5:78000 mC
04-06 21:22:58.500 789-9108/? I/ActivityManager: Killing 9022:com.ssugamejam.stepdimension/u0a317 (adj 9): crash
04-06 21:22:58.500 789-9108/? D/ActivityManager: cleanUpApplicationRecord -- 9022
04-06 21:22:58.500 789-9108/? D/ActivityManager: isAutoRunBlockedApp:: com.ssugamejam.stepdimension, Auto Run ON
04-06 21:22:58.500 789-1695/? W/ActivityManager: Spurious death for ProcessRecord{44bda68 0:com.ssugamejam.stepdimension/u0a317}, curProc for 9022: null
04-06 21:22:58.510 789-3012/? V/AlarmManager:  remove PendingIntent] PendingIntent{9d1f367: PendingIntentRecord{1a4a8b3 com.google.android.gms broadcastIntent}}
04-06 21:22:58.510 789-1412/? V/BroadcastQueue: [background] Process cur broadcast BroadcastRecord{f383514 u0 null qIdx=4}, state= (APP_RECEIVE) DELIVERED for app ProcessRecord{c92e1bd 9096:com.asurion.android.verizon.vms/u0a64}
04-06 21:22:58.510 789-789/? D/EPDG -- [EPDGService]: onDataActivity: direction=0
04-06 21:22:58.510 789-5304/? D/ActivityManager: cleanUpApplicationRecord -- 7049
04-06 21:22:58.510 789-5304/? D/ActivityManager: isAutoRunBlockedApp:: com.sec.face, Auto Run ON
04-06 21:22:58.520 1376-1376/? D/Recents: handleProxyCall type=6
04-06 21:22:58.520 789-789/? D/Tethering: NAP Supported and not Wifi Model
04-06 21:22:58.530 789-1847/? V/WindowStateAnimator: Finishing drawing window Window{2bde6f9 u0 d0 com.sec.android.app.launcher/com.android.launcher2.Launcher}: mDrawState=DRAW_PENDING
04-06 21:22:58.530 789-869/? W/ResourceType: ResTable_typeSpec entry count inconsistent: given 30, previously 38
04-06 21:22:58.530 789-869/? W/ResourcesManager: getTopLevelResources: /data/app/com.google.android.youtube-1/base.apk / 1.0 running in null rsrc of package null
04-06 21:22:58.530 2646-2678/? E/SmartFaceService: onReceive: android.intent.action.CONFIGURATION_CHANGED
04-06 21:22:58.540 2646-2678/? E/SmartFaceService: mFolderCoverOpened: (true, true) -> true
04-06 21:22:58.540 1596-1596/? D/WallpaperService: updateSurface
04-06 21:22:58.540 1550-1550/? D/Recents: handleProxyCall type=6
04-06 21:22:58.540 314-314/? D/libEGL: eglInitialize EGLDisplay = 0xbef12334
04-06 21:22:58.540 789-882/? D/ViewRootImpl: MSG_RESIZED_REPORT: ci=Rect(0, 0 - 0, 0) vi=Rect(0, 0 - 0, 0) or=1
04-06 21:22:58.550 1596-1596/? I/Adreno-EGL: <qeglDrvAPI_eglInitialize:379>: EGL 1.4 QUALCOMM build:  (Ia10634f51b)
    OpenGL ES Shader Compiler Version: E031.29.00.00
    Build Date: 01/28/16 Thu
    Local Branch: ss
    Remote Branch: 
    Local Patches: 
    Reconstruct Branch: 
04-06 21:22:58.550 1596-1596/? D/libEGL: eglInitialize EGLDisplay = 0xbeb1bb94
04-06 21:22:58.550 1674-2748/? D/TelephonyProvider: query: url=content://telephony/carriers, projectionIn=null, selection=numeric = '311480'selectionArgs=null, sort=null
04-06 21:22:58.550 1674-2748/? D/TelephonyProvider: query: match = 1
04-06 21:22:58.550 789-869/? W/ResourcesManager: getTopLevelResources: /data/app/com.twitter.android-2/base.apk / 1.0 running in null rsrc of package null
04-06 21:22:58.550 1674-2748/? D/TelephonyProvider: query: selection modified to numeric = '311480' and edited!=2 and edited!=3 and edited!=5 and edited!=6
04-06 21:22:58.550 789-950/? D/KnoxTimeoutHandler: notifyActivityDrawn [MsgParam] userId: 0 fullscreen is true showWhenlocked is false
04-06 21:22:58.550 789-877/? D/CustomFrequencyManagerService: acquireDVFSLockLocked : type : DVFS_MIN_LIMIT  frequency : 1958400  uid : 1000  pid : 789  pkgName : ACTIVITY_RESUME_BOOSTER@16
04-06 21:22:58.560 1689-1689/? D/Launcher: onResume, Launcher: 61542364
04-06 21:22:58.560 365-451/? I/ThermalEngine: Sensor:tsens_tz_sensor8:77000 mC
04-06 21:22:58.560 365-451/? I/ThermalEngine: Sensor:tsens_tz_sensor6:79000 mC
04-06 21:22:58.560 365-451/? I/ThermalEngine: Sensor:tsens_tz_sensor5:79000 mC
04-06 21:22:58.560 789-950/? D/CustomFrequencyManagerService: releaseDVFSLockLocked : Getting Lock type frm List : DVFS_MIN_LIMIT  frequency : 1958400  uid : 1000  pid : 789  tag : ACTIVITY_RESUME_BOOSTER@10
04-06 21:22:58.560 789-950/? D/CustomFrequencyManagerService: FrequencyrequestList.getNextMaxCPUCoreRequest, index: 1
04-06 21:22:58.560 789-950/? D/ActivityManager: mDVFSHelper.release()
04-06 21:22:58.560 789-950/? I/Timeline: Timeline: Activity_windows_visible id: ActivityRecord{463e714 u0 com.sec.android.app.launcher/com.android.launcher2.Launcher t1} time:205645
04-06 21:22:58.560 789-882/? D/StatusBarManagerService: manageDisableList userId=0 what=0x0 pkg=Window{2930cd7 u0 d0 Application Error: com.ssugamejam.stepdimension}
04-06 21:22:58.560 789-1412/? D/SettingsProvider: isChangeAllowed() : name = kids_home_mode
04-06 21:22:58.560 789-1412/? D/SettingsProvider: edmUri: content://com.sec.knox.provider/RestrictionPolicy3
04-06 21:22:58.560 789-1412/? D/SettingsProvider: projectionArgs: isSettingsChangesAllowed
04-06 21:22:58.560 789-1412/? D/SettingsProvider: selectionArgs: false
04-06 21:22:58.560 789-1412/? D/SettingsProvider: selectionArgs: 10011
04-06 21:22:58.570 789-1412/? D/SecContentProvider: query(), uri = 17 selection = isSettingsChangesAllowed
04-06 21:22:58.570 314-314/? D/libEGL: eglInitialize EGLDisplay = 0xbef12334
04-06 21:22:58.580 9096-9096/? W/ResourcesManager: getTopLevelResources: /data/app/com.asurion.android.verizon.vms-1/base.apk / 1.0 running in com.asurion.android.verizon.vms rsrc of package null
04-06 21:22:58.580 1376-1376/? D/ViewRootImpl: MSG_RESIZED_REPORT: ci=Rect(0, 0 - 0, 0) vi=Rect(0, 0 - 0, 0) or=1
04-06 21:22:58.580 1376-1376/? D/VisualEffectParticleEffect: onConfigurationChanged
04-06 21:22:58.580 1376-1376/? D/VisualEffectParticleEffect: resetOrientation
04-06 21:22:58.580 1376-1376/? D/VisualEffectParticleEffect: stage : 1080.0 x 1920.0
04-06 21:22:58.580 789-1412/? D/SettingsProvider: ret = -1
04-06 21:22:58.580 1689-1689/? D/Launcher.HomeView: onResume
04-06 21:22:58.590 1376-1376/? D/PanelView: onConfigurationChanged
04-06 21:22:58.590 1376-1376/? D/PanelView: newConfig diff : 480
04-06 21:22:58.590 1376-1376/? D/SecKeyguardClockView: onConfigurationChanged()
04-06 21:22:58.590 1376-1376/? D/SecKeyguardClockView: newConfig diff : 480
04-06 21:22:58.590 1376-1376/? D/SecKeyguardClockView: handleDelayedOnConfigurationChanged()
04-06 21:22:58.600 789-789/? W/Settings: Setting tether_dun_required has moved from android.provider.Settings.System to android.provider.Settings.Global
04-06 21:22:58.600 789-789/? D/SettingsProvider: isChangeAllowed() : name = tether_dun_required
04-06 21:22:58.600 314-382/? D/libEGL: eglTerminate EGLDisplay = 0xb694164c
04-06 21:22:58.600 314-382/? D/libEGL: eglTerminate EGLDisplay = 0xb694164c
04-06 21:22:58.610 789-789/? D/KnoxTimeoutHandler: activityDrawn [MsgParam] userId: 0 fullscreen is true showWhenlocked is false
04-06 21:22:58.620 1376-1376/? D/SecKeyguardClockView: updateClock() : Text Clock is inflated
04-06 21:22:58.620 1689-1689/? D/Launcher: Launcher::setSystemUiTransparency(): getSystemUiVisibility() after setting  = 0
04-06 21:22:58.630 365-451/? I/ThermalEngine: Sensor:tsens_tz_sensor8:78000 mC
04-06 21:22:58.630 365-451/? I/ThermalEngine: Sensor:tsens_tz_sensor6:80000 mC
04-06 21:22:58.630 365-451/? I/ThermalEngine: Sensor:tsens_tz_sensor5:79000 mC
04-06 21:22:58.630 789-789/? I/KnoxTimeoutHandler: SD activityfalse
04-06 21:22:58.630 789-882/? V/WindowStateAnimator: Finishing drawing window Window{2930cd7 u0 d0 Application Error: com.ssugamejam.stepdimension}: mDrawState=DRAW_PENDING
04-06 21:22:58.630 789-882/? D/ViewRootImpl: MSG_RESIZED_REPORT: ci=Rect(0, 0 - 0, 0) vi=Rect(0, 0 - 0, 0) or=1
04-06 21:22:58.630 1689-1689/? D/MenuAppsGridFragment: onResume
04-06 21:22:58.640 1376-1376/? V/KeyguardUpdateMonitor: *** unregister callback for com.android.keyguard.sec.SecKeyguardClockSingleView$2@d92cbf4
04-06 21:22:58.640 314-314/? D/libEGL: eglInitialize EGLDisplay = 0xbef12334
04-06 21:22:58.640 314-314/? D/libEGL: eglTerminate EGLDisplay = 0xbef12394
04-06 21:22:58.650 789-882/? V/WindowStateAnimator: Finishing drawing window Window{2930cd7 u0 d0 Application Error: com.ssugamejam.stepdimension}: mDrawState=HAS_DRAWN
04-06 21:22:58.670 789-3011/? V/AlarmManager:  remove PendingIntent] PendingIntent{b805f03: PendingIntentRecord{1ed8e80 com.verizon.messaging.vzmsgs startService}}
04-06 21:22:58.690 365-451/? I/ThermalEngine: Sensor:tsens_tz_sensor8:77000 mC
04-06 21:22:58.690 365-451/? I/ThermalEngine: Sensor:tsens_tz_sensor6:79000 mC
04-06 21:22:58.690 365-451/? I/ThermalEngine: Sensor:tsens_tz_sensor5:78000 mC
04-06 21:22:58.740 789-2136/? V/AlarmManager:  remove PendingIntent] PendingIntent{a90dcb9: PendingIntentRecord{1a4a8b3 com.google.android.gms broadcastIntent}}
04-06 21:22:58.740 1674-1688/? W/ResourcesManager: getTopLevelResources: /data/app/com.verizon.messaging.vzmsgs-1/base.apk / 1.0 running in com.android.phone rsrc of package null
04-06 21:22:58.760 365-451/? I/ThermalEngine: Sensor:tsens_tz_sensor8:79000 mC
04-06 21:22:58.760 365-451/? I/ThermalEngine: Sensor:tsens_tz_sensor6:82000 mC
04-06 21:22:58.760 365-451/? I/ThermalEngine: Sensor:tsens_tz_sensor5:80000 mC
04-06 21:22:58.780 789-869/? W/ResourceType: ResTable_typeSpec entry count inconsistent: given 40, previously 47
04-06 21:22:58.780 789-869/? W/ResourceType: ResTable_typeSpec entry count inconsistent: given 3802, previously 3804
04-06 21:22:58.790 789-869/? W/ResourceType: ResTable_typeSpec entry count inconsistent: given 1313, previously 1623
04-06 21:22:58.790 789-869/? W/ResourceType: ResTable_typeSpec entry count inconsistent: given 1740, previously 1747
04-06 21:22:58.790 789-869/? W/ResourceType: ResTable_typeSpec entry count inconsistent: given 197, previously 1463
04-06 21:22:58.790 789-1577/? D/ActivityManager: post active user change for 0 fullscreen true isFloatingActivity() false isHomeActivity() true
04-06 21:22:58.790 789-1577/? I/WallpaperManagerService: switchPersonaWallpaper is called for personaId-0
04-06 21:22:58.790 789-1577/? D/KnoxTimeoutHandler: post home show event for user 0
04-06 21:22:58.790 789-789/? D/WallpaperManagerService:  force update = false; persona id = 0; current user =0; current persona = 0
04-06 21:22:58.790 789-789/? D/KnoxTimeoutHandler: handleHomeShow for 0 and current 0
04-06 21:22:58.790 789-1577/? D/KnoxTimeoutHandler: postActiveUserChange [MsgParam] userId: 0 fullscreen is true showWhenlocked is false
04-06 21:22:58.790 789-789/? D/KnoxTimeoutHandler: handleActiveUserChange [MsgParam] userId: 0 fullscreen is true showWhenlocked is false
04-06 21:22:58.800 1689-1689/? D/ViewRootImpl: MSG_RESIZED_REPORT: ci=Rect(0, 0 - 0, 0) vi=Rect(0, 0 - 0, 0) or=1
04-06 21:22:58.800 789-789/? I/KnoxTimeoutHandler: Shared devices show user statefalse
04-06 21:22:58.800 789-789/? D/CustomFrequencyManagerService: FrequencyrequestList.getNextMaxCPUCoreRequest, index: 0
04-06 21:22:58.800 789-869/? W/ResourcesManager: getTopLevelResources: /data/app/com.twitter.android-2/base.apk / 1.0 running in null rsrc of package null
04-06 21:22:58.800 789-869/? W/ResourcesManager: getTopLevelResources: /data/app/com.google.android.apps.docs.editors.docs-1/base.apk / 1.0 running in null rsrc of package null
04-06 21:22:58.810 314-314/? D/libEGL: eglInitialize EGLDisplay = 0xbef12334
04-06 21:22:58.810 314-314/? D/libEGL: eglTerminate EGLDisplay = 0xbef12394
04-06 21:22:58.810 1596-1596/? D/libEGL: eglTerminate EGLDisplay = 0xbeb1bbec
04-06 21:22:58.810 1596-1596/? D/WallpaperService: MSG_WINDOW_RESIZED
04-06 21:22:58.810 1596-1596/? D/WallpaperService: updateSurface
04-06 21:22:58.810 1596-1596/? V/WallpaperService: Changes: creating=false format=false size=false
04-06 21:22:58.810 1596-1596/? V/WallpaperService: mWidth:1920 SurfaceWidth:1920 mHeight:1920 SurfaceHeigh:1920
04-06 21:22:58.820 1596-1596/? V/WallpaperService: Wallpaper size has changed: (1920, 1920)
04-06 21:22:58.820 789-1695/? V/WindowStateAnimator: Finishing drawing window Window{a41810b u0 d0 com.android.systemui.ImageWallpaper}: mDrawState=DRAW_PENDING
04-06 21:22:58.820 314-382/? D/libEGL: eglTerminate EGLDisplay = 0xb694164c
04-06 21:22:58.820 365-451/? I/ThermalEngine: Sensor:tsens_tz_sensor8:78000 mC
04-06 21:22:58.820 365-451/? I/ThermalEngine: Sensor:tsens_tz_sensor6:81000 mC
04-06 21:22:58.820 365-451/? I/ThermalEngine: Sensor:tsens_tz_sensor5:79000 mC
04-06 21:22:58.830 1376-1376/? D/SecKeyguardStatusUtils: regionalDateFormat = h:mm a isRTLlanguage = false returnDateFormat = E, d MMMM
04-06 21:22:58.830 1376-1376/? D/SecKeyguardStatusUtils: regionalDateFormat = h:mm a isRTLlanguage = false returnDateFormat = E, d MMMM
04-06 21:22:58.830 1376-1376/? D/SecKeyguardStatusUtils: regionalDateFormat = h:mm a isRTLlanguage = false returnDateFormat = E, d MMMM
04-06 21:22:58.840 1376-1376/? V/KeyguardUpdateMonitor: *** register callback for com.android.keyguard.sec.SecKeyguardClockSingleView$2@a9f8e78
04-06 21:22:58.840 1376-1376/? V/KeyguardUpdateMonitor: *** unregister callback for null
04-06 21:22:58.840 1376-1376/? D/SecKeyguardStatusUtils: regionalDateFormat = h:mm a isRTLlanguage = false returnDateFormat = E, d MMMM
04-06 21:22:58.840 1376-1376/? D/SecKeyguardStatusUtils: regionalDateFormat = h:mm a isRTLlanguage = false returnDateFormat = E, d MMMM
04-06 21:22:58.850 789-789/? D/CustomFrequencyManagerService: releaseDVFSLockLocked : Getting Lock type frm List : DVFS_MIN_LIMIT  frequency : 1958400  uid : 1000  pid : 789  tag : ACTIVITY_RESUME_BOOSTER@16
04-06 21:22:58.860 8902-9120/? W/art: Failed to open zip archive '/system/framework/com.qti.location.sdk.jar': I/O Error
04-06 21:22:58.860 789-2136/? V/WindowStateAnimator: Finishing drawing window Window{2bde6f9 u0 d0 com.sec.android.app.launcher/com.android.launcher2.Launcher}: mDrawState=HAS_DRAWN
04-06 21:22:58.870 1689-1689/? I/Timeline: Timeline: Activity_idle id: android.os.BinderProxy@78d80b4 time:205952
04-06 21:22:58.870 314-314/? D/libEGL: eglInitialize EGLDisplay = 0xbef12334
04-06 21:22:58.870 314-314/? D/libEGL: eglTerminate EGLDisplay = 0xbef12394
04-06 21:22:58.880 1376-1376/? D/SecKeyguardStatusUtils: regionalDateFormat = h:mm a isRTLlanguage = false returnDateFormat = E, d MMMM
04-06 21:22:58.880 1376-1376/? I/SecKeyguardClockSingleView: Ignore. Because it is same clock text
04-06 21:22:58.890 365-451/? I/ThermalEngine: Sensor:tsens_tz_sensor8:78000 mC
04-06 21:22:58.890 365-451/? I/ThermalEngine: Sensor:tsens_tz_sensor6:81000 mC
04-06 21:22:58.890 365-451/? I/ThermalEngine: Sensor:tsens_tz_sensor5:80000 mC
04-06 21:22:58.890 1376-1376/? I/SecKeyguardClockSingleView: Ignore. Because it is same clock text
04-06 21:22:58.890 314-314/? D/libEGL: eglInitialize EGLDisplay = 0xbef12334
04-06 21:22:58.890 1376-1390/? I/art: Background sticky concurrent mark sweep GC freed 39812(3MB) AllocSpace objects, 4(112KB) LOS objects, 7% free, 45MB/49MB, paused 805us total 242.815ms
04-06 21:22:58.900 789-869/? W/ResourcesManager: getTopLevelResources: /data/app/com.google.android.apps.docs.editors.docs-1/base.apk / 1.0 running in null rsrc of package null
04-06 21:22:58.900 1376-1376/? D/StatusBar-QSPanel: onConfigurationChanged()
04-06 21:22:58.900 1376-1376/? D/StatusBar-QSPanel: newConfig diff : 480
04-06 21:22:58.900 1376-1376/? D/StatusBar-QSPanel: handleDelayedOnConfigurationChanged()
04-06 21:22:58.900 1376-1376/? D/StatusBar-QSPanel: adjustCellWidth mButtonWidth : 201, displayWidth : 1032
04-06 21:22:58.900 1376-1376/? D/StatusBar-QSPanel: updateButtonInfo mButtonWidth : 201 mColumns:5 orien: 1 mButtonCorrectionWidth:7
04-06 21:22:58.900 1376-1376/? D/STATUSBAR-QSTileView: dynamicallyReduceTextSize: 0
04-06 21:22:58.900 1376-1376/? D/STATUSBAR-QSTileView: dynamicallyReduceTextSize: 0
04-06 21:22:58.900 1376-1376/? D/STATUSBAR-QSTileView: dynamicallyCutandReduceTextSize: 0
04-06 21:22:58.900 1376-1376/? D/STATUSBAR-QSTileView: text: Sound
04-06 21:22:58.910 1376-1376/? D/STATUSBAR-QSTileView: dynamicallyReduceTextSize: 0
04-06 21:22:58.910 1376-1376/? D/STATUSBAR-QSTileView: dynamicallyReduceTextSize: 0
04-06 21:22:58.910 1376-1376/? D/STATUSBAR-QSTileView: dynamicallyReduceTextSize: 0
04-06 21:22:58.910 1376-1376/? D/STATUSBAR-QSTileView: dynamicallyReduceTextSize: 0
04-06 21:22:58.910 1376-1376/? D/STATUSBAR-QSTileView: dynamicallyReduceTextSize: 0
04-06 21:22:58.910 1376-1376/? D/STATUSBAR-QSTileView: dynamicallyReduceTextSize: 0
04-06 21:22:58.910 1376-1376/? D/STATUSBAR-QSTileView: dynamicallyReduceTextSize: 0
04-06 21:22:58.910 1376-1376/? D/STATUSBAR-QSTileView: dynamicallyReduceTextSize: 0
04-06 21:22:58.910 1376-1376/? D/STATUSBAR-QSTileView: dynamicallyReduceTextSize: 0
04-06 21:22:58.910 1376-1376/? D/STATUSBAR-QSTileView: dynamicallyReduceTextSize: 0
04-06 21:22:58.910 1376-1376/? D/STATUSBAR-QSTileView: dynamicallyReduceTextSize: 0
04-06 21:22:58.910 1376-1376/? D/STATUSBAR-QSTileView: dynamicallyReduceTextSize: 0
04-06 21:22:58.910 1376-1376/? D/STATUSBAR-QSTileView: dynamicallyReduceTextSize: 0
04-06 21:22:58.910 1376-1376/? D/STATUSBAR-QSTileView: dynamicallyReduceTextSize: 0
04-06 21:22:58.910 1376-1376/? D/STATUSBAR-QSTileView: dynamicallyReduceTextSize: 0
04-06 21:22:58.910 1376-1376/? D/STATUSBAR-QSTileView: dynamicallyReduceTextSize: 0
04-06 21:22:58.910 1376-1376/? D/STATUSBAR-QSTileView: dynamicallyReduceTextSize: 0
04-06 21:22:58.910 1376-1376/? D/STATUSBAR-QSTileView: dynamicallyReduceTextSize: 0
04-06 21:22:58.910 1376-1376/? D/STATUSBAR-QSTileView: dynamicallyReduceTextSize: 0
04-06 21:22:58.910 1376-1376/? D/STATUSBAR-QSTileView: dynamicallyReduceTextSize: 0
04-06 21:22:58.910 1376-1376/? D/STATUSBAR-QSTileView: dynamicallyReduceTextSize: 0
04-06 21:22:58.910 1376-1376/? D/StatusBar-QSPanel: setSingleLine:true
04-06 21:22:58.910 1376-1376/? D/StatusBar-QSPanel: adjustCellWidth mButtonWidth : 201, displayWidth : 1032
04-06 21:22:58.910 1376-1376/? D/StatusBar-QSPanel: updateButtonInfo mButtonWidth : 201 mColumns:5 orien: 1 mButtonCorrectionWidth:7
04-06 21:22:58.910 1376-1376/? D/StatusBar-QSPanel: setSingleLine height:279
04-06 21:22:58.910 1376-1376/? D/STATUSBAR-QSTileView: dynamicallyReduceTextSize: 0
04-06 21:22:58.910 1376-1376/? D/STATUSBAR-QSTileView: dynamicallyReduceTextSize: 0
04-06 21:22:58.910 1376-1376/? D/STATUSBAR-QSTileView: dynamicallyCutandReduceTextSize: 0
04-06 21:22:58.910 1376-1376/? D/STATUSBAR-QSTileView: text: Sound
04-06 21:22:58.910 1376-1376/? D/STATUSBAR-QSTileView: dynamicallyReduceTextSize: 0
04-06 21:22:58.910 1376-1376/? D/STATUSBAR-QSTileView: dynamicallyReduceTextSize: 0
04-06 21:22:58.910 1376-1376/? D/STATUSBAR-QSTileView: dynamicallyReduceTextSize: 0
04-06 21:22:58.910 1376-1376/? D/STATUSBAR-QSTileView: dynamicallyReduceTextSize: 0
04-06 21:22:58.910 1376-1376/? D/STATUSBAR-QSTileView: dynamicallyReduceTextSize: 0
04-06 21:22:58.910 1376-1376/? D/STATUSBAR-QSTileView: dynamicallyReduceTextSize: 0
04-06 21:22:58.910 1376-1376/? D/STATUSBAR-QSTileView: dynamicallyReduceTextSize: 0
04-06 21:22:58.910 1376-1376/? D/STATUSBAR-QSTileView: dynamicallyReduceTextSize: 0
04-06 21:22:58.910 1376-1376/? D/STATUSBAR-QSTileView: dynamicallyReduceTextSize: 0
04-06 21:22:58.910 1376-1376/? D/STATUSBAR-QSTileView: dynamicallyReduceTextSize: 0
04-06 21:22:58.910 1376-1376/? D/STATUSBAR-QSTileView: dynamicallyReduceTextSize: 0
04-06 21:22:58.910 1376-1376/? D/STATUSBAR-QSTileView: dynamicallyReduceTextSize: 0
04-06 21:22:58.910 1376-1376/? D/STATUSBAR-QSTileView: dynamicallyReduceTextSize: 0
04-06 21:22:58.920 1376-1376/? D/STATUSBAR-QSTileView: dynamicallyReduceTextSize: 0
04-06 21:22:58.920 1376-1376/? D/STATUSBAR-QSTileView: dynamicallyReduceTextSize: 0
04-06 21:22:58.920 1376-1376/? D/STATUSBAR-QSTileView: dynamicallyReduceTextSize: 0
04-06 21:22:58.920 1376-1376/? D/STATUSBAR-QSTileView: dynamicallyReduceTextSize: 0
04-06 21:22:58.920 1376-1376/? D/STATUSBAR-QSTileView: dynamicallyReduceTextSize: 0
04-06 21:22:58.920 1376-1376/? D/STATUSBAR-QSTileView: dynamicallyReduceTextSize: 0
04-06 21:22:58.920 1376-1376/? D/STATUSBAR-QSTileView: dynamicallyReduceTextSize: 0
04-06 21:22:58.920 1376-1376/? D/STATUSBAR-QSTileView: dynamicallyReduceTextSize: 0
04-06 21:22:58.930 789-2136/? D/SecContentProvider2: query(), uri = 15 selection = getLockScreenHiddenItems
04-06 21:22:58.930 1376-1376/? D/CarrierText: updateCarrierText(): 1
04-06 21:22:58.930 1376-1376/? D/CarrierText: Getting plmn/spn sticky brdcst Verizon Wireless / 
04-06 21:22:58.930 1376-1376/? D/CarrierText: concatenate : plmn = Verizon Wireless
04-06 21:22:58.930 1376-1376/? D/CarrierText: Handling READY , carrierTextForSimState = Verizon Wireless
04-06 21:22:58.930 1376-1376/? D/CarrierText: concatenate : spn = Verizon Wireless
04-06 21:22:58.930 1376-1376/? D/CarrierText: Result :  displayText = Verizon Wireless , carrierTextForSimState = Verizon Wireless
04-06 21:22:58.930 1376-1376/? D/CarrierText: setText :  displayText = Verizon Wireless
04-06 21:22:58.930 1376-1376/? D/StatusBar.NetworkController: onDataActivity: direction=0
04-06 21:22:58.930 1376-1376/? D/StatusBar.NetworkController: updateDataIcon, mDataDirectionIconId = com.android.systemui:drawable/stat_sys_data_connected_4g_lte mDataConnected = true
04-06 21:22:58.930 789-5768/? D/CoverManagerWhiteLists: isAllowedToUse : SIGNATURE_MATCH
04-06 21:22:58.940 1376-1376/? D/StatusBar.NetworkController: refreshViews connected={ data } level=3 combinedSignalIconId=0x7f02077b/com.android.systemui:drawable/tw_stat_sys_5_level_signal_3_auto_rotate mobileLabel=Verizon Wireless wifiLabel= emergencyOnly=false combinedLabel=Verizon Wireless mAirplaneMode=false mDataActivity=0 mPhoneSignalIconId=0x7f02077b/com.android.systemui:drawable/tw_stat_sys_5_level_signal_3_auto_rotate mQSPhoneSignalIconId=0x7f02015c/com.android.systemui:drawable/ic_qs_signal_3 mDataDirectionIconId=0x7f0203ff/com.android.systemui:drawable/stat_sys_data_connected_4g_lte mDataSignalIconId=0x7f02077b/com.android.systemui:drawable/tw_stat_sys_5_level_signal_3_auto_rotate mDataTypeIconId=0x7f0203ff/com.android.systemui:drawable/stat_sys_data_connected_4g_lte mQSDataTypeIconId=0x0/(null) mNoSimIconId=0x0/(null) mWifiIconId=0x7f020641/com.android.systemui:drawable/stat_sys_wifi_signal_0 mQSWifiIconId=0x7f02017c/com.android.systemui:drawable/ic_qs_wifi_no_network mWifiActivityIconId=0x0/(null) mBluetoothTetherIconId=0x7f020624/com.android.systemui:drawable/stat_sys_tether_bluetooth
04-06 21:22:58.940 1376-1376/? D/StatusBar.NetworkController: refreshNwBoosterIndicator - setNWBoosterIndicators(false)
04-06 21:22:58.940 1376-1376/? D/StatusBar.NetworkController: applyVZW
04-06 21:22:58.940 1376-1376/? D/StatusBar.NetworkController: applyVZW : mDataTypeDisabledIconIdcom.android.systemui:drawable/stat_sys_data_connected_disabled_4g_lte
04-06 21:22:58.940 1376-1376/? D/StatusBar.NetworkController: refreshNwBoosterIndicator - setNWBoosterIndicators(false)
04-06 21:22:58.940 1376-1376/? D/StatusBar.NetworkController: applyVZW
04-06 21:22:58.950 1376-1376/? D/StatusBar.NetworkController: applyVZW : mDataTypeDisabledIconIdcom.android.systemui:drawable/stat_sys_data_connected_disabled_4g_lte
04-06 21:22:58.950 1376-1376/? D/StatusBar.NetworkController: refreshNwBoosterIndicator - setNWBoosterIndicators(false)
04-06 21:22:58.950 1376-1376/? D/StatusBar.NetworkController: applyVZW
04-06 21:22:58.950 1376-1376/? D/StatusBar.NetworkController: applyVZW : mDataTypeDisabledIconIdcom.android.systemui:drawable/stat_sys_data_connected_disabled_4g_lte
04-06 21:22:58.950 1376-1376/? D/StatusBar.NetworkController: refreshNwBoosterIndicator - setNWBoosterIndicators(false)
04-06 21:22:58.950 1376-1376/? D/StatusBar.NetworkController: applyVZW
04-06 21:22:58.950 1376-1376/? D/StatusBar.NetworkController: applyVZW : mDataTypeDisabledIconIdcom.android.systemui:drawable/stat_sys_data_connected_disabled_4g_lte
04-06 21:22:58.950 365-451/? I/ThermalEngine: Sensor:tsens_tz_sensor8:80000 mC
04-06 21:22:58.950 365-451/? I/ThermalEngine: Sensor:tsens_tz_sensor6:80000 mC
04-06 21:22:58.950 365-451/? I/ThermalEngine: Sensor:tsens_tz_sensor5:80000 mC
04-06 21:22:58.960 314-4008/? D/libEGL: eglTerminate EGLDisplay = 0xb1e6f64c
04-06 21:22:58.960 789-869/? W/ResourcesManager: getTopLevelResources: /system/priv-app/SecSettings/SecSettings.apk / 1.0 running in null rsrc of package null
04-06 21:22:58.970 1376-1376/? D/BatteryMeterView: onDraw batteryColor : -1107296257
04-06 21:22:58.980 789-1577/? V/WindowStateAnimator: Finishing drawing window Window{df576 u0 d0 StatusBar}: mDrawState=DRAW_PENDING
04-06 21:22:58.980 789-1268/? V/AlarmManager: Expired Alarm result :4
04-06 21:22:58.980 1376-1376/? D/PhoneStatusBar: setSystemUiVisibility vis=40008000 mask=ffffffff oldVal=8000 newVal=40008000 diff=40000000
04-06 21:22:58.980 1376-1376/? D/SecKeyguardClockView: updateCMASText() mOwnerInfo=android.widget.TextView{9b21347 I.ED..C.. ..S...ID 0,0-0,65 #7f0f035b app:id/keyguard_owner_info}
04-06 21:22:58.980 1376-1376/? D/SecKeyguardClockView: disableNoti = false
04-06 21:22:58.980 1376-1376/? D/BatteryMeterView: onDraw batteryColor : -1107296257
04-06 21:22:58.990 314-314/? D/libEGL: eglInitialize EGLDisplay = 0xbef12334
04-06 21:22:58.990 314-314/? D/libEGL: eglTerminate EGLDisplay = 0xbef12394
04-06 21:22:58.990 1674-1688/? W/ResourcesManager: getTopLevelResources: /data/app/com.vzw.hss.myverizon-2/base.apk / 1.0 running in com.android.phone rsrc of package null
04-06 21:22:58.990 789-950/? I/WindowManager: Screen frozen for +695ms due to Window{df576 u0 d0 StatusBar}
04-06 21:22:59.000 314-314/? I/SurfaceFlinger: id=20 createSurf (3840x1080),-1 flag=20004, ClackSurfac
04-06 21:22:59.000 314-314/? I/SurfaceFlinger: id=21 createSurf (1920x2160),-1 flag=20004, ClackSurfac
04-06 21:22:59.010 314-314/? D/libEGL: eglInitialize EGLDisplay = 0xbef12334
04-06 21:22:59.010 314-314/? I/SurfaceFlinger: id=22 createSurf (3840x1080),-1 flag=20004, ClackSurfac
04-06 21:22:59.010 314-314/? I/SurfaceFlinger: id=23 createSurf (1920x2160),-1 flag=20004, ClackSurfac
04-06 21:22:59.020 365-451/? I/ThermalEngine: Sensor:tsens_tz_sensor8:79000 mC
04-06 21:22:59.020 365-451/? I/ThermalEngine: Sensor:tsens_tz_sensor6:80000 mC
04-06 21:22:59.020 365-451/? I/ThermalEngine: Sensor:tsens_tz_sensor5:79000 mC
04-06 21:22:59.020 789-950/? D/InputDispatcher: setInputDispatchMode: enabled=1, frozen=0
04-06 21:22:59.020 1674-1688/? W/ResourcesManager: getTopLevelResources: /data/app/com.facebook.orca-1/base.apk / 1.0 running in com.android.phone rsrc of package null
04-06 21:22:59.020 314-314/? D/libEGL: eglInitialize EGLDisplay = 0xbef12334
04-06 21:22:59.030 8902-9040/? W/art: Failed to open zip archive '/system/framework/com.qti.location.sdk.jar': I/O Error
04-06 21:22:59.030 1376-1376/? D/StatusBar.NetworkController: refreshViews connected={ data } level=3 combinedSignalIconId=0x7f02077b/com.android.systemui:drawable/tw_stat_sys_5_level_signal_3_auto_rotate mobileLabel=Verizon Wireless wifiLabel= emergencyOnly=false combinedLabel=Verizon Wireless mAirplaneMode=false mDataActivity=0 mPhoneSignalIconId=0x7f02077b/com.android.systemui:drawable/tw_stat_sys_5_level_signal_3_auto_rotate mQSPhoneSignalIconId=0x7f02015c/com.android.systemui:drawable/ic_qs_signal_3 mDataDirectionIconId=0x7f0203ff/com.android.systemui:drawable/stat_sys_data_connected_4g_lte mDataSignalIconId=0x7f02077b/com.android.systemui:drawable/tw_stat_sys_5_level_signal_3_auto_rotate mDataTypeIconId=0x7f0203ff/com.android.systemui:drawable/stat_sys_data_connected_4g_lte mQSDataTypeIconId=0x0/(null) mNoSimIconId=0x0/(null) mWifiIconId=0x7f020641/com.android.systemui:drawable/stat_sys_wifi_signal_0 mQSWifiIconId=0x7f02017c/com.android.systemui:drawable/ic_qs_wifi_no_network mWifiActivityIconId=0x0/(null) mBluetoothTetherIconId=0x7f020624/com.android.systemui:drawable/stat_sys_tether_bluetooth
04-06 21:22:59.040 1376-1376/? D/StatusBar.NetworkController: refreshNwBoosterIndicator - setNWBoosterIndicators(false)
04-06 21:22:59.040 1376-1376/? D/StatusBar.NetworkController: applyVZW
04-06 21:22:59.050 9096-9096/? I/MultiDex: VM with version 2.1.0 has multidex support
04-06 21:22:59.050 9096-9096/? I/MultiDex: Installing application
04-06 21:22:59.050 9096-9096/? I/MultiDex: VM has multidex support, MultiDex support library is disabled.
04-06 21:22:59.060 789-1695/? D/BatteryService: !@BatteryListener : batteryPropertiesChanged!
04-06 21:22:59.060 789-1695/? D/BatteryService: level:82, scale:100, status:2, health:2, present:true, voltage: 3920, temperature: 399, technology: Li-ion, AC powered:false, USB powered:true, POGO powered:false, Wireless powered:false, icon:17303564, invalid charger:0, maxChargingCurrent:0
04-06 21:22:59.060 789-1695/? D/BatteryService: online:4, current avg:450, charge type:1, power sharing:false, high voltage charger:false, capacity:280000, batterySWSelfDischarging:false, current_now:450
04-06 21:22:59.060 1376-1376/? D/StatusBar.NetworkController: applyVZW : mDataTypeDisabledIconIdcom.android.systemui:drawable/stat_sys_data_connected_disabled_4g_lte
04-06 21:22:59.060 1376-1376/? D/StatusBar.NetworkController: refreshNwBoosterIndicator - setNWBoosterIndicators(false)
04-06 21:22:59.060 1376-1376/? D/StatusBar.NetworkController: applyVZW
04-06 21:22:59.060 789-789/? D/BatteryService: Sending ACTION_BATTERY_CHANGED.
04-06 21:22:59.070 789-789/? I/MotionRecognitionService: Plugged
04-06 21:22:59.070 789-789/? D/MotionRecognitionService:   cableConnection= 1
04-06 21:22:59.070 789-789/? D/MotionRecognitionService: setPowerConnected | current backoffstate  = 1024 , state =1024
04-06 21:22:59.070 789-789/? D/MotionRecognitionService: skip setTransmitPower. 
04-06 21:22:59.070 1376-1376/? D/StatusBar.NetworkController: applyVZW : mDataTypeDisabledIconIdcom.android.systemui:drawable/stat_sys_data_connected_disabled_4g_lte
04-06 21:22:59.070 1376-1376/? D/StatusBar.NetworkController: refreshNwBoosterIndicator - setNWBoosterIndicators(false)
04-06 21:22:59.070 1376-1376/? D/StatusBar.NetworkController: applyVZW
04-06 21:22:59.070 1376-1376/? D/StatusBar.NetworkController: applyVZW : mDataTypeDisabledIconIdcom.android.systemui:drawable/stat_sys_data_connected_disabled_4g_lte
04-06 21:22:59.070 1376-1376/? D/StatusBar.NetworkController: refreshNwBoosterIndicator - setNWBoosterIndicators(false)
04-06 21:22:59.070 1376-1376/? D/StatusBar.NetworkController: applyVZW
04-06 21:22:59.070 314-382/? I/SurfaceFlinger: id=18 Removed TcreenshotS (9/13)
04-06 21:22:59.070 314-873/? I/SurfaceFlinger: id=20 Removed ClackSurfac (9/12)
04-06 21:22:59.070 314-873/? I/SurfaceFlinger: id=18 Removed TcreenshotS (-2/12)
04-06 21:22:59.070 314-382/? I/SurfaceFlinger: id=20 Removed ClackSurfac (-2/12)
04-06 21:22:59.070 314-4008/? I/SurfaceFlinger: id=21 Removed ClackSurfac (9/11)
04-06 21:22:59.080 314-393/? I/SurfaceFlinger: id=22 Removed ClackSurfac (9/10)
04-06 21:22:59.080 1376-1376/? D/StatusBar.NetworkController: applyVZW : mDataTypeDisabledIconIdcom.android.systemui:drawable/stat_sys_data_connected_disabled_4g_lte
04-06 21:22:59.080 1376-1376/? D/KeyguardUpdateMonitor: received broadcast android.intent.action.BATTERY_CHANGED
04-06 21:22:59.080 314-873/? I/SurfaceFlinger: id=23 Removed ClackSurfac (9/9)
04-06 21:22:59.080 314-393/? I/SurfaceFlinger: id=21 Removed ClackSurfac (-2/9)
04-06 21:22:59.080 1376-1376/? I/PERF: received broadcast android.intent.action.BATTERY_CHANGED
04-06 21:22:59.080 314-393/? I/SurfaceFlinger: id=22 Removed ClackSurfac (-2/9)
04-06 21:22:59.080 314-382/? I/SurfaceFlinger: id=23 Removed ClackSurfac (-2/9)
04-06 21:22:59.080 1772-1772/? D/BatteryMonitor: new battery level: 82
04-06 21:22:59.080 789-950/? V/WindowManager: rotationForOrientationLw(orient=1, last=0); user=0 USER_ROTATION_LOCKED sensorRotation=-1 mLidState=-1 mDockMode=0 mHdmiPlugged=false mMobileKeyboardEnabled=false displayId=0
04-06 21:22:59.080 365-451/? I/ThermalEngine: Sensor:tsens_tz_sensor8:80000 mC
04-06 21:22:59.080 1376-1376/? D/BatteryMeterView: ACTION_BATTERY_CHANGED : level:82 status:2 health:2
04-06 21:22:59.080 365-451/? I/ThermalEngine: Sensor:tsens_tz_sensor6:81000 mC
04-06 21:22:59.080 365-451/? I/ThermalEngine: Sensor:tsens_tz_sensor5:84000 mC
04-06 21:22:59.080 1376-1376/? D/BatteryMeterView: ACTION_BATTERY_CHANGED : level:82 status:2 health:2
04-06 21:22:59.080 1376-1376/? D/BatteryMeterView: ACTION_BATTERY_CHANGED : level:82 status:2 health:2
04-06 21:22:59.080 1674-1674/? D/PhoneApp: PhoneAppBroadcastReceiver onReceive android.intent.action.BATTERY_CHANGED
04-06 21:22:59.080 1376-1376/? D/KeyguardUpdateMonitor: handleBatteryUpdate
04-06 21:22:59.080 1376-1376/? D/SecKeyguardStatusUtils: regionalDateFormat = h:mm a isRTLlanguage = false returnDateFormat = E, d MMMM
04-06 21:22:59.090 314-314/? D/libEGL: eglTerminate EGLDisplay = 0xbef1235c
04-06 21:22:59.100 789-810/? V/AlarmManager:  remove PendingIntent] PendingIntent{2253be5: PendingIntentRecord{28eb179 com.android.phone broadcastIntent}}
04-06 21:22:59.100 1674-1674/? D/TelephonyExtension: Not stopping low battery tone
04-06 21:22:59.150 365-451/? I/ThermalEngine: Sensor:tsens_tz_sensor8:79000 mC
04-06 21:22:59.150 365-451/? I/ThermalEngine: Sensor:tsens_tz_sensor6:82000 mC
04-06 21:22:59.150 365-451/? I/ThermalEngine: Sensor:tsens_tz_sensor5:82000 mC
04-06 21:22:59.160 789-869/? W/ResourcesManager: getTopLevelResources: /system/priv-app/SecSettings/SecSettings.apk / 1.0 running in null rsrc of package null
04-06 21:22:59.170 789-869/? W/ResourcesManager: getTopLevelResources: /system/priv-app/SecMms_Candy_M/SecMms_Candy_M.apk / 1.0 running in null rsrc of package null
04-06 21:22:59.170 789-869/? W/ResourcesManager: getTopLevelResources: /system/priv-app/SecMms_Candy_M/SecMms_Candy_M.apk / 1.0 running in null rsrc of package null
04-06 21:22:59.170 789-869/? W/ResourcesManager: getTopLevelResources: /system/app/SPlanner_M_OS_UPG/SPlanner_M_OS_UPG.apk / 1.0 running in null rsrc of package null
04-06 21:22:59.180 9096-9096/? D/FirebaseApp: com.google.firebase.auth.FirebaseAuth is not linked. Skipping initialization.
04-06 21:22:59.180 1674-1688/? D/TP/SmsProvider: query,matched:0, calling pid = 8902
04-06 21:22:59.180 1674-1688/? D/TP/SmsProvider: query, match 0:Elapsed time : 1.232 ms
04-06 21:22:59.200 789-869/? W/ResourcesManager: getTopLevelResources: /system/app/SPlanner_M_OS_UPG/SPlanner_M_OS_UPG.apk / 1.0 running in null rsrc of package null
04-06 21:22:59.200 789-869/? W/ResourcesManager: getTopLevelResources: /system/app/InteractiveTutorial/InteractiveTutorial.apk / 1.0 running in null rsrc of package null
04-06 21:22:59.210 365-451/? I/ThermalEngine: Sensor:tsens_tz_sensor8:79000 mC
04-06 21:22:59.210 365-451/? I/ThermalEngine: Sensor:tsens_tz_sensor6:82000 mC
04-06 21:22:59.210 365-451/? I/ThermalEngine: Sensor:tsens_tz_sensor5:81000 mC
04-06 21:22:59.220 9096-9096/? D/FirebaseApp: com.google.firebase.crash.FirebaseCrash is not linked. Skipping initialization.
04-06 21:22:59.240 789-869/? W/ResourcesManager: getTopLevelResources: /system/app/InteractiveTutorial/InteractiveTutorial.apk / 1.0 running in null rsrc of package null
04-06 21:22:59.240 789-869/? W/ResourcesManager: getTopLevelResources: /system/app/AccuweatherPhone2014_K_MMR_fHD/AccuweatherPhone2014_K_MMR_fHD.apk / 1.0 running in null rsrc of package null
04-06 21:22:59.240 789-869/? W/ResourcesManager: getTopLevelResources: /system/app/AccuweatherPhone2014_K_MMR_fHD/AccuweatherPhone2014_K_MMR_fHD.apk / 1.0 running in null rsrc of package null
04-06 21:22:59.250 789-869/? W/ResourcesManager: getTopLevelResources: /data/app/com.vznavigator.Generic-1/base.apk / 1.0 running in null rsrc of package null
04-06 21:22:59.270 789-3012/? V/AlarmManager:  remove PendingIntent] PendingIntent{77d3147: PendingIntentRecord{93bcd74 com.asurion.android.verizon.vms broadcastIntent}}
04-06 21:22:59.270 9096-9096/? I/FirebaseInitProvider: FirebaseApp initialization successful
04-06 21:22:59.280 365-451/? I/ThermalEngine: Sensor:tsens_tz_sensor8:81000 mC
04-06 21:22:59.280 365-451/? I/ThermalEngine: Sensor:tsens_tz_sensor6:83000 mC
04-06 21:22:59.280 365-451/? I/ThermalEngine: Sensor:tsens_tz_sensor5:82000 mC
04-06 21:22:59.280 1674-4279/? W/ResourcesManager: getTopLevelResources: /system/priv-app/SecMms_Candy_M/SecMms_Candy_M.apk / 1.0 running in com.android.phone rsrc of package null
04-06 21:22:59.300 1674-4279/? D/TP/MmsProvider: query uri=content://mms, match=0, calling pid = 8902
04-06 21:22:59.310 1674-4279/? D/TP/MmsProvider: query uri=content://mms, match=0:Elapsed time : 6.953 ms
04-06 21:22:59.330 789-869/? W/ResourcesManager: getTopLevelResources: /data/app/com.vznavigator.Generic-1/base.apk / 1.0 running in null rsrc of package null
04-06 21:22:59.330 789-869/? W/ResourcesManager: getTopLevelResources: /data/app/com.android.chrome-2/base.apk / 1.0 running in null rsrc of package null
04-06 21:22:59.340 9096-9126/? W/ResourcesManager: getTopLevelResources: /data/app/com.asurion.android.verizon.vms-1/base.apk / 1.0 running in com.asurion.android.verizon.vms rsrc of package null
04-06 21:22:59.340 365-451/? I/ThermalEngine: Sensor:tsens_tz_sensor8:79000 mC
04-06 21:22:59.340 365-451/? I/ThermalEngine: Sensor:tsens_tz_sensor6:82000 mC
04-06 21:22:59.340 365-451/? I/ThermalEngine: Sensor:tsens_tz_sensor5:80000 mC
04-06 21:22:59.350 9096-9135/? W/System.err: remove failed: ENOENT (No such file or directory) : /data/user/0/com.asurion.android.verizon.vms/files/AppEventsLogger.persistedevents
04-06 21:22:59.360 9096-9126/? I/FA: App measurement is starting up, version: 11910
04-06 21:22:59.360 9096-9126/? I/FA: To enable debug logging run: adb shell setprop log.tag.FA VERBOSE
04-06 21:22:59.360 9096-9126/? I/FA: To enable faster debug mode event logging run:
      adb shell setprop debug.firebase.analytics.app com.asurion.android.verizon.vms
04-06 21:22:59.380 9096-9135/? W/ResourcesManager: getTopLevelResources: /data/app/com.google.android.gms-1/base.apk / 1.0 running in com.asurion.android.verizon.vms rsrc of package null
04-06 21:22:59.390 3275-8990/? I/HeavyExtractionTask: [#DCM#] Heavy task pausing due to policy request 
04-06 21:22:59.390 1674-1686/? D/TP/SmsProvider: query,matched:0, calling pid = 8902
04-06 21:22:59.400 1674-1686/? D/TP/SmsProvider: query, match 0:Elapsed time : 2.751 ms
04-06 21:22:59.410 365-451/? I/ThermalEngine: Sensor:tsens_tz_sensor8:79000 mC
04-06 21:22:59.410 365-451/? I/ThermalEngine: Sensor:tsens_tz_sensor6:83000 mC
04-06 21:22:59.410 365-451/? I/ThermalEngine: Sensor:tsens_tz_sensor5:82000 mC
04-06 21:22:59.410 789-4985/? W/ContextImpl: Calling a method in the system process without a qualified user: android.app.ContextImpl.sendBroadcast:834 com.absolute.android.persistservice.a.run:1244 java.lang.Thread.run:818 <bottom of call stack> <bottom of call stack> 
04-06 21:22:59.420 9096-9128/? I/System.out: (HTTPLog)-Static: isSBSettingEnabled false
04-06 21:22:59.420 9096-9128/? I/System.out: (HTTPLog)-Static: isSBSettingEnabled false
04-06 21:22:59.420 789-869/? W/ResourcesManager: getTopLevelResources: /data/app/com.android.chrome-2/base.apk / 1.0 running in null rsrc of package null
04-06 21:22:59.430 789-869/? W/ResourcesManager: getTopLevelResources: /data/app/com.sec.android.app.music-2/base.apk / 1.0 running in null rsrc of package null
04-06 21:22:59.440 789-4945/? D/M: limitCPUFreq:: freq = 1036800
04-06 21:22:59.440 789-4945/? D/CustomFrequencyManagerService: acquireDVFSLockLocked : type : DVFS_MAX_LIMIT  frequency : 1036800  uid : 1000  pid : 789  pkgName : SIOP_ARM_MAX@25
04-06 21:22:59.440 789-4945/? D/M: limitGPUFreq:: freq = 200000000
04-06 21:22:59.460 328-1227/? D/EnterpriseController: netId is 0
04-06 21:22:59.460 328-1227/? D/Netd: getNetworkForDns: using netid 503 for uid 10064
04-06 21:22:59.470 789-4945/? D/ConnectivityService: returning getNetworkInfo for network type 1 : [type: WIFI[] - WIFI, state: DISCONNECTED/DISCONNECTED, reason: (unspecified), extra: (none), roaming: false, failover: false, isAvailable: true]
04-06 21:22:59.470 365-451/? I/ThermalEngine: Sensor:tsens_tz_sensor8:82000 mC
04-06 21:22:59.470 365-451/? I/ThermalEngine: Sensor:tsens_tz_sensor6:81000 mC
04-06 21:22:59.470 365-451/? I/ThermalEngine: Sensor:tsens_tz_sensor5:81000 mC
04-06 21:22:59.480 789-869/? W/ResourcesManager: getTopLevelResources: /data/app/com.sec.android.app.music-2/base.apk / 1.0 running in null rsrc of package null
04-06 21:22:59.480 789-869/? W/ResourcesManager: getTopLevelResources: /data/app/com.google.android.gms-1/base.apk / 1.0 running in null rsrc of package null
04-06 21:22:59.490 789-869/? W/ResourcesManager: getTopLevelResources: /data/app/com.google.android.gms-1/base.apk / 1.0 running in null rsrc of package null
04-06 21:22:59.500 789-869/? W/ResourcesManager: getTopLevelResources: /data/app/com.google.android.apps.docs-1/base.apk / 1.0 running in null rsrc of package null
04-06 21:22:59.510 789-789/? D/EPDG -- [EPDGService]: onDataActivity: direction=2
04-06 21:22:59.510 1376-1376/? D/StatusBar.NetworkController: onDataActivity: direction=2
04-06 21:22:59.510 1376-1376/? D/StatusBar.NetworkController: updateDataIcon, mDataDirectionIconId = com.android.systemui:drawable/stat_sys_data_connected_4g_lte mDataConnected = true
04-06 21:22:59.540 1674-2748/? D/TP/MmsProvider: query uri=content://mms, match=0, calling pid = 8902
04-06 21:22:59.540 365-451/? I/ThermalEngine: Sensor:tsens_tz_sensor8:75000 mC
04-06 21:22:59.540 365-451/? I/ThermalEngine: Sensor:tsens_tz_sensor6:77000 mC
04-06 21:22:59.540 365-451/? I/ThermalEngine: Sensor:tsens_tz_sensor5:76000 mC
04-06 21:22:59.550 1674-2748/? D/TP/MmsProvider: query uri=content://mms, match=0:Elapsed time : 9.522 ms
04-06 21:22:59.600 365-451/? I/ThermalEngine: Sensor:tsens_tz_sensor8:73000 mC
04-06 21:22:59.600 365-451/? I/ThermalEngine: Sensor:tsens_tz_sensor6:75000 mC
04-06 21:22:59.600 365-451/? I/ThermalEngine: Sensor:tsens_tz_sensor5:75000 mC
